tusb_types.h:459:31:tu_desc_next	24	static
tusb_common.h:95:23:tu_u16_high	16	static
tusb_common.h:96:23:tu_u16_low	16	static
tusb_common.h:99:24:tu_min8	16	static
usbd.h:60:20:tud_ready	8	static
usbd_pvt.h:58:6:usbd_edpt_ready	16	static
hid_device.c:60:33:get_interface_by_itfnum	24	static
hid_device.c:73:6:tud_hid_ready	16	static
hid_device.c:80:6:tud_hid_report	24	static
hid_device.c:104:6:tud_hid_boot_mode	16	static
hid_device.c:113:6:tud_hid_keyboard_report	24	static
hid_device.c:133:6:tud_hid_mouse_report	32	static
hid_device.c:150:6:hidd_init	8	static
hid_device.c:155:6:hidd_reset	16	static
hid_device.c:161:6:hidd_open	64	static,ignoring_inline_asm
hid_device.c:203:6:hidd_control_request	48	static,ignoring_inline_asm
hid_device.c:298:6:hidd_control_complete	32	static,ignoring_inline_asm
hid_device.c:317:6:hidd_xfer_cb	32	static,ignoring_inline_asm
