Archive member included to satisfy reference by file (symbol)

/Applications/STM32CubeIDE.app/Contents/Eclipse/plugins/com.st.stm32cube.ide.mcu.externaltools.gnu-tools-for-stm32.7-2018-q2-update.macos64_1.0.0.201904181610/tools/bin/../lib/gcc/arm-none-eabi/7.3.1/../../../../arm-none-eabi/lib/thumb/v7-m/libc_nano.a(lib_a-errno.o)
                              Core/Src/syscalls.o (__errno)
/Applications/STM32CubeIDE.app/Contents/Eclipse/plugins/com.st.stm32cube.ide.mcu.externaltools.gnu-tools-for-stm32.7-2018-q2-update.macos64_1.0.0.201904181610/tools/bin/../lib/gcc/arm-none-eabi/7.3.1/../../../../arm-none-eabi/lib/thumb/v7-m/libc_nano.a(lib_a-exit.o)
                              /Applications/STM32CubeIDE.app/Contents/Eclipse/plugins/com.st.stm32cube.ide.mcu.externaltools.gnu-tools-for-stm32.7-2018-q2-update.macos64_1.0.0.201904181610/tools/bin/../lib/gcc/arm-none-eabi/7.3.1/../../../../arm-none-eabi/lib/thumb/v7-m/crt0.o (exit)
/Applications/STM32CubeIDE.app/Contents/Eclipse/plugins/com.st.stm32cube.ide.mcu.externaltools.gnu-tools-for-stm32.7-2018-q2-update.macos64_1.0.0.201904181610/tools/bin/../lib/gcc/arm-none-eabi/7.3.1/../../../../arm-none-eabi/lib/thumb/v7-m/libc_nano.a(lib_a-impure.o)
                              /Applications/STM32CubeIDE.app/Contents/Eclipse/plugins/com.st.stm32cube.ide.mcu.externaltools.gnu-tools-for-stm32.7-2018-q2-update.macos64_1.0.0.201904181610/tools/bin/../lib/gcc/arm-none-eabi/7.3.1/../../../../arm-none-eabi/lib/thumb/v7-m/libc_nano.a(lib_a-exit.o) (_global_impure_ptr)
/Applications/STM32CubeIDE.app/Contents/Eclipse/plugins/com.st.stm32cube.ide.mcu.externaltools.gnu-tools-for-stm32.7-2018-q2-update.macos64_1.0.0.201904181610/tools/bin/../lib/gcc/arm-none-eabi/7.3.1/../../../../arm-none-eabi/lib/thumb/v7-m/libc_nano.a(lib_a-init.o)
                              /Applications/STM32CubeIDE.app/Contents/Eclipse/plugins/com.st.stm32cube.ide.mcu.externaltools.gnu-tools-for-stm32.7-2018-q2-update.macos64_1.0.0.201904181610/tools/bin/../lib/gcc/arm-none-eabi/7.3.1/../../../../arm-none-eabi/lib/thumb/v7-m/crt0.o (__libc_init_array)
/Applications/STM32CubeIDE.app/Contents/Eclipse/plugins/com.st.stm32cube.ide.mcu.externaltools.gnu-tools-for-stm32.7-2018-q2-update.macos64_1.0.0.201904181610/tools/bin/../lib/gcc/arm-none-eabi/7.3.1/../../../../arm-none-eabi/lib/thumb/v7-m/libc_nano.a(lib_a-memset.o)
                              /Applications/STM32CubeIDE.app/Contents/Eclipse/plugins/com.st.stm32cube.ide.mcu.externaltools.gnu-tools-for-stm32.7-2018-q2-update.macos64_1.0.0.201904181610/tools/bin/../lib/gcc/arm-none-eabi/7.3.1/../../../../arm-none-eabi/lib/thumb/v7-m/crt0.o (memset)

Allocating common symbols
Common symbol       size              file

hUsbDeviceFS        0x2c4             USB_DEVICE/App/usb_device.o
hdma_usart2_rx      0x44              Core/Src/main.o
uwTick              0x4               Drivers/STM32F1xx_HAL_Driver/Src/stm32f1xx_hal.o
pFlash              0x20              Drivers/STM32F1xx_HAL_Driver/Src/stm32f1xx_hal_flash.o
UserRxBufferFS      0x200             USB_DEVICE/App/usbd_cdc_if.o
hdma_usart2_tx      0x44              Core/Src/main.o
UserTxBufferFS      0x200             USB_DEVICE/App/usbd_cdc_if.o
bufferpos           0x4               USB_DEVICE/App/usbd_cdc_if.o
huart2              0x40              Core/Src/main.o
hpcd_USB_FS         0x26c             USB_DEVICE/Target/usbd_conf.o
USBD_StrDesc        0x200             USB_DEVICE/App/usbd_desc.o
systick             0x4               Core/Src/main.o

Discarded input sections

 .text          0x0000000000000000        0x0 /Applications/STM32CubeIDE.app/Contents/Eclipse/plugins/com.st.stm32cube.ide.mcu.externaltools.gnu-tools-for-stm32.7-2018-q2-update.macos64_1.0.0.201904181610/tools/bin/../lib/gcc/arm-none-eabi/7.3.1/thumb/v7-m/crti.o
 .data          0x0000000000000000        0x0 /Applications/STM32CubeIDE.app/Contents/Eclipse/plugins/com.st.stm32cube.ide.mcu.externaltools.gnu-tools-for-stm32.7-2018-q2-update.macos64_1.0.0.201904181610/tools/bin/../lib/gcc/arm-none-eabi/7.3.1/thumb/v7-m/crti.o
 .bss           0x0000000000000000        0x0 /Applications/STM32CubeIDE.app/Contents/Eclipse/plugins/com.st.stm32cube.ide.mcu.externaltools.gnu-tools-for-stm32.7-2018-q2-update.macos64_1.0.0.201904181610/tools/bin/../lib/gcc/arm-none-eabi/7.3.1/thumb/v7-m/crti.o
 .data          0x0000000000000000        0x4 /Applications/STM32CubeIDE.app/Contents/Eclipse/plugins/com.st.stm32cube.ide.mcu.externaltools.gnu-tools-for-stm32.7-2018-q2-update.macos64_1.0.0.201904181610/tools/bin/../lib/gcc/arm-none-eabi/7.3.1/thumb/v7-m/crtbegin.o
 .text          0x0000000000000000       0x74 /Applications/STM32CubeIDE.app/Contents/Eclipse/plugins/com.st.stm32cube.ide.mcu.externaltools.gnu-tools-for-stm32.7-2018-q2-update.macos64_1.0.0.201904181610/tools/bin/../lib/gcc/arm-none-eabi/7.3.1/../../../../arm-none-eabi/lib/thumb/v7-m/crt0.o
[...]
Memory Configuration

Name             Origin             Length             Attributes
RAM              0x0000000020000000 0x0000000000005000 xrw
FLASH            0x0000000008000000 0x0000000000010000 xr
*default*        0x0000000000000000 0xffffffffffffffff

Linker script and memory map

LOAD /Applications/STM32CubeIDE.app/Contents/Eclipse/plugins/com.st.stm32cube.ide.mcu.externaltools.gnu-tools-for-stm32.7-2018-q2-update.macos64_1.0.0.201904181610/tools/bin/../lib/gcc/arm-none-eabi/7.3.1/thumb/v7-m/crti.o
LOAD /Applications/STM32CubeIDE.app/Contents/Eclipse/plugins/com.st.stm32cube.ide.mcu.externaltools.gnu-tools-for-stm32.7-2018-q2-update.macos64_1.0.0.201904181610/tools/bin/../lib/gcc/arm-none-eabi/7.3.1/thumb/v7-m/crtbegin.o
LOAD /Applications/STM32CubeIDE.app/Contents/Eclipse/plugins/com.st.stm32cube.ide.mcu.externaltools.gnu-tools-for-stm32.7-2018-q2-update.macos64_1.0.0.201904181610/tools/bin/../lib/gcc/arm-none-eabi/7.3.1/../../../../arm-none-eabi/lib/thumb/v7-m/crt0.o
LOAD Core/Src/main.o
LOAD Core/Src/stm32f1xx_hal_msp.o
LOAD Core/Src/stm32f1xx_it.o
LOAD Core/Src/syscalls.o
LOAD Core/Src/sysmem.o
LOAD Core/Src/system_stm32f1xx.o
LOAD Core/Startup/startup_stm32f103c8tx.o
LOAD Drivers/STM32F1xx_HAL_Driver/Src/stm32f1xx_hal.o
LOAD Drivers/STM32F1xx_HAL_Driver/Src/stm32f1xx_hal_cortex.o
LOAD Drivers/STM32F1xx_HAL_Driver/Src/stm32f1xx_hal_dma.o
LOAD Drivers/STM32F1xx_HAL_Driver/Src/stm32f1xx_hal_exti.o
LOAD Drivers/STM32F1xx_HAL_Driver/Src/stm32f1xx_hal_flash.o
LOAD Drivers/STM32F1xx_HAL_Driver/Src/stm32f1xx_hal_flash_ex.o
LOAD Drivers/STM32F1xx_HAL_Driver/Src/stm32f1xx_hal_gpio.o
LOAD Drivers/STM32F1xx_HAL_Driver/Src/stm32f1xx_hal_gpio_ex.o
LOAD Drivers/STM32F1xx_HAL_Driver/Src/stm32f1xx_hal_pcd.o
LOAD Drivers/STM32F1xx_HAL_Driver/Src/stm32f1xx_hal_pcd_ex.o
LOAD Drivers/STM32F1xx_HAL_Driver/Src/stm32f1xx_hal_pwr.o
LOAD Drivers/STM32F1xx_HAL_Driver/Src/stm32f1xx_hal_rcc.o
LOAD Drivers/STM32F1xx_HAL_Driver/Src/stm32f1xx_hal_rcc_ex.o
LOAD Drivers/STM32F1xx_HAL_Driver/Src/stm32f1xx_hal_tim.o
LOAD Drivers/STM32F1xx_HAL_Driver/Src/stm32f1xx_hal_tim_ex.o
LOAD Drivers/STM32F1xx_HAL_Driver/Src/stm32f1xx_hal_uart.o
LOAD Drivers/STM32F1xx_HAL_Driver/Src/stm32f1xx_ll_usb.o
LOAD Middlewares/ST/STM32_USB_Device_Library/Class/CDC/Src/usbd_cdc.o
LOAD Middlewares/ST/STM32_USB_Device_Library/Core/Src/usbd_core.o
LOAD Middlewares/ST/STM32_USB_Device_Library/Core/Src/usbd_ctlreq.o
LOAD Middlewares/ST/STM32_USB_Device_Library/Core/Src/usbd_ioreq.o
LOAD USB_DEVICE/App/usb_device.o
LOAD USB_DEVICE/App/usbd_cdc_if.o
LOAD USB_DEVICE/App/usbd_desc.o
LOAD USB_DEVICE/Target/usbd_conf.o
START GROUP
LOAD /Applications/STM32CubeIDE.app/Contents/Eclipse/plugins/com.st.stm32cube.ide.mcu.externaltools.gnu-tools-for-stm32.7-2018-q2-update.macos64_1.0.0.201904181610/tools/bin/../lib/gcc/arm-none-eabi/7.3.1/../../../../arm-none-eabi/lib/thumb/v7-m/libstdc++_nano.a
LOAD /Applications/STM32CubeIDE.app/Contents/Eclipse/plugins/com.st.stm32cube.ide.mcu.externaltools.gnu-tools-for-stm32.7-2018-q2-update.macos64_1.0.0.201904181610/tools/bin/../lib/gcc/arm-none-eabi/7.3.1/../../../../arm-none-eabi/lib/thumb/v7-m/libsupc++_nano.a
END GROUP
LOAD /Applications/STM32CubeIDE.app/Contents/Eclipse/plugins/com.st.stm32cube.ide.mcu.externaltools.gnu-tools-for-stm32.7-2018-q2-update.macos64_1.0.0.201904181610/tools/bin/../lib/gcc/arm-none-eabi/7.3.1/../../../../arm-none-eabi/lib/thumb/v7-m/libstdc++_nano.a
LOAD /Applications/STM32CubeIDE.app/Contents/Eclipse/plugins/com.st.stm32cube.ide.mcu.externaltools.gnu-tools-for-stm32.7-2018-q2-update.macos64_1.0.0.201904181610/tools/bin/../lib/gcc/arm-none-eabi/7.3.1/../../../../arm-none-eabi/lib/thumb/v7-m/libm.a
LOAD /Applications/STM32CubeIDE.app/Contents/Eclipse/plugins/com.st.stm32cube.ide.mcu.externaltools.gnu-tools-for-stm32.7-2018-q2-update.macos64_1.0.0.201904181610/tools/bin/../lib/gcc/arm-none-eabi/7.3.1/../../../../arm-none-eabi/lib/thumb/v7-m/libc_nano.a
START GROUP
LOAD /Applications/STM32CubeIDE.app/Contents/Eclipse/plugins/com.st.stm32cube.ide.mcu.externaltools.gnu-tools-for-stm32.7-2018-q2-update.macos64_1.0.0.201904181610/tools/bin/../lib/gcc/arm-none-eabi/7.3.1/thumb/v7-m/libgcc.a
LOAD /Applications/STM32CubeIDE.app/Contents/Eclipse/plugins/com.st.stm32cube.ide.mcu.externaltools.gnu-tools-for-stm32.7-2018-q2-update.macos64_1.0.0.201904181610/tools/bin/../lib/gcc/arm-none-eabi/7.3.1/../../../../arm-none-eabi/lib/thumb/v7-m/libc_nano.a
END GROUP
START GROUP
LOAD /Applications/STM32CubeIDE.app/Contents/Eclipse/plugins/com.st.stm32cube.ide.mcu.externaltools.gnu-tools-for-stm32.7-2018-q2-update.macos64_1.0.0.201904181610/tools/bin/../lib/gcc/arm-none-eabi/7.3.1/thumb/v7-m/libgcc.a
LOAD /Applications/STM32CubeIDE.app/Contents/Eclipse/plugins/com.st.stm32cube.ide.mcu.externaltools.gnu-tools-for-stm32.7-2018-q2-update.macos64_1.0.0.201904181610/tools/bin/../lib/gcc/arm-none-eabi/7.3.1/../../../../arm-none-eabi/lib/thumb/v7-m/libc_nano.a
LOAD /Applications/STM32CubeIDE.app/Contents/Eclipse/plugins/com.st.stm32cube.ide.mcu.externaltools.gnu-tools-for-stm32.7-2018-q2-update.macos64_1.0.0.201904181610/tools/bin/../lib/gcc/arm-none-eabi/7.3.1/../../../../arm-none-eabi/lib/thumb/v7-m/libnosys.a
END GROUP
START GROUP
LOAD /Applications/STM32CubeIDE.app/Contents/Eclipse/plugins/com.st.stm32cube.ide.mcu.externaltools.gnu-tools-for-stm32.7-2018-q2-update.macos64_1.0.0.201904181610/tools/bin/../lib/gcc/arm-none-eabi/7.3.1/thumb/v7-m/libgcc.a
LOAD /Applications/STM32CubeIDE.app/Contents/Eclipse/plugins/com.st.stm32cube.ide.mcu.externaltools.gnu-tools-for-stm32.7-2018-q2-update.macos64_1.0.0.201904181610/tools/bin/../lib/gcc/arm-none-eabi/7.3.1/../../../../arm-none-eabi/lib/thumb/v7-m/libc_nano.a
LOAD /Applications/STM32CubeIDE.app/Contents/Eclipse/plugins/com.st.stm32cube.ide.mcu.externaltools.gnu-tools-for-stm32.7-2018-q2-update.macos64_1.0.0.201904181610/tools/bin/../lib/gcc/arm-none-eabi/7.3.1/../../../../arm-none-eabi/lib/thumb/v7-m/libnosys.a
END GROUP
LOAD /Applications/STM32CubeIDE.app/Contents/Eclipse/plugins/com.st.stm32cube.ide.mcu.externaltools.gnu-tools-for-stm32.7-2018-q2-update.macos64_1.0.0.201904181610/tools/bin/../lib/gcc/arm-none-eabi/7.3.1/thumb/v7-m/crtend.o
LOAD /Applications/STM32CubeIDE.app/Contents/Eclipse/plugins/com.st.stm32cube.ide.mcu.externaltools.gnu-tools-for-stm32.7-2018-q2-update.macos64_1.0.0.201904181610/tools/bin/../lib/gcc/arm-none-eabi/7.3.1/thumb/v7-m/crtn.o
                0x0000000020005000                _estack = (ORIGIN (RAM) + LENGTH (RAM))
                0x0000000000000200                _Min_Heap_Size = 0x200
                0x0000000000000400                _Min_Stack_Size = 0x400

.isr_vector     0x0000000008000000      0x10c
                0x0000000008000000                . = ALIGN (0x4)
 *(.isr_vector)
 .isr_vector    0x0000000008000000      0x10c Core/Startup/startup_stm32f103c8tx.o
                0x0000000008000000                g_pfnVectors
                0x000000000800010c                . = ALIGN (0x4)

.text           0x000000000800010c     0x6cc4
                0x000000000800010c                . = ALIGN (0x4)
 *(.text)
 .text          0x000000000800010c       0x40 /Applications/STM32CubeIDE.app/Contents/Eclipse/plugins/com.st.stm32cube.ide.mcu.externaltools.gnu-tools-for-stm32.7-2018-q2-update.macos64_1.0.0.201904181610/tools/bin/../lib/gcc/arm-none-eabi/7.3.1/thumb/v7-m/crtbegin.o
 *(.text*)
 .text.main     0x000000000800014c       0x80 Core/Src/main.o
                0x000000000800014c                main
 .text.SystemClock_Config
                0x00000000080001cc       0xb4 Core/Src/main.o
                0x00000000080001cc                SystemClock_Config
 .text.MX_USART2_UART_Init
                0x0000000008000280        0xc Core/Src/main.o
 .text.MX_DMA_Init
                0x000000000800028c       0x4c Core/Src/main.o
 .text.MX_GPIO_Init
                0x00000000080002d8       0x7c Core/Src/main.o
 .text.Error_Handler
                0x0000000008000354        0xc Core/Src/main.o
                0x0000000008000354                Error_Handler
 .text.HAL_MspInit
                0x0000000008000360       0xac Core/Src/stm32f1xx_hal_msp.o
                0x0000000008000360                HAL_MspInit
 .text.HAL_UART_MspInit
                0x000000000800040c      0x160 Core/Src/stm32f1xx_hal_msp.o
                0x000000000800040c                HAL_UART_MspInit
 .text.HAL_UART_MspDeInit
                0x000000000800056c       0x54 Core/Src/stm32f1xx_hal_msp.o
                0x000000000800056c                HAL_UART_MspDeInit
 .text.NMI_Handler
                0x00000000080005c0        0xc Core/Src/stm32f1xx_it.o
                0x00000000080005c0                NMI_Handler
 .text.HardFault_Handler
                0x00000000080005cc        0x6 Core/Src/stm32f1xx_it.o
                0x00000000080005cc                HardFault_Handler
 .text.MemManage_Handler
                0x00000000080005d2        0x6 Core/Src/stm32f1xx_it.o
                0x00000000080005d2                MemManage_Handler
 .text.BusFault_Handler
                0x00000000080005d8        0x6 Core/Src/stm32f1xx_it.o
                0x00000000080005d8                BusFault_Handler
 .text.UsageFault_Handler
                0x00000000080005de        0x6 Core/Src/stm32f1xx_it.o
                0x00000000080005de                UsageFault_Handler
 .text.SVC_Handler
                0x00000000080005e4        0xc Core/Src/stm32f1xx_it.o
                0x00000000080005e4                SVC_Handler
 .text.DebugMon_Handler
                0x00000000080005f0        0xc Core/Src/stm32f1xx_it.o
                0x00000000080005f0                DebugMon_Handler
 .text.PendSV_Handler
                0x00000000080005fc        0xc Core/Src/stm32f1xx_it.o
                0x00000000080005fc                PendSV_Handler
 .text.SysTick_Handler
                0x0000000008000608       0x18 Core/Src/stm32f1xx_it.o
                0x0000000008000608                SysTick_Handler
 .text.DMA1_Channel6_IRQHandler
                0x0000000008000620       0x14 Core/Src/stm32f1xx_it.o
                0x0000000008000620                DMA1_Channel6_IRQHandler
 .text.DMA1_Channel7_IRQHandler
                0x0000000008000634       0x14 Core/Src/stm32f1xx_it.o
                0x0000000008000634                DMA1_Channel7_IRQHandler
 .text.USB_LP_CAN1_RX0_IRQHandler
                0x0000000008000648       0x14 Core/Src/stm32f1xx_it.o
                0x0000000008000648                USB_LP_CAN1_RX0_IRQHandler
 .text.USART2_IRQHandler
                0x000000000800065c       0x14 Core/Src/stm32f1xx_it.o
                0x000000000800065c                USART2_IRQHandler
 .text.SystemInit
                0x0000000008000670       0x68 Core/Src/system_stm32f1xx.o
                0x0000000008000670                SystemInit
 .text.Reset_Handler
                0x00000000080006d8       0x48 Core/Startup/startup_stm32f103c8tx.o
                0x00000000080006d8                Reset_Handler
 .text.Default_Handler
                0x0000000008000720        0x2 Core/Startup/startup_stm32f103c8tx.o
                0x0000000008000720                USBWakeUp_IRQHandler
                0x0000000008000720                EXTI2_IRQHandler
                0x0000000008000720                TIM1_CC_IRQHandler
                0x0000000008000720                PVD_IRQHandler
                0x0000000008000720                EXTI3_IRQHandler
                0x0000000008000720                EXTI0_IRQHandler
                0x0000000008000720                I2C2_EV_IRQHandler
                0x0000000008000720                ADC1_2_IRQHandler
                0x0000000008000720                SPI1_IRQHandler
                0x0000000008000720                TAMPER_IRQHandler
                0x0000000008000720                DMA1_Channel4_IRQHandler
                0x0000000008000720                USART3_IRQHandler
                0x0000000008000720                RTC_IRQHandler
                0x0000000008000720                CAN1_RX1_IRQHandler
                0x0000000008000720                TIM4_IRQHandler
                0x0000000008000720                I2C1_EV_IRQHandler
                0x0000000008000720                TIM3_IRQHandler
                0x0000000008000720                RCC_IRQHandler
                0x0000000008000720                TIM1_TRG_COM_IRQHandler
                0x0000000008000720                DMA1_Channel1_IRQHandler
                0x0000000008000720                Default_Handler
                0x0000000008000720                EXTI15_10_IRQHandler
                0x0000000008000720                EXTI9_5_IRQHandler
                0x0000000008000720                SPI2_IRQHandler
                0x0000000008000720                DMA1_Channel5_IRQHandler
                0x0000000008000720                EXTI4_IRQHandler
                0x0000000008000720                USB_HP_CAN1_TX_IRQHandler
                0x0000000008000720                DMA1_Channel3_IRQHandler
                0x0000000008000720                TIM1_UP_IRQHandler
                0x0000000008000720                WWDG_IRQHandler
                0x0000000008000720                TIM2_IRQHandler
                0x0000000008000720                TIM1_BRK_IRQHandler
                0x0000000008000720                EXTI1_IRQHandler
                0x0000000008000720                I2C2_ER_IRQHandler
                0x0000000008000720                DMA1_Channel2_IRQHandler
                0x0000000008000720                CAN1_SCE_IRQHandler
                0x0000000008000720                FLASH_IRQHandler
                0x0000000008000720                USART1_IRQHandler
                0x0000000008000720                I2C1_ER_IRQHandler
                0x0000000008000720                RTC_Alarm_IRQHandler
 *fill*         0x0000000008000722        0x2 
 .text.HAL_Init
                0x0000000008000724       0x2c Drivers/STM32F1xx_HAL_Driver/Src/stm32f1xx_hal.o
                0x0000000008000724                HAL_Init
 .text.HAL_InitTick
                0x0000000008000750       0x60 Drivers/STM32F1xx_HAL_Driver/Src/stm32f1xx_hal.o
                0x0000000008000750                HAL_InitTick
 .text.HAL_IncTick
                0x00000000080007b0       0x24 Drivers/STM32F1xx_HAL_Driver/Src/stm32f1xx_hal.o
                0x00000000080007b0                HAL_IncTick
 .text.HAL_GetTick
                0x00000000080007d4       0x14 Drivers/STM32F1xx_HAL_Driver/Src/stm32f1xx_hal.o
                0x00000000080007d4                HAL_GetTick
 .text.__NVIC_SetPriorityGrouping
                0x00000000080007e8       0x48 Drivers/STM32F1xx_HAL_Driver/Src/stm32f1xx_hal_cortex.o
 .text.__NVIC_GetPriorityGrouping
                0x0000000008000830       0x1c Drivers/STM32F1xx_HAL_Driver/Src/stm32f1xx_hal_cortex.o
 .text.__NVIC_EnableIRQ
                0x000000000800084c       0x38 Drivers/STM32F1xx_HAL_Driver/Src/stm32f1xx_hal_cortex.o
 .text.__NVIC_DisableIRQ
                0x0000000008000884       0x44 Drivers/STM32F1xx_HAL_Driver/Src/stm32f1xx_hal_cortex.o
 .text.__NVIC_SetPriority
                0x00000000080008c8       0x54 Drivers/STM32F1xx_HAL_Driver/Src/stm32f1xx_hal_cortex.o
 .text.NVIC_EncodePriority
                0x000000000800091c       0x64 Drivers/STM32F1xx_HAL_Driver/Src/stm32f1xx_hal_cortex.o
 .text.SysTick_Config
                0x0000000008000980       0x44 Drivers/STM32F1xx_HAL_Driver/Src/stm32f1xx_hal_cortex.o
 .text.HAL_NVIC_SetPriorityGrouping
                0x00000000080009c4       0x16 Drivers/STM32F1xx_HAL_Driver/Src/stm32f1xx_hal_cortex.o
                0x00000000080009c4                HAL_NVIC_SetPriorityGrouping
 .text.HAL_NVIC_SetPriority
                0x00000000080009da       0x38 Drivers/STM32F1xx_HAL_Driver/Src/stm32f1xx_hal_cortex.o
                0x00000000080009da                HAL_NVIC_SetPriority
 .text.HAL_NVIC_EnableIRQ
                0x0000000008000a12       0x1c Drivers/STM32F1xx_HAL_Driver/Src/stm32f1xx_hal_cortex.o
                0x0000000008000a12                HAL_NVIC_EnableIRQ
 .text.HAL_NVIC_DisableIRQ
                0x0000000008000a2e       0x1c Drivers/STM32F1xx_HAL_Driver/Src/stm32f1xx_hal_cortex.o
                0x0000000008000a2e                HAL_NVIC_DisableIRQ
 .text.HAL_SYSTICK_Config
                0x0000000008000a4a       0x18 Drivers/STM32F1xx_HAL_Driver/Src/stm32f1xx_hal_cortex.o
                0x0000000008000a4a                HAL_SYSTICK_Config
 *fill*         0x0000000008000a62        0x2 
 .text.HAL_DMA_Init
                0x0000000008000a64       0xb4 Drivers/STM32F1xx_HAL_Driver/Src/stm32f1xx_hal_dma.o
                0x0000000008000a64                HAL_DMA_Init
 .text.HAL_DMA_DeInit
                0x0000000008000b18       0xb8 Drivers/STM32F1xx_HAL_Driver/Src/stm32f1xx_hal_dma.o
                0x0000000008000b18                HAL_DMA_DeInit
 .text.HAL_DMA_Start_IT
                0x0000000008000bd0       0xbe Drivers/STM32F1xx_HAL_Driver/Src/stm32f1xx_hal_dma.o
                0x0000000008000bd0                HAL_DMA_Start_IT
 .text.HAL_DMA_Abort
                0x0000000008000c8e       0x74 Drivers/STM32F1xx_HAL_Driver/Src/stm32f1xx_hal_dma.o
                0x0000000008000c8e                HAL_DMA_Abort
 *fill*         0x0000000008000d02        0x2 
 .text.HAL_DMA_Abort_IT
                0x0000000008000d04       0xec Drivers/STM32F1xx_HAL_Driver/Src/stm32f1xx_hal_dma.o
                0x0000000008000d04                HAL_DMA_Abort_IT
 .text.HAL_DMA_IRQHandler
                0x0000000008000df0      0x20c Drivers/STM32F1xx_HAL_Driver/Src/stm32f1xx_hal_dma.o
                0x0000000008000df0                HAL_DMA_IRQHandler
 .text.HAL_DMA_GetError
                0x0000000008000ffc       0x16 Drivers/STM32F1xx_HAL_Driver/Src/stm32f1xx_hal_dma.o
                0x0000000008000ffc                HAL_DMA_GetError
 .text.DMA_SetConfig
                0x0000000008001012       0x5a Drivers/STM32F1xx_HAL_Driver/Src/stm32f1xx_hal_dma.o
 .text.HAL_GPIO_Init
                0x000000000800106c      0x2b4 Drivers/STM32F1xx_HAL_Driver/Src/stm32f1xx_hal_gpio.o
                0x000000000800106c                HAL_GPIO_Init
 .text.HAL_GPIO_DeInit
                0x0000000008001320      0x178 Drivers/STM32F1xx_HAL_Driver/Src/stm32f1xx_hal_gpio.o
                0x0000000008001320                HAL_GPIO_DeInit
 .text.HAL_GPIO_WritePin
                0x0000000008001498       0x30 Drivers/STM32F1xx_HAL_Driver/Src/stm32f1xx_hal_gpio.o
                0x0000000008001498                HAL_GPIO_WritePin
 .text.HAL_PCD_Init
                0x00000000080014c8      0x1c2 Drivers/STM32F1xx_HAL_Driver/Src/stm32f1xx_hal_pcd.o
                0x00000000080014c8                HAL_PCD_Init
 .text.HAL_PCD_Start
                0x000000000800168a       0x4c Drivers/STM32F1xx_HAL_Driver/Src/stm32f1xx_hal_pcd.o
                0x000000000800168a                HAL_PCD_Start
 .text.HAL_PCD_IRQHandler
                0x00000000080016d6      0x21c Drivers/STM32F1xx_HAL_Driver/Src/stm32f1xx_hal_pcd.o
                0x00000000080016d6                HAL_PCD_IRQHandler
 .text.HAL_PCD_SetAddress
                0x00000000080018f2       0x4a Drivers/STM32F1xx_HAL_Driver/Src/stm32f1xx_hal_pcd.o
                0x00000000080018f2                HAL_PCD_SetAddress
 .text.HAL_PCD_EP_Open
                0x000000000800193c       0xc0 Drivers/STM32F1xx_HAL_Driver/Src/stm32f1xx_hal_pcd.o
                0x000000000800193c                HAL_PCD_EP_Open
 .text.HAL_PCD_EP_Close
                0x00000000080019fc       0x84 Drivers/STM32F1xx_HAL_Driver/Src/stm32f1xx_hal_pcd.o
                0x00000000080019fc                HAL_PCD_EP_Close
 .text.HAL_PCD_EP_Receive
                0x0000000008001a80       0x74 Drivers/STM32F1xx_HAL_Driver/Src/stm32f1xx_hal_pcd.o
                0x0000000008001a80                HAL_PCD_EP_Receive
 .text.HAL_PCD_EP_GetRxCount
                0x0000000008001af4       0x28 Drivers/STM32F1xx_HAL_Driver/Src/stm32f1xx_hal_pcd.o
                0x0000000008001af4                HAL_PCD_EP_GetRxCount
 .text.HAL_PCD_EP_Transmit
                0x0000000008001b1c       0x72 Drivers/STM32F1xx_HAL_Driver/Src/stm32f1xx_hal_pcd.o
                0x0000000008001b1c                HAL_PCD_EP_Transmit
 .text.HAL_PCD_EP_SetStall
                0x0000000008001b8e       0xb4 Drivers/STM32F1xx_HAL_Driver/Src/stm32f1xx_hal_pcd.o
                0x0000000008001b8e                HAL_PCD_EP_SetStall
 .text.HAL_PCD_EP_ClrStall
                0x0000000008001c42       0x9c Drivers/STM32F1xx_HAL_Driver/Src/stm32f1xx_hal_pcd.o
                0x0000000008001c42                HAL_PCD_EP_ClrStall
 *fill*         0x0000000008001cde        0x2 
 .text.PCD_EP_ISR_Handler
                0x0000000008001ce0      0x534 Drivers/STM32F1xx_HAL_Driver/Src/stm32f1xx_hal_pcd.o
 .text.HAL_PCDEx_PMAConfig
                0x0000000008002214       0x78 Drivers/STM32F1xx_HAL_Driver/Src/stm32f1xx_hal_pcd_ex.o
                0x0000000008002214                HAL_PCDEx_PMAConfig
 .text.HAL_RCC_OscConfig
                0x000000000800228c      0x500 Drivers/STM32F1xx_HAL_Driver/Src/stm32f1xx_hal_rcc.o
                0x000000000800228c                HAL_RCC_OscConfig
 .text.HAL_RCC_ClockConfig
                0x000000000800278c      0x1d4 Drivers/STM32F1xx_HAL_Driver/Src/stm32f1xx_hal_rcc.o
                0x000000000800278c                HAL_RCC_ClockConfig
 .text.HAL_RCC_GetSysClockFreq
                0x0000000008002960       0xc4 Drivers/STM32F1xx_HAL_Driver/Src/stm32f1xx_hal_rcc.o
                0x0000000008002960                HAL_RCC_GetSysClockFreq
 .text.HAL_RCC_GetHCLKFreq
                0x0000000008002a24       0x14 Drivers/STM32F1xx_HAL_Driver/Src/stm32f1xx_hal_rcc.o
                0x0000000008002a24                HAL_RCC_GetHCLKFreq
 .text.HAL_RCC_GetPCLK1Freq
                0x0000000008002a38       0x28 Drivers/STM32F1xx_HAL_Driver/Src/stm32f1xx_hal_rcc.o
                0x0000000008002a38                HAL_RCC_GetPCLK1Freq
 .text.HAL_RCC_GetPCLK2Freq
                0x0000000008002a60       0x28 Drivers/STM32F1xx_HAL_Driver/Src/stm32f1xx_hal_rcc.o
                0x0000000008002a60                HAL_RCC_GetPCLK2Freq
 .text.RCC_Delay
                0x0000000008002a88       0x3c Drivers/STM32F1xx_HAL_Driver/Src/stm32f1xx_hal_rcc.o
 .text.HAL_RCCEx_PeriphCLKConfig
                0x0000000008002ac4      0x16c Drivers/STM32F1xx_HAL_Driver/Src/stm32f1xx_hal_rcc_ex.o
                0x0000000008002ac4                HAL_RCCEx_PeriphCLKConfig
 .text.HAL_UART_Init
                0x0000000008002c30       0x9a Drivers/STM32F1xx_HAL_Driver/Src/stm32f1xx_hal_uart.o
                0x0000000008002c30                HAL_UART_Init
 .text.HAL_UART_DeInit
                0x0000000008002cca       0x58 Drivers/STM32F1xx_HAL_Driver/Src/stm32f1xx_hal_uart.o
                0x0000000008002cca                HAL_UART_DeInit
 *fill*         0x0000000008002d22        0x2 
 .text.HAL_UART_Transmit_DMA
                0x0000000008002d24       0xd8 Drivers/STM32F1xx_HAL_Driver/Src/stm32f1xx_hal_uart.o
                0x0000000008002d24                HAL_UART_Transmit_DMA
 .text.HAL_UART_Receive_DMA
                0x0000000008002dfc      0x100 Drivers/STM32F1xx_HAL_Driver/Src/stm32f1xx_hal_uart.o
                0x0000000008002dfc                HAL_UART_Receive_DMA
 .text.HAL_UART_AbortReceive
                0x0000000008002efc       0x98 Drivers/STM32F1xx_HAL_Driver/Src/stm32f1xx_hal_uart.o
                0x0000000008002efc                HAL_UART_AbortReceive
 .text.HAL_UART_IRQHandler
                0x0000000008002f94      0x1f8 Drivers/STM32F1xx_HAL_Driver/Src/stm32f1xx_hal_uart.o
                0x0000000008002f94                HAL_UART_IRQHandler
 .text.HAL_UART_TxHalfCpltCallback
                0x000000000800318c       0x12 Drivers/STM32F1xx_HAL_Driver/Src/stm32f1xx_hal_uart.o
                0x000000000800318c                HAL_UART_TxHalfCpltCallback
 .text.HAL_UART_ErrorCallback
                0x000000000800319e       0x12 Drivers/STM32F1xx_HAL_Driver/Src/stm32f1xx_hal_uart.o
                0x000000000800319e                HAL_UART_ErrorCallback
 .text.UART_DMATransmitCplt
                0x00000000080031b0       0x52 Drivers/STM32F1xx_HAL_Driver/Src/stm32f1xx_hal_uart.o
 .text.UART_DMATxHalfCplt
                0x0000000008003202       0x1c Drivers/STM32F1xx_HAL_Driver/Src/stm32f1xx_hal_uart.o
 .text.UART_DMAReceiveCplt
                0x000000000800321e       0x68 Drivers/STM32F1xx_HAL_Driver/Src/stm32f1xx_hal_uart.o
 .text.UART_DMARxHalfCplt
                0x0000000008003286       0x1c Drivers/STM32F1xx_HAL_Driver/Src/stm32f1xx_hal_uart.o
 .text.UART_DMAError
                0x00000000080032a2       0x94 Drivers/STM32F1xx_HAL_Driver/Src/stm32f1xx_hal_uart.o
 .text.UART_EndTxTransfer
                0x0000000008003336       0x2a Drivers/STM32F1xx_HAL_Driver/Src/stm32f1xx_hal_uart.o
 .text.UART_EndRxTransfer
                0x0000000008003360       0x3a Drivers/STM32F1xx_HAL_Driver/Src/stm32f1xx_hal_uart.o
 .text.UART_DMAAbortOnError
                0x000000000800339a       0x28 Drivers/STM32F1xx_HAL_Driver/Src/stm32f1xx_hal_uart.o
 .text.UART_Transmit_IT
                0x00000000080033c2       0xaa Drivers/STM32F1xx_HAL_Driver/Src/stm32f1xx_hal_uart.o
 .text.UART_EndTransmit_IT
                0x000000000800346c       0x30 Drivers/STM32F1xx_HAL_Driver/Src/stm32f1xx_hal_uart.o
 .text.UART_Receive_IT
                0x000000000800349c      0x102 Drivers/STM32F1xx_HAL_Driver/Src/stm32f1xx_hal_uart.o
 *fill*         0x000000000800359e        0x2 
 .text.UART_SetConfig
                0x00000000080035a0      0x1b4 Drivers/STM32F1xx_HAL_Driver/Src/stm32f1xx_hal_uart.o
 .text.USB_CoreInit
                0x0000000008003754       0x20 Drivers/STM32F1xx_HAL_Driver/Src/stm32f1xx_ll_usb.o
                0x0000000008003754                USB_CoreInit
 .text.USB_EnableGlobalInt
                0x0000000008003774       0x2e Drivers/STM32F1xx_HAL_Driver/Src/stm32f1xx_ll_usb.o
                0x0000000008003774                USB_EnableGlobalInt
 .text.USB_DisableGlobalInt
                0x00000000080037a2       0x38 Drivers/STM32F1xx_HAL_Driver/Src/stm32f1xx_ll_usb.o
                0x00000000080037a2                USB_DisableGlobalInt
 .text.USB_SetCurrentMode
                0x00000000080037da       0x18 Drivers/STM32F1xx_HAL_Driver/Src/stm32f1xx_ll_usb.o
                0x00000000080037da                USB_SetCurrentMode
 .text.USB_DevInit
                0x00000000080037f2       0x48 Drivers/STM32F1xx_HAL_Driver/Src/stm32f1xx_ll_usb.o
                0x00000000080037f2                USB_DevInit
 *fill*         0x000000000800383a        0x2 
 .text.USB_ActivateEndpoint
                0x000000000800383c      0x5dc Drivers/STM32F1xx_HAL_Driver/Src/stm32f1xx_ll_usb.o
                0x000000000800383c                USB_ActivateEndpoint
 .text.USB_DeactivateEndpoint
                0x0000000008003e18      0x32c Drivers/STM32F1xx_HAL_Driver/Src/stm32f1xx_ll_usb.o
                0x0000000008003e18                USB_DeactivateEndpoint
 .text.USB_EPStartXfer
                0x0000000008004144      0x570 Drivers/STM32F1xx_HAL_Driver/Src/stm32f1xx_ll_usb.o
                0x0000000008004144                USB_EPStartXfer
 .text.USB_EPSetStall
                0x00000000080046b4       0x84 Drivers/STM32F1xx_HAL_Driver/Src/stm32f1xx_ll_usb.o
                0x00000000080046b4                USB_EPSetStall
 .text.USB_EPClearStall
                0x0000000008004738      0x128 Drivers/STM32F1xx_HAL_Driver/Src/stm32f1xx_ll_usb.o
                0x0000000008004738                USB_EPClearStall
 .text.USB_SetDevAddress
                0x0000000008004860       0x26 Drivers/STM32F1xx_HAL_Driver/Src/stm32f1xx_ll_usb.o
                0x0000000008004860                USB_SetDevAddress
 .text.USB_DevConnect
                0x0000000008004886       0x14 Drivers/STM32F1xx_HAL_Driver/Src/stm32f1xx_ll_usb.o
                0x0000000008004886                USB_DevConnect
 .text.USB_DevDisconnect
                0x000000000800489a       0x14 Drivers/STM32F1xx_HAL_Driver/Src/stm32f1xx_ll_usb.o
                0x000000000800489a                USB_DevDisconnect
 .text.USB_ReadInterrupts
                0x00000000080048ae       0x1e Drivers/STM32F1xx_HAL_Driver/Src/stm32f1xx_ll_usb.o
                0x00000000080048ae                USB_ReadInterrupts
 .text.USB_EP0_OutStart
                0x00000000080048cc       0x16 Drivers/STM32F1xx_HAL_Driver/Src/stm32f1xx_ll_usb.o
                0x00000000080048cc                USB_EP0_OutStart
 .text.USB_WritePMA
                0x00000000080048e2       0x88 Drivers/STM32F1xx_HAL_Driver/Src/stm32f1xx_ll_usb.o
                0x00000000080048e2                USB_WritePMA
 .text.USB_ReadPMA
                0x000000000800496a       0x9e Drivers/STM32F1xx_HAL_Driver/Src/stm32f1xx_ll_usb.o
                0x000000000800496a                USB_ReadPMA
 .text.USBD_CDC_Init
                0x0000000008004a08       0xf4 Middlewares/ST/STM32_USB_Device_Library/Class/CDC/Src/usbd_cdc.o
 .text.USBD_CDC_DeInit
                0x0000000008004afc       0x6e Middlewares/ST/STM32_USB_Device_Library/Class/CDC/Src/usbd_cdc.o
 .text.USBD_CDC_Setup
                0x0000000008004b6a      0x140 Middlewares/ST/STM32_USB_Device_Library/Class/CDC/Src/usbd_cdc.o
 .text.USBD_CDC_DataIn
                0x0000000008004caa       0xa0 Middlewares/ST/STM32_USB_Device_Library/Class/CDC/Src/usbd_cdc.o
 .text.USBD_CDC_DataOut
                0x0000000008004d4a       0x56 Middlewares/ST/STM32_USB_Device_Library/Class/CDC/Src/usbd_cdc.o
 .text.USBD_CDC_EP0_RxReady
                0x0000000008004da0       0x50 Middlewares/ST/STM32_USB_Device_Library/Class/CDC/Src/usbd_cdc.o
 .text.USBD_CDC_GetFSCfgDesc
                0x0000000008004df0       0x20 Middlewares/ST/STM32_USB_Device_Library/Class/CDC/Src/usbd_cdc.o
 .text.USBD_CDC_GetHSCfgDesc
                0x0000000008004e10       0x20 Middlewares/ST/STM32_USB_Device_Library/Class/CDC/Src/usbd_cdc.o
 .text.USBD_CDC_GetOtherSpeedCfgDesc
                0x0000000008004e30       0x20 Middlewares/ST/STM32_USB_Device_Library/Class/CDC/Src/usbd_cdc.o
 .text.USBD_CDC_GetDeviceQualifierDescriptor
                0x0000000008004e50       0x20 Middlewares/ST/STM32_USB_Device_Library/Class/CDC/Src/usbd_cdc.o
                0x0000000008004e50                USBD_CDC_GetDeviceQualifierDescriptor
 .text.USBD_CDC_RegisterInterface
                0x0000000008004e70       0x2c Middlewares/ST/STM32_USB_Device_Library/Class/CDC/Src/usbd_cdc.o
                0x0000000008004e70                USBD_CDC_RegisterInterface
 .text.USBD_CDC_SetTxBuffer
                0x0000000008004e9c       0x32 Middlewares/ST/STM32_USB_Device_Library/Class/CDC/Src/usbd_cdc.o
                0x0000000008004e9c                USBD_CDC_SetTxBuffer
 .text.USBD_CDC_SetRxBuffer
                0x0000000008004ece       0x26 Middlewares/ST/STM32_USB_Device_Library/Class/CDC/Src/usbd_cdc.o
                0x0000000008004ece                USBD_CDC_SetRxBuffer
 .text.USBD_CDC_TransmitPacket
                0x0000000008004ef4       0x5e Middlewares/ST/STM32_USB_Device_Library/Class/CDC/Src/usbd_cdc.o
                0x0000000008004ef4                USBD_CDC_TransmitPacket
 .text.USBD_CDC_ReceivePacket
                0x0000000008004f52       0x54 Middlewares/ST/STM32_USB_Device_Library/Class/CDC/Src/usbd_cdc.o
                0x0000000008004f52                USBD_CDC_ReceivePacket
 .text.USBD_Init
                0x0000000008004fa6       0x56 Middlewares/ST/STM32_USB_Device_Library/Core/Src/usbd_core.o
                0x0000000008004fa6                USBD_Init
 .text.USBD_RegisterClass
                0x0000000008004ffc       0x32 Middlewares/ST/STM32_USB_Device_Library/Core/Src/usbd_core.o
                0x0000000008004ffc                USBD_RegisterClass
 .text.USBD_Start
                0x000000000800502e       0x18 Middlewares/ST/STM32_USB_Device_Library/Core/Src/usbd_core.o
                0x000000000800502e                USBD_Start
 .text.USBD_RunTestMode
                0x0000000008005046       0x14 Middlewares/ST/STM32_USB_Device_Library/Core/Src/usbd_core.o
                0x0000000008005046                USBD_RunTestMode
 .text.USBD_SetClassConfig
                0x000000000800505a       0x3e Middlewares/ST/STM32_USB_Device_Library/Core/Src/usbd_core.o
                0x000000000800505a                USBD_SetClassConfig
 .text.USBD_ClrClassConfig
                0x0000000008005098       0x26 Middlewares/ST/STM32_USB_Device_Library/Core/Src/usbd_core.o
                0x0000000008005098                USBD_ClrClassConfig
 .text.USBD_LL_SetupStage
                0x00000000080050be       0x96 Middlewares/ST/STM32_USB_Device_Library/Core/Src/usbd_core.o
                0x00000000080050be                USBD_LL_SetupStage
 .text.USBD_LL_DataOutStage
                0x0000000008005154       0xe2 Middlewares/ST/STM32_USB_Device_Library/Core/Src/usbd_core.o
                0x0000000008005154                USBD_LL_DataOutStage
 .text.USBD_LL_DataInStage
                0x0000000008005236      0x14a Middlewares/ST/STM32_USB_Device_Library/Core/Src/usbd_core.o
                0x0000000008005236                USBD_LL_DataInStage
 .text.USBD_LL_Reset
                0x0000000008005380       0x82 Middlewares/ST/STM32_USB_Device_Library/Core/Src/usbd_core.o
                0x0000000008005380                USBD_LL_Reset
 .text.USBD_LL_SetSpeed
                0x0000000008005402       0x1e Middlewares/ST/STM32_USB_Device_Library/Core/Src/usbd_core.o
                0x0000000008005402                USBD_LL_SetSpeed
 .text.USBD_LL_Suspend
                0x0000000008005420       0x28 Middlewares/ST/STM32_USB_Device_Library/Core/Src/usbd_core.o
                0x0000000008005420                USBD_LL_Suspend
 .text.USBD_LL_Resume
                0x0000000008005448       0x2a Middlewares/ST/STM32_USB_Device_Library/Core/Src/usbd_core.o
                0x0000000008005448                USBD_LL_Resume
 .text.USBD_LL_SOF
                0x0000000008005472       0x34 Middlewares/ST/STM32_USB_Device_Library/Core/Src/usbd_core.o
                0x0000000008005472                USBD_LL_SOF
 *fill*         0x00000000080054a6        0x2 
 .text.USBD_StdDevReq
                0x00000000080054a8       0xd4 Middlewares/ST/STM32_USB_Device_Library/Core/Src/usbd_ctlreq.o
                0x00000000080054a8                USBD_StdDevReq
 .text.USBD_StdItfReq
                0x000000000800557c       0x8c Middlewares/ST/STM32_USB_Device_Library/Core/Src/usbd_ctlreq.o
                0x000000000800557c                USBD_StdItfReq
 .text.USBD_StdEPReq
                0x0000000008005608      0x2ba Middlewares/ST/STM32_USB_Device_Library/Core/Src/usbd_ctlreq.o
                0x0000000008005608                USBD_StdEPReq
 *fill*         0x00000000080058c2        0x2 
 .text.USBD_GetDescriptor
                0x00000000080058c4      0x2d0 Middlewares/ST/STM32_USB_Device_Library/Core/Src/usbd_ctlreq.o
 .text.USBD_SetAddress
                0x0000000008005b94       0x84 Middlewares/ST/STM32_USB_Device_Library/Core/Src/usbd_ctlreq.o
 .text.USBD_SetConfig
                0x0000000008005c18      0x11c Middlewares/ST/STM32_USB_Device_Library/Core/Src/usbd_ctlreq.o
 .text.USBD_GetConfig
                0x0000000008005d34       0x68 Middlewares/ST/STM32_USB_Device_Library/Core/Src/usbd_ctlreq.o
 .text.USBD_GetStatus
                0x0000000008005d9c       0x66 Middlewares/ST/STM32_USB_Device_Library/Core/Src/usbd_ctlreq.o
 .text.USBD_SetFeature
                0x0000000008005e02       0x28 Middlewares/ST/STM32_USB_Device_Library/Core/Src/usbd_ctlreq.o
 .text.USBD_ClrFeature
                0x0000000008005e2a       0x42 Middlewares/ST/STM32_USB_Device_Library/Core/Src/usbd_ctlreq.o
 .text.USBD_ParseSetupRequest
                0x0000000008005e6c       0x78 Middlewares/ST/STM32_USB_Device_Library/Core/Src/usbd_ctlreq.o
                0x0000000008005e6c                USBD_ParseSetupRequest
 .text.USBD_CtlError
                0x0000000008005ee4       0x22 Middlewares/ST/STM32_USB_Device_Library/Core/Src/usbd_ctlreq.o
                0x0000000008005ee4                USBD_CtlError
 .text.USBD_GetString
                0x0000000008005f06       0x84 Middlewares/ST/STM32_USB_Device_Library/Core/Src/usbd_ctlreq.o
                0x0000000008005f06                USBD_GetString
 .text.USBD_GetLen
                0x0000000008005f8a       0x2e Middlewares/ST/STM32_USB_Device_Library/Core/Src/usbd_ctlreq.o
 .text.USBD_CtlSendData
                0x0000000008005fb8       0x38 Middlewares/ST/STM32_USB_Device_Library/Core/Src/usbd_ioreq.o
                0x0000000008005fb8                USBD_CtlSendData
 .text.USBD_CtlContinueSendData
                0x0000000008005ff0       0x24 Middlewares/ST/STM32_USB_Device_Library/Core/Src/usbd_ioreq.o
                0x0000000008005ff0                USBD_CtlContinueSendData
 .text.USBD_CtlPrepareRx
                0x0000000008006014       0x3c Middlewares/ST/STM32_USB_Device_Library/Core/Src/usbd_ioreq.o
                0x0000000008006014                USBD_CtlPrepareRx
 .text.USBD_CtlContinueRx
                0x0000000008006050       0x24 Middlewares/ST/STM32_USB_Device_Library/Core/Src/usbd_ioreq.o
                0x0000000008006050                USBD_CtlContinueRx
 .text.USBD_CtlSendStatus
                0x0000000008006074       0x26 Middlewares/ST/STM32_USB_Device_Library/Core/Src/usbd_ioreq.o
                0x0000000008006074                USBD_CtlSendStatus
 .text.USBD_CtlReceiveStatus
                0x000000000800609a       0x26 Middlewares/ST/STM32_USB_Device_Library/Core/Src/usbd_ioreq.o
                0x000000000800609a                USBD_CtlReceiveStatus
 .text.MX_USB_DEVICE_Init
                0x00000000080060c0       0x60 USB_DEVICE/App/usb_device.o
                0x00000000080060c0                MX_USB_DEVICE_Init
 .text.CDC_Init_FS
                0x0000000008006120       0x8c USB_DEVICE/App/usbd_cdc_if.o
 .text.CDC_DeInit_FS
                0x00000000080061ac       0x20 USB_DEVICE/App/usbd_cdc_if.o
 .text.CDC_Control_FS
                0x00000000080061cc      0x194 USB_DEVICE/App/usbd_cdc_if.o
 .text.CDC_Receive_FS
                0x0000000008006360       0x34 USB_DEVICE/App/usbd_cdc_if.o
 .text.CDC_Transmit_FS
                0x0000000008006394       0x30 USB_DEVICE/App/usbd_cdc_if.o
                0x0000000008006394                CDC_Transmit_FS
 .text.ComPort_Config
                0x00000000080063c4       0xf4 USB_DEVICE/App/usbd_cdc_if.o
 .text.HAL_UART_RxCpltCallback
                0x00000000080064b8       0x70 USB_DEVICE/App/usbd_cdc_if.o
                0x00000000080064b8                HAL_UART_RxCpltCallback
 .text.UART_Early_Exit
                0x0000000008006528       0x98 USB_DEVICE/App/usbd_cdc_if.o
                0x0000000008006528                UART_Early_Exit
 .text.HAL_UART_RxHalfCpltCallback
                0x00000000080065c0       0x2c USB_DEVICE/App/usbd_cdc_if.o
                0x00000000080065c0                HAL_UART_RxHalfCpltCallback
 .text.HAL_UART_TxCpltCallback
                0x00000000080065ec       0x1c USB_DEVICE/App/usbd_cdc_if.o
                0x00000000080065ec                HAL_UART_TxCpltCallback
 .text.USBD_FS_DeviceDescriptor
                0x0000000008006608       0x24 USB_DEVICE/App/usbd_desc.o
                0x0000000008006608                USBD_FS_DeviceDescriptor
 .text.USBD_FS_LangIDStrDescriptor
                0x000000000800662c       0x24 USB_DEVICE/App/usbd_desc.o
                0x000000000800662c                USBD_FS_LangIDStrDescriptor
 .text.USBD_FS_ProductStrDescriptor
                0x0000000008006650       0x3c USB_DEVICE/App/usbd_desc.o
                0x0000000008006650                USBD_FS_ProductStrDescriptor
 .text.USBD_FS_ManufacturerStrDescriptor
                0x000000000800668c       0x28 USB_DEVICE/App/usbd_desc.o
                0x000000000800668c                USBD_FS_ManufacturerStrDescriptor
 .text.USBD_FS_SerialStrDescriptor
                0x00000000080066b4       0x24 USB_DEVICE/App/usbd_desc.o
                0x00000000080066b4                USBD_FS_SerialStrDescriptor
 .text.USBD_FS_ConfigStrDescriptor
                0x00000000080066d8       0x3c USB_DEVICE/App/usbd_desc.o
                0x00000000080066d8                USBD_FS_ConfigStrDescriptor
 .text.USBD_FS_InterfaceStrDescriptor
                0x0000000008006714       0x3c USB_DEVICE/App/usbd_desc.o
                0x0000000008006714                USBD_FS_InterfaceStrDescriptor
 .text.Get_SerialNum
                0x0000000008006750       0x58 USB_DEVICE/App/usbd_desc.o
 .text.IntToUnicode
                0x00000000080067a8       0x7a USB_DEVICE/App/usbd_desc.o
 *fill*         0x0000000008006822        0x2 
 .text.HAL_PCD_MspInit
                0x0000000008006824       0x4c USB_DEVICE/Target/usbd_conf.o
                0x0000000008006824                HAL_PCD_MspInit
 .text.HAL_PCD_SetupStageCallback
                0x0000000008006870       0x24 USB_DEVICE/Target/usbd_conf.o
                0x0000000008006870                HAL_PCD_SetupStageCallback
 .text.HAL_PCD_DataOutStageCallback
                0x0000000008006894       0x30 USB_DEVICE/Target/usbd_conf.o
                0x0000000008006894                HAL_PCD_DataOutStageCallback
 .text.HAL_PCD_DataInStageCallback
                0x00000000080068c4       0x2e USB_DEVICE/Target/usbd_conf.o
                0x00000000080068c4                HAL_PCD_DataInStageCallback
 .text.HAL_PCD_SOFCallback
                0x00000000080068f2       0x1c USB_DEVICE/Target/usbd_conf.o
                0x00000000080068f2                HAL_PCD_SOFCallback
 .text.HAL_PCD_ResetCallback
                0x000000000800690e       0x3c USB_DEVICE/Target/usbd_conf.o
                0x000000000800690e                HAL_PCD_ResetCallback
 *fill*         0x000000000800694a        0x2 
 .text.HAL_PCD_SuspendCallback
                0x000000000800694c       0x34 USB_DEVICE/Target/usbd_conf.o
                0x000000000800694c                HAL_PCD_SuspendCallback
 .text.HAL_PCD_ResumeCallback
                0x0000000008006980       0x1c USB_DEVICE/Target/usbd_conf.o
                0x0000000008006980                HAL_PCD_ResumeCallback
 .text.USBD_LL_Init
                0x000000000800699c       0xb4 USB_DEVICE/Target/usbd_conf.o
                0x000000000800699c                USBD_LL_Init
 .text.USBD_LL_Start
                0x0000000008006a50       0x36 USB_DEVICE/Target/usbd_conf.o
                0x0000000008006a50                USBD_LL_Start
 .text.USBD_LL_OpenEP
                0x0000000008006a86       0x4c USB_DEVICE/Target/usbd_conf.o
                0x0000000008006a86                USBD_LL_OpenEP
 .text.USBD_LL_CloseEP
                0x0000000008006ad2       0x3e USB_DEVICE/Target/usbd_conf.o
                0x0000000008006ad2                USBD_LL_CloseEP
 .text.USBD_LL_StallEP
                0x0000000008006b10       0x3e USB_DEVICE/Target/usbd_conf.o
                0x0000000008006b10                USBD_LL_StallEP
 .text.USBD_LL_ClearStallEP
                0x0000000008006b4e       0x3e USB_DEVICE/Target/usbd_conf.o
                0x0000000008006b4e                USBD_LL_ClearStallEP
 .text.USBD_LL_IsStallEP
                0x0000000008006b8c       0x4a USB_DEVICE/Target/usbd_conf.o
                0x0000000008006b8c                USBD_LL_IsStallEP
 .text.USBD_LL_SetUSBAddress
                0x0000000008006bd6       0x3e USB_DEVICE/Target/usbd_conf.o
                0x0000000008006bd6                USBD_LL_SetUSBAddress
 .text.USBD_LL_Transmit
                0x0000000008006c14       0x46 USB_DEVICE/Target/usbd_conf.o
                0x0000000008006c14                USBD_LL_Transmit
 .text.USBD_LL_PrepareReceive
                0x0000000008006c5a       0x46 USB_DEVICE/Target/usbd_conf.o
                0x0000000008006c5a                USBD_LL_PrepareReceive
 .text.USBD_LL_GetRxDataSize
                0x0000000008006ca0       0x26 USB_DEVICE/Target/usbd_conf.o
                0x0000000008006ca0                USBD_LL_GetRxDataSize
 *fill*         0x0000000008006cc6        0x2 
 .text.USBD_static_malloc
                0x0000000008006cc8       0x18 USB_DEVICE/Target/usbd_conf.o
                0x0000000008006cc8                USBD_static_malloc
 .text.USBD_static_free
                0x0000000008006ce0       0x12 USB_DEVICE/Target/usbd_conf.o
                0x0000000008006ce0                USBD_static_free
 .text.HAL_PCDEx_SetConnectionState
                0x0000000008006cf2       0x16 USB_DEVICE/Target/usbd_conf.o
                0x0000000008006cf2                HAL_PCDEx_SetConnectionState
 .text.USBD_Get_USB_Status
                0x0000000008006d08       0x58 USB_DEVICE/Target/usbd_conf.o
 .text.__libc_init_array
                0x0000000008006d60       0x48 /Applications/STM32CubeIDE.app/Contents/Eclipse/plugins/com.st.stm32cube.ide.mcu.externaltools.gnu-tools-for-stm32.7-2018-q2-update.macos64_1.0.0.201904181610/tools/bin/../lib/gcc/arm-none-eabi/7.3.1/../../../../arm-none-eabi/lib/thumb/v7-m/libc_nano.a(lib_a-init.o)
                0x0000000008006d60                __libc_init_array
 .text.memset   0x0000000008006da8       0x10 /Applications/STM32CubeIDE.app/Contents/Eclipse/plugins/com.st.stm32cube.ide.mcu.externaltools.gnu-tools-for-stm32.7-2018-q2-update.macos64_1.0.0.201904181610/tools/bin/../lib/gcc/arm-none-eabi/7.3.1/../../../../arm-none-eabi/lib/thumb/v7-m/libc_nano.a(lib_a-memset.o)
                0x0000000008006da8                memset
 *(.glue_7)
 .glue_7        0x0000000008006db8        0x0 linker stubs
 *(.glue_7t)
 .glue_7t       0x0000000008006db8        0x0 linker stubs
 *(.eh_frame)
 .eh_frame      0x0000000008006db8        0x0 /Applications/STM32CubeIDE.app/Contents/Eclipse/plugins/com.st.stm32cube.ide.mcu.externaltools.gnu-tools-for-stm32.7-2018-q2-update.macos64_1.0.0.201904181610/tools/bin/../lib/gcc/arm-none-eabi/7.3.1/thumb/v7-m/crtbegin.o
 *(.init)
 .init          0x0000000008006db8        0x4 /Applications/STM32CubeIDE.app/Contents/Eclipse/plugins/com.st.stm32cube.ide.mcu.externaltools.gnu-tools-for-stm32.7-2018-q2-update.macos64_1.0.0.201904181610/tools/bin/../lib/gcc/arm-none-eabi/7.3.1/thumb/v7-m/crti.o
                0x0000000008006db8                _init
 .init          0x0000000008006dbc        0x8 /Applications/STM32CubeIDE.app/Contents/Eclipse/plugins/com.st.stm32cube.ide.mcu.externaltools.gnu-tools-for-stm32.7-2018-q2-update.macos64_1.0.0.201904181610/tools/bin/../lib/gcc/arm-none-eabi/7.3.1/thumb/v7-m/crtn.o
 *(.fini)
 .fini          0x0000000008006dc4        0x4 /Applications/STM32CubeIDE.app/Contents/Eclipse/plugins/com.st.stm32cube.ide.mcu.externaltools.gnu-tools-for-stm32.7-2018-q2-update.macos64_1.0.0.201904181610/tools/bin/../lib/gcc/arm-none-eabi/7.3.1/thumb/v7-m/crti.o
                0x0000000008006dc4                _fini
 .fini          0x0000000008006dc8        0x8 /Applications/STM32CubeIDE.app/Contents/Eclipse/plugins/com.st.stm32cube.ide.mcu.externaltools.gnu-tools-for-stm32.7-2018-q2-update.macos64_1.0.0.201904181610/tools/bin/../lib/gcc/arm-none-eabi/7.3.1/thumb/v7-m/crtn.o
                0x0000000008006dd0                . = ALIGN (0x4)
                0x0000000008006dd0                _etext = .

.vfp11_veneer   0x0000000008006dd0        0x0
 .vfp11_veneer  0x0000000008006dd0        0x0 linker stubs

.v4_bx          0x0000000008006dd0        0x0
 .v4_bx         0x0000000008006dd0        0x0 linker stubs

.iplt           0x0000000008006dd0        0x0
 .iplt          0x0000000008006dd0        0x0 /Applications/STM32CubeIDE.app/Contents/Eclipse/plugins/com.st.stm32cube.ide.mcu.externaltools.gnu-tools-for-stm32.7-2018-q2-update.macos64_1.0.0.201904181610/tools/bin/../lib/gcc/arm-none-eabi/7.3.1/thumb/v7-m/crtbegin.o

.rodata         0x0000000008006dd0       0x68
                0x0000000008006dd0                . = ALIGN (0x4)
 *(.rodata)
 .rodata        0x0000000008006dd0       0x12 Drivers/STM32F1xx_HAL_Driver/Src/stm32f1xx_hal_rcc.o
 *fill*         0x0000000008006de2        0x2 
 .rodata        0x0000000008006de4       0x3a USB_DEVICE/App/usbd_desc.o
 *(.rodata*)
 *fill*         0x0000000008006e1e        0x2 
 .rodata.AHBPrescTable
                0x0000000008006e20       0x10 Core/Src/system_stm32f1xx.o
                0x0000000008006e20                AHBPrescTable
 .rodata.APBPrescTable
                0x0000000008006e30        0x8 Core/Src/system_stm32f1xx.o
                0x0000000008006e30                APBPrescTable
                0x0000000008006e38                . = ALIGN (0x4)

.rel.dyn        0x0000000008006e38        0x0
 .rel.iplt      0x0000000008006e38        0x0 /Applications/STM32CubeIDE.app/Contents/Eclipse/plugins/com.st.stm32cube.ide.mcu.externaltools.gnu-tools-for-stm32.7-2018-q2-update.macos64_1.0.0.201904181610/tools/bin/../lib/gcc/arm-none-eabi/7.3.1/thumb/v7-m/crtbegin.o

.ARM.extab      0x0000000008006e38        0x0
                0x0000000008006e38                . = ALIGN (0x4)
 *(.ARM.extab* .gnu.linkonce.armextab.*)
                0x0000000008006e38                . = ALIGN (0x4)

.ARM            0x0000000008006e38        0x0
                0x0000000008006e38                . = ALIGN (0x4)
                0x0000000008006e38                __exidx_start = .
 *(.ARM.exidx*)
                0x0000000008006e38                __exidx_end = .
                0x0000000008006e38                . = ALIGN (0x4)

.preinit_array  0x0000000008006e38        0x0
                0x0000000008006e38                . = ALIGN (0x4)
                0x0000000008006e38                PROVIDE (__preinit_array_start = .)
 *(.preinit_array*)
                0x0000000008006e38                PROVIDE (__preinit_array_end = .)
                0x0000000008006e38                . = ALIGN (0x4)

.init_array     0x0000000008006e38        0x4
                0x0000000008006e38                . = ALIGN (0x4)
                0x0000000008006e38                PROVIDE (__init_array_start = .)
 *(SORT_BY_NAME(.init_array.*))
 *(.init_array*)
 .init_array    0x0000000008006e38        0x4 /Applications/STM32CubeIDE.app/Contents/Eclipse/plugins/com.st.stm32cube.ide.mcu.externaltools.gnu-tools-for-stm32.7-2018-q2-update.macos64_1.0.0.201904181610/tools/bin/../lib/gcc/arm-none-eabi/7.3.1/thumb/v7-m/crtbegin.o
                0x0000000008006e3c                PROVIDE (__init_array_end = .)
                0x0000000008006e3c                . = ALIGN (0x4)

.fini_array     0x0000000008006e3c        0x4
                0x0000000008006e3c                . = ALIGN (0x4)
                [!provide]                        PROVIDE (__fini_array_start = .)
 *(SORT_BY_NAME(.fini_array.*))
 *(.fini_array*)
 .fini_array    0x0000000008006e3c        0x4 /Applications/STM32CubeIDE.app/Contents/Eclipse/plugins/com.st.stm32cube.ide.mcu.externaltools.gnu-tools-for-stm32.7-2018-q2-update.macos64_1.0.0.201904181610/tools/bin/../lib/gcc/arm-none-eabi/7.3.1/thumb/v7-m/crtbegin.o
                [!provide]                        PROVIDE (__fini_array_end = .)
                0x0000000008006e40                . = ALIGN (0x4)
                0x0000000008006e40                _sidata = LOADADDR (.data)

.data           0x0000000020000000      0x184 load address 0x0000000008006e40
                0x0000000020000000                . = ALIGN (0x4)
                0x0000000020000000                _sdata = .
 *(.data)
 *(.data*)
 .data.SystemCoreClock
                0x0000000020000000        0x4 Core/Src/system_stm32f1xx.o
                0x0000000020000000                SystemCoreClock
 .data.uwTickPrio
                0x0000000020000004        0x4 Drivers/STM32F1xx_HAL_Driver/Src/stm32f1xx_hal.o
                0x0000000020000004                uwTickPrio
 .data.uwTickFreq
                0x0000000020000008        0x1 Drivers/STM32F1xx_HAL_Driver/Src/stm32f1xx_hal.o
                0x0000000020000008                uwTickFreq
 *fill*         0x0000000020000009        0x3 
 .data.USBD_CDC_DeviceQualifierDesc
                0x000000002000000c        0xa Middlewares/ST/STM32_USB_Device_Library/Class/CDC/Src/usbd_cdc.o
 *fill*         0x0000000020000016        0x2 
 .data.USBD_CDC
                0x0000000020000018       0x38 Middlewares/ST/STM32_USB_Device_Library/Class/CDC/Src/usbd_cdc.o
                0x0000000020000018                USBD_CDC
 .data.USBD_CDC_CfgHSDesc
                0x0000000020000050       0x43 Middlewares/ST/STM32_USB_Device_Library/Class/CDC/Src/usbd_cdc.o
                0x0000000020000050                USBD_CDC_CfgHSDesc
 *fill*         0x0000000020000093        0x1 
 .data.USBD_CDC_CfgFSDesc
                0x0000000020000094       0x43 Middlewares/ST/STM32_USB_Device_Library/Class/CDC/Src/usbd_cdc.o
                0x0000000020000094                USBD_CDC_CfgFSDesc
 *fill*         0x00000000200000d7        0x1 
 .data.USBD_CDC_OtherSpeedCfgDesc
                0x00000000200000d8       0x43 Middlewares/ST/STM32_USB_Device_Library/Class/CDC/Src/usbd_cdc.o
                0x00000000200000d8                USBD_CDC_OtherSpeedCfgDesc
 *fill*         0x000000002000011b        0x1 
 .data.LineCoding
                0x000000002000011c        0x8 USB_DEVICE/App/usbd_cdc_if.o
                0x000000002000011c                LineCoding
 .data.USBD_Interface_fops_FS
                0x0000000020000124       0x10 USB_DEVICE/App/usbd_cdc_if.o
                0x0000000020000124                USBD_Interface_fops_FS
 .data.FS_Desc  0x0000000020000134       0x1c USB_DEVICE/App/usbd_desc.o
                0x0000000020000134                FS_Desc
 .data.USBD_FS_DeviceDesc
                0x0000000020000150       0x12 USB_DEVICE/App/usbd_desc.o
                0x0000000020000150                USBD_FS_DeviceDesc
 *fill*         0x0000000020000162        0x2 
 .data.USBD_LangIDDesc
                0x0000000020000164        0x4 USB_DEVICE/App/usbd_desc.o
                0x0000000020000164                USBD_LangIDDesc
 .data.USBD_StringSerial
                0x0000000020000168       0x1a USB_DEVICE/App/usbd_desc.o
                0x0000000020000168                USBD_StringSerial
                0x0000000020000184                . = ALIGN (0x4)
 *fill*         0x0000000020000182        0x2 
                0x0000000020000184                _edata = .

.igot.plt       0x0000000020000184        0x0 load address 0x0000000008006fc4
 .igot.plt      0x0000000020000184        0x0 /Applications/STM32CubeIDE.app/Contents/Eclipse/plugins/com.st.stm32cube.ide.mcu.externaltools.gnu-tools-for-stm32.7-2018-q2-update.macos64_1.0.0.201904181610/tools/bin/../lib/gcc/arm-none-eabi/7.3.1/thumb/v7-m/crtbegin.o
                0x0000000020000184                . = ALIGN (0x4)

.bss            0x0000000020000184      0xe44 load address 0x0000000008006fc4
                0x0000000020000184                _sbss = .
                0x0000000020000184                __bss_start__ = _sbss
 *(.bss)
 .bss           0x0000000020000184       0x1c /Applications/STM32CubeIDE.app/Contents/Eclipse/plugins/com.st.stm32cube.ide.mcu.externaltools.gnu-tools-for-stm32.7-2018-q2-update.macos64_1.0.0.201904181610/tools/bin/../lib/gcc/arm-none-eabi/7.3.1/thumb/v7-m/crtbegin.o
 *(.bss*)
 .bss.cfgidx.7752
                0x00000000200001a0        0x1 Middlewares/ST/STM32_USB_Device_Library/Core/Src/usbd_ctlreq.o
 *fill*         0x00000000200001a1        0x3 
 .bss.mem.7817  0x00000000200001a4      0x220 USB_DEVICE/Target/usbd_conf.o
 *(COMMON)
 COMMON         0x00000000200003c4       0xcc Core/Src/main.o
                0x00000000200003c4                hdma_usart2_rx
                0x0000000020000408                hdma_usart2_tx
                0x000000002000044c                huart2
                0x000000002000048c                systick
 COMMON         0x0000000020000490        0x4 Drivers/STM32F1xx_HAL_Driver/Src/stm32f1xx_hal.o
                0x0000000020000490                uwTick
 COMMON         0x0000000020000494      0x2c4 USB_DEVICE/App/usb_device.o
                0x0000000020000494                hUsbDeviceFS
 COMMON         0x0000000020000758      0x404 USB_DEVICE/App/usbd_cdc_if.o
                0x0000000020000758                UserRxBufferFS
                0x0000000020000958                UserTxBufferFS
                0x0000000020000b58                bufferpos
 COMMON         0x0000000020000b5c      0x200 USB_DEVICE/App/usbd_desc.o
                0x0000000020000b5c                USBD_StrDesc
 COMMON         0x0000000020000d5c      0x26c USB_DEVICE/Target/usbd_conf.o
                0x0000000020000d5c                hpcd_USB_FS
                0x0000000020000fc8                . = ALIGN (0x4)
                0x0000000020000fc8                _ebss = .
                0x0000000020000fc8                __bss_end__ = _ebss

._user_heap_stack
                0x0000000020000fc8      0x600 load address 0x0000000008006fc4
                0x0000000020000fc8                . = ALIGN (0x8)
                0x0000000020000fc8                PROVIDE (end = .)
                [!provide]                        PROVIDE (_end = .)
                0x00000000200011c8                . = (. + _Min_Heap_Size)
 *fill*         0x0000000020000fc8      0x200 
                0x00000000200015c8                . = (. + _Min_Stack_Size)
 *fill*         0x00000000200011c8      0x400 
                0x00000000200015c8                . = ALIGN (0x8)

/DISCARD/
 libc.a(*)
 libm.a(*)
 libgcc.a(*)

.ARM.attributes
                0x0000000000000000       0x29
 *(.ARM.attributes)
 .ARM.attributes
                0x0000000000000000       0x1d /Applications/STM32CubeIDE.app/Contents/Eclipse/plugins/com.st.stm32cube.ide.mcu.externaltools.gnu-tools-for-stm32.7-2018-q2-update.macos64_1.0.0.201904181610/tools/bin/../lib/gcc/arm-none-eabi/7.3.1/thumb/v7-m/crti.o
 .ARM.attributes
                0x000000000000001d       0x2d /Applications/STM32CubeIDE.app/Contents/Eclipse/plugins/com.st.stm32cube.ide.mcu.externaltools.gnu-tools-for-stm32.7-2018-q2-update.macos64_1.0.0.201904181610/tools/bin/../lib/gcc/arm-none-eabi/7.3.1/thumb/v7-m/crtbegin.o
 .ARM.attributes
                0x000000000000004a       0x33 Core/Src/main.o
 .ARM.attributes
                0x000000000000007d       0x33 Core/Src/stm32f1xx_hal_msp.o
 .ARM.attributes
                0x00000000000000b0       0x33 Core/Src/stm32f1xx_it.o
 .ARM.attributes
                0x00000000000000e3       0x33 Core/Src/system_stm32f1xx.o
 .ARM.attributes
                0x0000000000000116       0x21 Core/Startup/startup_stm32f103c8tx.o
 .ARM.attributes
                0x0000000000000137       0x33 Drivers/STM32F1xx_HAL_Driver/Src/stm32f1xx_hal.o
 .ARM.attributes
                0x000000000000016a       0x33 Drivers/STM32F1xx_HAL_Driver/Src/stm32f1xx_hal_cortex.o
 .ARM.attributes
                0x000000000000019d       0x33 Drivers/STM32F1xx_HAL_Driver/Src/stm32f1xx_hal_dma.o
 .ARM.attributes
                0x00000000000001d0       0x33 Drivers/STM32F1xx_HAL_Driver/Src/stm32f1xx_hal_gpio.o
 .ARM.attributes
                0x0000000000000203       0x33 Drivers/STM32F1xx_HAL_Driver/Src/stm32f1xx_hal_pcd.o
 .ARM.attributes
                0x0000000000000236       0x33 Drivers/STM32F1xx_HAL_Driver/Src/stm32f1xx_hal_pcd_ex.o
 .ARM.attributes
                0x0000000000000269       0x33 Drivers/STM32F1xx_HAL_Driver/Src/stm32f1xx_hal_rcc.o
 .ARM.attributes
                0x000000000000029c       0x33 Drivers/STM32F1xx_HAL_Driver/Src/stm32f1xx_hal_rcc_ex.o
 .ARM.attributes
                0x00000000000002cf       0x33 Drivers/STM32F1xx_HAL_Driver/Src/stm32f1xx_hal_uart.o
 .ARM.attributes
                0x0000000000000302       0x33 Drivers/STM32F1xx_HAL_Driver/Src/stm32f1xx_ll_usb.o
 .ARM.attributes
                0x0000000000000335       0x33 Middlewares/ST/STM32_USB_Device_Library/Class/CDC/Src/usbd_cdc.o
 .ARM.attributes
                0x0000000000000368       0x33 Middlewares/ST/STM32_USB_Device_Library/Core/Src/usbd_core.o
 .ARM.attributes
                0x000000000000039b       0x33 Middlewares/ST/STM32_USB_Device_Library/Core/Src/usbd_ctlreq.o
 .ARM.attributes
                0x00000000000003ce       0x33 Middlewares/ST/STM32_USB_Device_Library/Core/Src/usbd_ioreq.o
 .ARM.attributes
                0x0000000000000401       0x33 USB_DEVICE/App/usb_device.o
 .ARM.attributes
                0x0000000000000434       0x33 USB_DEVICE/App/usbd_cdc_if.o
 .ARM.attributes
                0x0000000000000467       0x33 USB_DEVICE/App/usbd_desc.o
 .ARM.attributes
                0x000000000000049a       0x33 USB_DEVICE/Target/usbd_conf.o
 .ARM.attributes
                0x00000000000004cd       0x2d /Applications/STM32CubeIDE.app/Contents/Eclipse/plugins/com.st.stm32cube.ide.mcu.externaltools.gnu-tools-for-stm32.7-2018-q2-update.macos64_1.0.0.201904181610/tools/bin/../lib/gcc/arm-none-eabi/7.3.1/../../../../arm-none-eabi/lib/thumb/v7-m/libc_nano.a(lib_a-init.o)
 .ARM.attributes
                0x00000000000004fa       0x2d /Applications/STM32CubeIDE.app/Contents/Eclipse/plugins/com.st.stm32cube.ide.mcu.externaltools.gnu-tools-for-stm32.7-2018-q2-update.macos64_1.0.0.201904181610/tools/bin/../lib/gcc/arm-none-eabi/7.3.1/../../../../arm-none-eabi/lib/thumb/v7-m/libc_nano.a(lib_a-memset.o)
 .ARM.attributes
                0x0000000000000527       0x1d /Applications/STM32CubeIDE.app/Contents/Eclipse/plugins/com.st.stm32cube.ide.mcu.externaltools.gnu-tools-for-stm32.7-2018-q2-update.macos64_1.0.0.201904181610/tools/bin/../lib/gcc/arm-none-eabi/7.3.1/thumb/v7-m/crtn.o
OUTPUT(STM32_CDC.elf elf32-littlearm)

.debug_info     0x0000000000000000    0x139da
 .debug_info    0x0000000000000000     0x1334 Core/Src/main.o
 .debug_info    0x0000000000001334      0x9a9 Core/Src/stm32f1xx_hal_msp.o
 .debug_info    0x0000000000001cdd     0x1742 Core/Src/stm32f1xx_it.o
 .debug_info    0x000000000000341f      0x433 Core/Src/system_stm32f1xx.o
 .debug_info    0x0000000000003852       0x22 Core/Startup/startup_stm32f103c8tx.o
 .debug_info    0x0000000000003874      0x6fe Drivers/STM32F1xx_HAL_Driver/Src/stm32f1xx_hal.o
 .debug_info    0x0000000000003f72      0xb46 Drivers/STM32F1xx_HAL_Driver/Src/stm32f1xx_hal_cortex.o
 .debug_info    0x0000000000004ab8      0x7a6 Drivers/STM32F1xx_HAL_Driver/Src/stm32f1xx_hal_dma.o
 .debug_info    0x000000000000525e      0x681 Drivers/STM32F1xx_HAL_Driver/Src/stm32f1xx_hal_gpio.o
 .debug_info    0x00000000000058df      0xe38 Drivers/STM32F1xx_HAL_Driver/Src/stm32f1xx_hal_pcd.o
 .debug_info    0x0000000000006717      0x760 Drivers/STM32F1xx_HAL_Driver/Src/stm32f1xx_hal_pcd_ex.o
 .debug_info    0x0000000000006e77      0x804 Drivers/STM32F1xx_HAL_Driver/Src/stm32f1xx_hal_rcc.o
 .debug_info    0x000000000000767b      0x439 Drivers/STM32F1xx_HAL_Driver/Src/stm32f1xx_hal_rcc_ex.o
 .debug_info    0x0000000000007ab4     0x11e3 Drivers/STM32F1xx_HAL_Driver/Src/stm32f1xx_hal_uart.o
 .debug_info    0x0000000000008c97     0x14f9 Drivers/STM32F1xx_HAL_Driver/Src/stm32f1xx_ll_usb.o
 .debug_info    0x000000000000a190     0x1791 Middlewares/ST/STM32_USB_Device_Library/Class/CDC/Src/usbd_cdc.o
 .debug_info    0x000000000000b921     0x11c2 Middlewares/ST/STM32_USB_Device_Library/Core/Src/usbd_core.o
 .debug_info    0x000000000000cae3     0x1132 Middlewares/ST/STM32_USB_Device_Library/Core/Src/usbd_ctlreq.o
 .debug_info    0x000000000000dc15      0xf23 Middlewares/ST/STM32_USB_Device_Library/Core/Src/usbd_ioreq.o
 .debug_info    0x000000000000eb38      0xe6b USB_DEVICE/App/usb_device.o
 .debug_info    0x000000000000f9a3     0x159b USB_DEVICE/App/usbd_cdc_if.o
 .debug_info    0x0000000000010f3e      0xd07 USB_DEVICE/App/usbd_desc.o
 .debug_info    0x0000000000011c45     0x1d95 USB_DEVICE/Target/usbd_conf.o

.debug_abbrev   0x0000000000000000     0x2edd
 .debug_abbrev  0x0000000000000000      0x266 Core/Src/main.o
 .debug_abbrev  0x0000000000000266      0x195 Core/Src/stm32f1xx_hal_msp.o
 .debug_abbrev  0x00000000000003fb      0x1df Core/Src/stm32f1xx_it.o
 .debug_abbrev  0x00000000000005da      0x134 Core/Src/system_stm32f1xx.o
 .debug_abbrev  0x000000000000070e       0x12 Core/Startup/startup_stm32f103c8tx.o
 .debug_abbrev  0x0000000000000720      0x1d8 Drivers/STM32F1xx_HAL_Driver/Src/stm32f1xx_hal.o
 .debug_abbrev  0x00000000000008f8      0x2d5 Drivers/STM32F1xx_HAL_Driver/Src/stm32f1xx_hal_cortex.o
 .debug_abbrev  0x0000000000000bcd      0x1fe Drivers/STM32F1xx_HAL_Driver/Src/stm32f1xx_hal_dma.o
 .debug_abbrev  0x0000000000000dcb      0x1c0 Drivers/STM32F1xx_HAL_Driver/Src/stm32f1xx_hal_gpio.o
 .debug_abbrev  0x0000000000000f8b      0x263 Drivers/STM32F1xx_HAL_Driver/Src/stm32f1xx_hal_pcd.o
 .debug_abbrev  0x00000000000011ee      0x188 Drivers/STM32F1xx_HAL_Driver/Src/stm32f1xx_hal_pcd_ex.o
 .debug_abbrev  0x0000000000001376      0x243 Drivers/STM32F1xx_HAL_Driver/Src/stm32f1xx_hal_rcc.o
 .debug_abbrev  0x00000000000015b9      0x175 Drivers/STM32F1xx_HAL_Driver/Src/stm32f1xx_hal_rcc_ex.o
 .debug_abbrev  0x000000000000172e      0x242 Drivers/STM32F1xx_HAL_Driver/Src/stm32f1xx_hal_uart.o
 .debug_abbrev  0x0000000000001970      0x1c5 Drivers/STM32F1xx_HAL_Driver/Src/stm32f1xx_ll_usb.o
 .debug_abbrev  0x0000000000001b35      0x2b6 Middlewares/ST/STM32_USB_Device_Library/Class/CDC/Src/usbd_cdc.o
 .debug_abbrev  0x0000000000001deb      0x270 Middlewares/ST/STM32_USB_Device_Library/Core/Src/usbd_core.o
 .debug_abbrev  0x000000000000205b      0x2a0 Middlewares/ST/STM32_USB_Device_Library/Core/Src/usbd_ctlreq.o
 .debug_abbrev  0x00000000000022fb      0x1e0 Middlewares/ST/STM32_USB_Device_Library/Core/Src/usbd_ioreq.o
 .debug_abbrev  0x00000000000024db      0x1be USB_DEVICE/App/usb_device.o
 .debug_abbrev  0x0000000000002699      0x2d9 USB_DEVICE/App/usbd_cdc_if.o
 .debug_abbrev  0x0000000000002972      0x290 USB_DEVICE/App/usbd_desc.o
 .debug_abbrev  0x0000000000002c02      0x2db USB_DEVICE/Target/usbd_conf.o

.debug_aranges  0x0000000000000000      0xd10
 .debug_aranges
                0x0000000000000000       0x48 Core/Src/main.o
 .debug_aranges
                0x0000000000000048       0x30 Core/Src/stm32f1xx_hal_msp.o
 .debug_aranges
                0x0000000000000078       0x80 Core/Src/stm32f1xx_it.o
 .debug_aranges
                0x00000000000000f8       0x28 Core/Src/system_stm32f1xx.o
 .debug_aranges
                0x0000000000000120       0x28 Core/Startup/startup_stm32f103c8tx.o
 .debug_aranges
                0x0000000000000148       0xe0 Drivers/STM32F1xx_HAL_Driver/Src/stm32f1xx_hal.o
 .debug_aranges
                0x0000000000000228      0x100 Drivers/STM32F1xx_HAL_Driver/Src/stm32f1xx_hal_cortex.o
 .debug_aranges
                0x0000000000000328       0x80 Drivers/STM32F1xx_HAL_Driver/Src/stm32f1xx_hal_dma.o
 .debug_aranges
                0x00000000000003a8       0x58 Drivers/STM32F1xx_HAL_Driver/Src/stm32f1xx_hal_gpio.o
 .debug_aranges
                0x0000000000000400      0x120 Drivers/STM32F1xx_HAL_Driver/Src/stm32f1xx_hal_pcd.o
 .debug_aranges
                0x0000000000000520       0x38 Drivers/STM32F1xx_HAL_Driver/Src/stm32f1xx_hal_pcd_ex.o
 .debug_aranges
                0x0000000000000558       0x90 Drivers/STM32F1xx_HAL_Driver/Src/stm32f1xx_hal_rcc.o
 .debug_aranges
                0x00000000000005e8       0x30 Drivers/STM32F1xx_HAL_Driver/Src/stm32f1xx_hal_rcc_ex.o
 .debug_aranges
                0x0000000000000618      0x1d0 Drivers/STM32F1xx_HAL_Driver/Src/stm32f1xx_hal_uart.o
 .debug_aranges
                0x00000000000007e8      0x108 Drivers/STM32F1xx_HAL_Driver/Src/stm32f1xx_ll_usb.o
 .debug_aranges
                0x00000000000008f0       0x90 Middlewares/ST/STM32_USB_Device_Library/Class/CDC/Src/usbd_cdc.o
 .debug_aranges
                0x0000000000000980       0xb8 Middlewares/ST/STM32_USB_Device_Library/Core/Src/usbd_core.o
 .debug_aranges
                0x0000000000000a38       0x88 Middlewares/ST/STM32_USB_Device_Library/Core/Src/usbd_ctlreq.o
 .debug_aranges
                0x0000000000000ac0       0x50 Middlewares/ST/STM32_USB_Device_Library/Core/Src/usbd_ioreq.o
 .debug_aranges
                0x0000000000000b10       0x20 USB_DEVICE/App/usb_device.o
 .debug_aranges
                0x0000000000000b30       0x68 USB_DEVICE/App/usbd_cdc_if.o
 .debug_aranges
                0x0000000000000b98       0x60 USB_DEVICE/App/usbd_desc.o
 .debug_aranges
                0x0000000000000bf8      0x118 USB_DEVICE/Target/usbd_conf.o

.debug_ranges   0x0000000000000000      0xba8
 .debug_ranges  0x0000000000000000       0x38 Core/Src/main.o
 .debug_ranges  0x0000000000000038       0x20 Core/Src/stm32f1xx_hal_msp.o
 .debug_ranges  0x0000000000000058       0x70 Core/Src/stm32f1xx_it.o
 .debug_ranges  0x00000000000000c8       0x18 Core/Src/system_stm32f1xx.o
 .debug_ranges  0x00000000000000e0       0x20 Core/Startup/startup_stm32f103c8tx.o
 .debug_ranges  0x0000000000000100       0xd0 Drivers/STM32F1xx_HAL_Driver/Src/stm32f1xx_hal.o
 .debug_ranges  0x00000000000001d0       0xf0 Drivers/STM32F1xx_HAL_Driver/Src/stm32f1xx_hal_cortex.o
 .debug_ranges  0x00000000000002c0       0x70 Drivers/STM32F1xx_HAL_Driver/Src/stm32f1xx_hal_dma.o
 .debug_ranges  0x0000000000000330       0x48 Drivers/STM32F1xx_HAL_Driver/Src/stm32f1xx_hal_gpio.o
 .debug_ranges  0x0000000000000378      0x110 Drivers/STM32F1xx_HAL_Driver/Src/stm32f1xx_hal_pcd.o
 .debug_ranges  0x0000000000000488       0x28 Drivers/STM32F1xx_HAL_Driver/Src/stm32f1xx_hal_pcd_ex.o
 .debug_ranges  0x00000000000004b0       0x80 Drivers/STM32F1xx_HAL_Driver/Src/stm32f1xx_hal_rcc.o
 .debug_ranges  0x0000000000000530       0x20 Drivers/STM32F1xx_HAL_Driver/Src/stm32f1xx_hal_rcc_ex.o
 .debug_ranges  0x0000000000000550      0x1c0 Drivers/STM32F1xx_HAL_Driver/Src/stm32f1xx_hal_uart.o
 .debug_ranges  0x0000000000000710       0xf8 Drivers/STM32F1xx_HAL_Driver/Src/stm32f1xx_ll_usb.o
 .debug_ranges  0x0000000000000808       0x80 Middlewares/ST/STM32_USB_Device_Library/Class/CDC/Src/usbd_cdc.o
 .debug_ranges  0x0000000000000888       0xa8 Middlewares/ST/STM32_USB_Device_Library/Core/Src/usbd_core.o
 .debug_ranges  0x0000000000000930       0x78 Middlewares/ST/STM32_USB_Device_Library/Core/Src/usbd_ctlreq.o
 .debug_ranges  0x00000000000009a8       0x40 Middlewares/ST/STM32_USB_Device_Library/Core/Src/usbd_ioreq.o
 .debug_ranges  0x00000000000009e8       0x10 USB_DEVICE/App/usb_device.o
 .debug_ranges  0x00000000000009f8       0x58 USB_DEVICE/App/usbd_cdc_if.o
 .debug_ranges  0x0000000000000a50       0x50 USB_DEVICE/App/usbd_desc.o
 .debug_ranges  0x0000000000000aa0      0x108 USB_DEVICE/Target/usbd_conf.o

.debug_macro    0x0000000000000000    0x168cc
 .debug_macro   0x0000000000000000      0x395 Core/Src/main.o
 .debug_macro   0x0000000000000395      0xa5a Core/Src/main.o
 .debug_macro   0x0000000000000def      0x221 Core/Src/main.o
 .debug_macro   0x0000000000001010       0x2e Core/Src/main.o
 .debug_macro   0x000000000000103e       0x22 Core/Src/main.o
 .debug_macro   0x0000000000001060       0x22 Core/Src/main.o
 .debug_macro   0x0000000000001082       0x8e Core/Src/main.o
 .debug_macro   0x0000000000001110       0x51 Core/Src/main.o
 .debug_macro   0x0000000000001161       0xef Core/Src/main.o
 .debug_macro   0x0000000000001250       0x6a Core/Src/main.o
 .debug_macro   0x00000000000012ba      0x1df Core/Src/main.o
 .debug_macro   0x0000000000001499       0x1c Core/Src/main.o
 .debug_macro   0x00000000000014b5       0x22 Core/Src/main.o
 .debug_macro   0x00000000000014d7       0xc3 Core/Src/main.o
 .debug_macro   0x000000000000159a      0xd23 Core/Src/main.o
 .debug_macro   0x00000000000022bd     0xe09e Core/Src/main.o
 .debug_macro   0x000000000001035b       0x43 Core/Src/main.o
 .debug_macro   0x000000000001039e      0x174 Core/Src/main.o
 .debug_macro   0x0000000000010512       0x5a Core/Src/main.o
 .debug_macro   0x000000000001056c      0x5be Core/Src/main.o
 .debug_macro   0x0000000000010b2a      0x289 Core/Src/main.o
 .debug_macro   0x0000000000010db3      0x1cb Core/Src/main.o
 .debug_macro   0x0000000000010f7e      0x114 Core/Src/main.o
 .debug_macro   0x0000000000011092      0x1b2 Core/Src/main.o
 .debug_macro   0x0000000000011244       0x27 Core/Src/main.o
 .debug_macro   0x000000000001126b      0x136 Core/Src/main.o
 .debug_macro   0x00000000000113a1      0x1bc Core/Src/main.o
 .debug_macro   0x000000000001155d       0x34 Core/Src/main.o
 .debug_macro   0x0000000000011591       0x3c Core/Src/main.o
 .debug_macro   0x00000000000115cd       0x57 Core/Src/main.o
 .debug_macro   0x0000000000011624       0x88 Core/Src/main.o
 .debug_macro   0x00000000000116ac      0x241 Core/Src/main.o
 .debug_macro   0x00000000000118ed      0x141 Core/Src/main.o
 .debug_macro   0x0000000000011a2e      0x26b Core/Src/main.o
 .debug_macro   0x0000000000011c99       0x65 Core/Src/main.o
 .debug_macro   0x0000000000011cfe      0x249 Core/Src/main.o
 .debug_macro   0x0000000000011f47       0x83 Core/Src/main.o
 .debug_macro   0x0000000000011fca       0x46 Core/Src/main.o
 .debug_macro   0x0000000000012010       0x18 Core/Src/main.o
 .debug_macro   0x0000000000012028       0x3c Core/Src/main.o
 .debug_macro   0x0000000000012064       0x34 Core/Src/main.o
 .debug_macro   0x0000000000012098       0x16 Core/Src/main.o
 .debug_macro   0x00000000000120ae       0x35 Core/Src/main.o
 .debug_macro   0x00000000000120e3      0x32a Core/Src/main.o
 .debug_macro   0x000000000001240d       0x10 Core/Src/main.o
 .debug_macro   0x000000000001241d       0x52 Core/Src/main.o
 .debug_macro   0x000000000001246f       0x1f Core/Src/main.o
 .debug_macro   0x000000000001248e       0x43 Core/Src/main.o
 .debug_macro   0x00000000000124d1       0x20 Core/Src/main.o
 .debug_macro   0x00000000000124f1      0x1a3 Core/Src/main.o
 .debug_macro   0x0000000000012694       0x10 Core/Src/main.o
 .debug_macro   0x00000000000126a4       0x1c Core/Src/main.o
 .debug_macro   0x00000000000126c0       0x52 Core/Src/main.o
 .debug_macro   0x0000000000012712       0x40 Core/Src/main.o
 .debug_macro   0x0000000000012752       0x10 Core/Src/main.o
 .debug_macro   0x0000000000012762       0x40 Core/Src/main.o
 .debug_macro   0x00000000000127a2       0xd7 Core/Src/main.o
 .debug_macro   0x0000000000012879       0x1c Core/Src/main.o
 .debug_macro   0x0000000000012895       0x3d Core/Src/main.o
 .debug_macro   0x00000000000128d2       0x16 Core/Src/main.o
 .debug_macro   0x00000000000128e8      0x145 Core/Src/main.o
 .debug_macro   0x0000000000012a2d       0x16 Core/Src/main.o
 .debug_macro   0x0000000000012a43       0x16 Core/Src/main.o
 .debug_macro   0x0000000000012a59       0x29 Core/Src/main.o
 .debug_macro   0x0000000000012a82       0x16 Core/Src/main.o
 .debug_macro   0x0000000000012a98       0x20 Core/Src/main.o
 .debug_macro   0x0000000000012ab8       0x60 Core/Src/main.o
 .debug_macro   0x0000000000012b18      0x1c8 Core/Src/main.o
 .debug_macro   0x0000000000012ce0      0x1b3 Core/Src/stm32f1xx_hal_msp.o
 .debug_macro   0x0000000000012e93      0x3d6 Core/Src/stm32f1xx_it.o
 .debug_macro   0x0000000000013269       0x8f Core/Src/stm32f1xx_it.o
 .debug_macro   0x00000000000132f8      0x1af Core/Src/system_stm32f1xx.o
 .debug_macro   0x00000000000134a7      0x1cd Drivers/STM32F1xx_HAL_Driver/Src/stm32f1xx_hal.o
 .debug_macro   0x0000000000013674      0x1a9 Drivers/STM32F1xx_HAL_Driver/Src/stm32f1xx_hal_cortex.o
 .debug_macro   0x000000000001381d      0x1a9 Drivers/STM32F1xx_HAL_Driver/Src/stm32f1xx_hal_dma.o
 .debug_macro   0x00000000000139c6      0x214 Drivers/STM32F1xx_HAL_Driver/Src/stm32f1xx_hal_gpio.o
 .debug_macro   0x0000000000013bda      0x1b5 Drivers/STM32F1xx_HAL_Driver/Src/stm32f1xx_hal_pcd.o
 .debug_macro   0x0000000000013d8f      0x1a9 Drivers/STM32F1xx_HAL_Driver/Src/stm32f1xx_hal_pcd_ex.o
 .debug_macro   0x0000000000013f38      0x1bb Drivers/STM32F1xx_HAL_Driver/Src/stm32f1xx_hal_rcc.o
 .debug_macro   0x00000000000140f3      0x1a9 Drivers/STM32F1xx_HAL_Driver/Src/stm32f1xx_hal_rcc_ex.o
 .debug_macro   0x000000000001429c      0x1aa Drivers/STM32F1xx_HAL_Driver/Src/stm32f1xx_hal_uart.o
 .debug_macro   0x0000000000014446      0x1a9 Drivers/STM32F1xx_HAL_Driver/Src/stm32f1xx_ll_usb.o
 .debug_macro   0x00000000000145ef      0x3c0 Middlewares/ST/STM32_USB_Device_Library/Class/CDC/Src/usbd_cdc.o
 .debug_macro   0x00000000000149af       0x97 Middlewares/ST/STM32_USB_Device_Library/Class/CDC/Src/usbd_cdc.o
 .debug_macro   0x0000000000014a46       0xfd Middlewares/ST/STM32_USB_Device_Library/Class/CDC/Src/usbd_cdc.o
 .debug_macro   0x0000000000014b43       0xbd Middlewares/ST/STM32_USB_Device_Library/Class/CDC/Src/usbd_cdc.o
 .debug_macro   0x0000000000014c00       0x54 Middlewares/ST/STM32_USB_Device_Library/Class/CDC/Src/usbd_cdc.o
 .debug_macro   0x0000000000014c54      0x3a7 Middlewares/ST/STM32_USB_Device_Library/Core/Src/usbd_core.o
 .debug_macro   0x0000000000014ffb      0x1ce Middlewares/ST/STM32_USB_Device_Library/Core/Src/usbd_core.o
 .debug_macro   0x00000000000151c9      0x3b1 Middlewares/ST/STM32_USB_Device_Library/Core/Src/usbd_ctlreq.o
 .debug_macro   0x000000000001557a      0x3ad Middlewares/ST/STM32_USB_Device_Library/Core/Src/usbd_ioreq.o
 .debug_macro   0x0000000000015927      0x3e7 USB_DEVICE/App/usb_device.o
 .debug_macro   0x0000000000015d0e       0x22 USB_DEVICE/App/usb_device.o
 .debug_macro   0x0000000000015d30      0x3d2 USB_DEVICE/App/usbd_cdc_if.o
 .debug_macro   0x0000000000016102      0x3e4 USB_DEVICE/App/usbd_desc.o
 .debug_macro   0x00000000000164e6       0x1c USB_DEVICE/App/usbd_desc.o
 .debug_macro   0x0000000000016502      0x3ca USB_DEVICE/Target/usbd_conf.o

.debug_line     0x0000000000000000     0xdb73
 .debug_line    0x0000000000000000      0x9c5 Core/Src/main.o
 .debug_line    0x00000000000009c5      0x6d0 Core/Src/stm32f1xx_hal_msp.o
 .debug_line    0x0000000000001095      0xaa0 Core/Src/stm32f1xx_it.o
 .debug_line    0x0000000000001b35      0x6ad Core/Src/system_stm32f1xx.o
 .debug_line    0x00000000000021e2       0x84 Core/Startup/startup_stm32f103c8tx.o
 .debug_line    0x0000000000002266      0x855 Drivers/STM32F1xx_HAL_Driver/Src/stm32f1xx_hal.o
 .debug_line    0x0000000000002abb      0x92e Drivers/STM32F1xx_HAL_Driver/Src/stm32f1xx_hal_cortex.o
 .debug_line    0x00000000000033e9      0xabc Drivers/STM32F1xx_HAL_Driver/Src/stm32f1xx_hal_dma.o
 .debug_line    0x0000000000003ea5      0x855 Drivers/STM32F1xx_HAL_Driver/Src/stm32f1xx_hal_gpio.o
 .debug_line    0x00000000000046fa      0xb48 Drivers/STM32F1xx_HAL_Driver/Src/stm32f1xx_hal_pcd.o
 .debug_line    0x0000000000005242      0x6c8 Drivers/STM32F1xx_HAL_Driver/Src/stm32f1xx_hal_pcd_ex.o
 .debug_line    0x000000000000590a      0x917 Drivers/STM32F1xx_HAL_Driver/Src/stm32f1xx_hal_rcc.o
 .debug_line    0x0000000000006221      0x735 Drivers/STM32F1xx_HAL_Driver/Src/stm32f1xx_hal_rcc_ex.o
 .debug_line    0x0000000000006956      0xf60 Drivers/STM32F1xx_HAL_Driver/Src/stm32f1xx_hal_uart.o
 .debug_line    0x00000000000078b6      0xb61 Drivers/STM32F1xx_HAL_Driver/Src/stm32f1xx_ll_usb.o
 .debug_line    0x0000000000008417      0xb3f Middlewares/ST/STM32_USB_Device_Library/Class/CDC/Src/usbd_cdc.o
 .debug_line    0x0000000000008f56      0xb7a Middlewares/ST/STM32_USB_Device_Library/Core/Src/usbd_core.o
 .debug_line    0x0000000000009ad0      0xc03 Middlewares/ST/STM32_USB_Device_Library/Core/Src/usbd_ctlreq.o
 .debug_line    0x000000000000a6d3      0x9e3 Middlewares/ST/STM32_USB_Device_Library/Core/Src/usbd_ioreq.o
 .debug_line    0x000000000000b0b6      0x9c5 USB_DEVICE/App/usb_device.o
 .debug_line    0x000000000000ba7b      0xae1 USB_DEVICE/App/usbd_cdc_if.o
 .debug_line    0x000000000000c55c      0xa17 USB_DEVICE/App/usbd_desc.o
 .debug_line    0x000000000000cf73      0xc00 USB_DEVICE/Target/usbd_conf.o

.debug_str      0x0000000000000000    0x6f641
 .debug_str     0x0000000000000000    0x6c2a9 Core/Src/main.o
                                      0x6c6cb (size before relaxing)
 .debug_str     0x000000000006c2a9       0x84 Core/Src/stm32f1xx_hal_msp.o
                                      0x67958 (size before relaxing)
 .debug_str     0x000000000006c32d      0xa41 Core/Src/stm32f1xx_it.o
                                      0x6cc18 (size before relaxing)
 .debug_str     0x000000000006cd6e       0xc2 Core/Src/system_stm32f1xx.o
                                      0x6729e (size before relaxing)
 .debug_str     0x000000000006ce30       0x36 Core/Startup/startup_stm32f103c8tx.o
                                         0x78 (size before relaxing)
 .debug_str     0x000000000006ce66      0x3bb Drivers/STM32F1xx_HAL_Driver/Src/stm32f1xx_hal.o
                                      0x678af (size before relaxing)
 .debug_str     0x000000000006d221      0x2a0 Drivers/STM32F1xx_HAL_Driver/Src/stm32f1xx_hal_cortex.o
                                      0x678bd (size before relaxing)
 .debug_str     0x000000000006d4c1      0x244 Drivers/STM32F1xx_HAL_Driver/Src/stm32f1xx_hal_dma.o
                                      0x675ff (size before relaxing)
 .debug_str     0x000000000006d705      0x31f Drivers/STM32F1xx_HAL_Driver/Src/stm32f1xx_hal_gpio.o
                                      0x675e8 (size before relaxing)
 .debug_str     0x000000000006da24      0x3af Drivers/STM32F1xx_HAL_Driver/Src/stm32f1xx_hal_pcd.o
                                      0x678cf (size before relaxing)
 .debug_str     0x000000000006ddd3      0x18d Drivers/STM32F1xx_HAL_Driver/Src/stm32f1xx_hal_pcd_ex.o
                                      0x676ab (size before relaxing)
 .debug_str     0x000000000006df60      0x263 Drivers/STM32F1xx_HAL_Driver/Src/stm32f1xx_hal_rcc.o
                                      0x67621 (size before relaxing)
 .debug_str     0x000000000006e1c3       0xb9 Drivers/STM32F1xx_HAL_Driver/Src/stm32f1xx_hal_rcc_ex.o
                                      0x673ae (size before relaxing)
 .debug_str     0x000000000006e27c      0x51c Drivers/STM32F1xx_HAL_Driver/Src/stm32f1xx_hal_uart.o
                                      0x67b10 (size before relaxing)
 .debug_str     0x000000000006e798      0x2f8 Drivers/STM32F1xx_HAL_Driver/Src/stm32f1xx_ll_usb.o
                                      0x67715 (size before relaxing)
 .debug_str     0x000000000006ea90      0x28b Middlewares/ST/STM32_USB_Device_Library/Class/CDC/Src/usbd_cdc.o
                                      0x6ca17 (size before relaxing)
 .debug_str     0x000000000006ed1b      0x1b5 Middlewares/ST/STM32_USB_Device_Library/Core/Src/usbd_core.o
                                      0x6c32b (size before relaxing)
 .debug_str     0x000000000006eed0      0x134 Middlewares/ST/STM32_USB_Device_Library/Core/Src/usbd_ctlreq.o
                                      0x6c2b1 (size before relaxing)
 .debug_str     0x000000000006f004       0xc9 Middlewares/ST/STM32_USB_Device_Library/Core/Src/usbd_ioreq.o
                                      0x6c239 (size before relaxing)
 .debug_str     0x000000000006f0cd       0xc2 USB_DEVICE/App/usb_device.o
                                      0x6c574 (size before relaxing)
 .debug_str     0x000000000006f18f      0x112 USB_DEVICE/App/usbd_cdc_if.o
                                      0x6ca1c (size before relaxing)
 .debug_str     0x000000000006f2a1      0x24c USB_DEVICE/App/usbd_desc.o
                                      0x6c198 (size before relaxing)
 .debug_str     0x000000000006f4ed      0x154 USB_DEVICE/Target/usbd_conf.o
                                      0x6ce3d (size before relaxing)

.comment        0x0000000000000000       0x7b
 .comment       0x0000000000000000       0x7b Core/Src/main.o
                                         0x7c (size before relaxing)
 .comment       0x000000000000007b       0x7c Core/Src/stm32f1xx_hal_msp.o
 .comment       0x000000000000007b       0x7c Core/Src/stm32f1xx_it.o
 .comment       0x000000000000007b       0x7c Core/Src/system_stm32f1xx.o
 .comment       0x000000000000007b       0x7c Drivers/STM32F1xx_HAL_Driver/Src/stm32f1xx_hal.o
 .comment       0x000000000000007b       0x7c Drivers/STM32F1xx_HAL_Driver/Src/stm32f1xx_hal_cortex.o
 .comment       0x000000000000007b       0x7c Drivers/STM32F1xx_HAL_Driver/Src/stm32f1xx_hal_dma.o
 .comment       0x000000000000007b       0x7c Drivers/STM32F1xx_HAL_Driver/Src/stm32f1xx_hal_gpio.o
 .comment       0x000000000000007b       0x7c Drivers/STM32F1xx_HAL_Driver/Src/stm32f1xx_hal_pcd.o
 .comment       0x000000000000007b       0x7c Drivers/STM32F1xx_HAL_Driver/Src/stm32f1xx_hal_pcd_ex.o
 .comment       0x000000000000007b       0x7c Drivers/STM32F1xx_HAL_Driver/Src/stm32f1xx_hal_rcc.o
 .comment       0x000000000000007b       0x7c Drivers/STM32F1xx_HAL_Driver/Src/stm32f1xx_hal_rcc_ex.o
 .comment       0x000000000000007b       0x7c Drivers/STM32F1xx_HAL_Driver/Src/stm32f1xx_hal_uart.o
 .comment       0x000000000000007b       0x7c Drivers/STM32F1xx_HAL_Driver/Src/stm32f1xx_ll_usb.o
 .comment       0x000000000000007b       0x7c Middlewares/ST/STM32_USB_Device_Library/Class/CDC/Src/usbd_cdc.o
 .comment       0x000000000000007b       0x7c Middlewares/ST/STM32_USB_Device_Library/Core/Src/usbd_core.o
 .comment       0x000000000000007b       0x7c Middlewares/ST/STM32_USB_Device_Library/Core/Src/usbd_ctlreq.o
 .comment       0x000000000000007b       0x7c Middlewares/ST/STM32_USB_Device_Library/Core/Src/usbd_ioreq.o
 .comment       0x000000000000007b       0x7c USB_DEVICE/App/usb_device.o
 .comment       0x000000000000007b       0x7c USB_DEVICE/App/usbd_cdc_if.o
 .comment       0x000000000000007b       0x7c USB_DEVICE/App/usbd_desc.o
 .comment       0x000000000000007b       0x7c USB_DEVICE/Target/usbd_conf.o

.debug_frame    0x0000000000000000     0x3380
 .debug_frame   0x0000000000000000       0xdc Core/Src/main.o
 .debug_frame   0x00000000000000dc       0x7c Core/Src/stm32f1xx_hal_msp.o
 .debug_frame   0x0000000000000158      0x17c Core/Src/stm32f1xx_it.o
 .debug_frame   0x00000000000002d4       0x58 Core/Src/system_stm32f1xx.o
 .debug_frame   0x000000000000032c      0x334 Drivers/STM32F1xx_HAL_Driver/Src/stm32f1xx_hal.o
 .debug_frame   0x0000000000000660      0x428 Drivers/STM32F1xx_HAL_Driver/Src/stm32f1xx_hal_cortex.o
 .debug_frame   0x0000000000000a88      0x208 Drivers/STM32F1xx_HAL_Driver/Src/stm32f1xx_hal_dma.o
 .debug_frame   0x0000000000000c90      0x14c Drivers/STM32F1xx_HAL_Driver/Src/stm32f1xx_hal_gpio.o
 .debug_frame   0x0000000000000ddc      0x500 Drivers/STM32F1xx_HAL_Driver/Src/stm32f1xx_hal_pcd.o
 .debug_frame   0x00000000000012dc       0xb0 Drivers/STM32F1xx_HAL_Driver/Src/stm32f1xx_hal_pcd_ex.o
 .debug_frame   0x000000000000138c      0x21c Drivers/STM32F1xx_HAL_Driver/Src/stm32f1xx_hal_rcc.o
 .debug_frame   0x00000000000015a8       0x84 Drivers/STM32F1xx_HAL_Driver/Src/stm32f1xx_hal_rcc_ex.o
 .debug_frame   0x000000000000162c      0x834 Drivers/STM32F1xx_HAL_Driver/Src/stm32f1xx_hal_uart.o
 .debug_frame   0x0000000000001e60      0x4d8 Drivers/STM32F1xx_HAL_Driver/Src/stm32f1xx_ll_usb.o
 .debug_frame   0x0000000000002338      0x248 Middlewares/ST/STM32_USB_Device_Library/Class/CDC/Src/usbd_cdc.o
 .debug_frame   0x0000000000002580      0x300 Middlewares/ST/STM32_USB_Device_Library/Core/Src/usbd_core.o
 .debug_frame   0x0000000000002880      0x218 Middlewares/ST/STM32_USB_Device_Library/Core/Src/usbd_ctlreq.o
 .debug_frame   0x0000000000002a98      0x10c Middlewares/ST/STM32_USB_Device_Library/Core/Src/usbd_ioreq.o
 .debug_frame   0x0000000000002ba4       0x2c USB_DEVICE/App/usb_device.o
 .debug_frame   0x0000000000002bd0      0x160 USB_DEVICE/App/usbd_cdc_if.o
 .debug_frame   0x0000000000002d30      0x160 USB_DEVICE/App/usbd_desc.o
 .debug_frame   0x0000000000002e90      0x4a4 USB_DEVICE/Target/usbd_conf.o
 .debug_frame   0x0000000000003334       0x2c /Applications/STM32CubeIDE.app/Contents/Eclipse/plugins/com.st.stm32cube.ide.mcu.externaltools.gnu-tools-for-stm32.7-2018-q2-update.macos64_1.0.0.201904181610/tools/bin/../lib/gcc/arm-none-eabi/7.3.1/../../../../arm-none-eabi/lib/thumb/v7-m/libc_nano.a(lib_a-init.o)
 .debug_frame   0x0000000000003360       0x20 /Applications/STM32CubeIDE.app/Contents/Eclipse/plugins/com.st.stm32cube.ide.mcu.externaltools.gnu-tools-for-stm32.7-2018-q2-update.macos64_1.0.0.201904181610/tools/bin/../lib/gcc/arm-none-eabi/7.3.1/../../../../arm-none-eabi/lib/thumb/v7-m/libc_nano.a(lib_a-memset.o)
