tusb_types.h:440:26:tu_edpt_dir	16	static
tusb_types.h:446:23:tu_edpt_number	16	static
tusb_types.h:459:31:tu_desc_next	24	static
tusb_types.h:465:23:tu_desc_type	16	static
tusb_types.h:470:23:tu_desc_len	16	static
tusb_common.h:95:23:tu_u16_high	16	static
tusb_common.h:96:23:tu_u16_low	16	static
osal_none.h:146:20:_osal_q_lock	16	static
osal_none.h:160:20:_osal_q_unlock	16	static
osal_none.h:173:28:osal_queue_create	16	static
osal_none.h:180:20:osal_queue_receive	24	static
osal_none.h:189:20:osal_queue_send	32	static,ignoring_inline_asm
usbd.c:273:6:tud_mounted	4	static
usbd.c:278:6:tud_suspended	4	static
usbd.c:283:6:tud_remote_wakeup	8	static
usbd.c:294:6:tud_init	16	static,ignoring_inline_asm
usbd.c:318:13:usbd_reset	24	static
usbd.c:351:6:tud_task	48	static,ignoring_inline_asm
usbd.c:455:13:invoke_class_control	24	static,ignoring_inline_asm
usbd.c:466:13:process_control_request	80	static,ignoring_inline_asm
usbd.c:693:13:process_set_config	64	static,ignoring_inline_asm
usbd.c:748:13:mark_interface_endpoint	40	static
usbd.c:767:13:process_get_descriptor	48	static,ignoring_inline_asm
usbd.c:835:6:dcd_event_handler	16	static
usbd.c:876:6:dcd_event_bus_signal	32	static
usbd.c:882:6:dcd_event_setup_received	32	static
usbd.c:890:6:dcd_event_xfer_complete	32	static
usbd.c:906:6:usbd_open_edpt_pair	32	static,ignoring_inline_asm
usbd.c:930:6:usbd_defer_func	40	static
usbd.c:948:6:usbd_edpt_xfer	24	static
usbd.c:961:6:usbd_edpt_busy	24	static
usbd.c:971:6:usbd_edpt_stall	24	static
usbd.c:981:6:usbd_edpt_clear_stall	24	static
usbd.c:991:6:usbd_edpt_stalled	24	static
