cdc_device.h:116:24:tud_cdc_n_write_char	16	static
cdc_device.h:121:24:tud_cdc_n_write_str	16	static
cdc_device.h:126:20:tud_cdc_connected	8	static
cdc_device.h:146:24:tud_cdc_available	8	static
cdc_device.h:156:24:tud_cdc_read	16	static
cdc_device.h:171:24:tud_cdc_write_char	16	static
cdc_device.h:181:24:tud_cdc_write_str	16	static
cdc_device.h:186:20:tud_cdc_write_flush	8	static
midi_device.h:110:24:tud_midi_write	24	static
midi_device.h:115:24:tudi_midi_write24	32	static
main.c:95:5:main	8	static
main.c:164:6:SystemClock_Config	88	static
main.c:208:13:MX_I2C1_Init	8	static
main.c:242:13:MX_TIM1_Init	96	static
main.c:316:13:MX_USART1_UART_Init	8	static
main.c:349:13:MX_USART2_UART_Init	8	static
main.c:382:13:MX_USB_PCD_Init	8	static
main.c:413:13:MX_GPIO_Init	40	static
main.c:472:6:tud_mount_cb	4	static
main.c:478:6:tud_umount_cb	4	static
main.c:486:6:tud_suspend_cb	16	static
main.c:493:6:tud_resume_cb	4	static
main.c:504:6:cdc_task	80	static
main.c:529:6:tud_cdc_line_state_cb	16	static
main.c:542:6:tud_cdc_rx_cb	16	static
main.c:554:6:hid_task	32	static
main.c:615:10:tud_hid_get_report_cb	16	static
main.c:628:6:tud_hid_set_report_cb	16	static
main.c:655:6:midi_task	16	static
main.c:684:10:board_millis	8	static
main.c:692:6:led_blinking_task	8	static
main.c:710:6:Error_Handler	4	static
