tusb_types.h:459:31:tu_desc_next	24	static
tusb_types.h:465:23:tu_desc_type	16	static
tusb_types.h:470:23:tu_desc_len	16	static
tusb_common.h:123:20:tu_within	24	static
tusb_common.h:144:24:tu_bit_test	16	static
usbd.h:60:20:tud_ready	8	static
tusb_fifo.h:112:24:tu_fifo_count	16	static
tusb_fifo.h:117:24:tu_fifo_remaining	16	static
cdc_device.c:76:13:_prep_out_transaction	24	static
cdc_device.c:94:6:tud_cdc_n_connected	16	static
cdc_device.c:100:9:tud_cdc_n_get_line_state	16	static
cdc_device.c:105:6:tud_cdc_n_get_line_coding	16	static
cdc_device.c:110:6:tud_cdc_n_set_wanted_char	16	static
cdc_device.c:119:10:tud_cdc_n_available	16	static
cdc_device.c:124:10:tud_cdc_n_read	32	static
cdc_device.c:131:6:tud_cdc_n_peek	24	static
cdc_device.c:136:6:tud_cdc_n_read_flush	16	static
cdc_device.c:145:10:tud_cdc_n_write	32	static
cdc_device.c:160:6:tud_cdc_n_write_flush	32	static,ignoring_inline_asm
cdc_device.c:175:10:tud_cdc_n_write_available	16	static
cdc_device.c:184:6:cdcd_init	24	static
cdc_device.c:211:6:cdcd_reset	24	static
cdc_device.c:223:6:cdcd_open	64	static,ignoring_inline_asm
cdc_device.c:290:6:cdcd_control_complete	24	static
cdc_device.c:319:6:cdcd_control_request	32	static
cdc_device.c:365:6:cdcd_xfer_cb	32	static
