tusb_types.h:440:26:tu_edpt_dir	16	static
tusb_types.h:446:23:tu_edpt_number	16	static
tusb_types.h:451:23:tu_edpt_addr	16	static
core_cm3.h:1511:22:__NVIC_EnableIRQ	16	static
core_cm3.h:1547:22:__NVIC_DisableIRQ	16	static,ignoring_inline_asm
dcd_stm32_fsdev_pvt_st.h:110:20:pcd_set_endpoint	32	static
dcd_stm32_fsdev_pvt_st.h:117:24:pcd_get_endpoint	24	static
dcd_stm32_fsdev_pvt_st.h:122:20:pcd_set_eptype	32	static
dcd_stm32_fsdev_pvt_st.h:143:20:pcd_clear_rx_ep_ctr	24	static
dcd_stm32_fsdev_pvt_st.h:149:20:pcd_clear_tx_ep_ctr	24	static
dcd_stm32_fsdev_pvt_st.h:167:24:pcd_get_ep_rx_cnt	24	static
dcd_stm32_fsdev_pvt_st.h:181:20:pcd_set_ep_cnt_rx_reg	24	static
dcd_stm32_fsdev_pvt_st.h:213:20:pcd_set_ep_address	32	static
dcd_stm32_fsdev_pvt_st.h:222:31:pcd_btable_word_ptr	24	static
dcd_stm32_fsdev_pvt_st.h:230:30:pcd_ep_tx_address_ptr	16	static
dcd_stm32_fsdev_pvt_st.h:234:30:pcd_ep_tx_cnt_ptr	16	static
dcd_stm32_fsdev_pvt_st.h:239:30:pcd_ep_rx_address_ptr	16	static
dcd_stm32_fsdev_pvt_st.h:244:30:pcd_ep_rx_cnt_ptr	16	static
dcd_stm32_fsdev_pvt_st.h:249:20:pcd_set_ep_tx_cnt	24	static
dcd_stm32_fsdev_pvt_st.h:254:20:pcd_set_ep_rx_cnt	32	static
dcd_stm32_fsdev_pvt_st.h:267:20:pcd_set_ep_tx_status	32	static
dcd_stm32_fsdev_pvt_st.h:294:20:pcd_set_ep_rx_status	32	static
dcd_stm32_fsdev_pvt_st.h:319:20:pcd_rx_dtog	24	static
dcd_stm32_fsdev_pvt_st.h:327:20:pcd_tx_dtog	24	static
dcd_stm32_fsdev_pvt_st.h:342:20:pcd_clear_rx_dtog	24	static
dcd_stm32_fsdev_pvt_st.h:351:20:pcd_clear_tx_dtog	24	static
dcd_stm32_fsdev_pvt_st.h:375:20:pcd_clear_ep_kind	24	static
dcd_stm32_fsdev.c:171:27:xfer_ctl_ptr	16	static
dcd_stm32_fsdev.c:192:20:reg16_clear_bits	16	static
dcd_stm32_fsdev.c:196:6:dcd_init	40	static,ignoring_inline_asm
dcd_stm32_fsdev.c:254:6:dcd_int_enable	16	static,ignoring_inline_asm
dcd_stm32_fsdev.c:276:6:dcd_int_disable	16	static
dcd_stm32_fsdev.c:298:6:dcd_set_address	16	static
dcd_stm32_fsdev.c:311:6:dcd_set_config	16	static
dcd_stm32_fsdev.c:318:6:dcd_remote_wakeup	16	static
dcd_stm32_fsdev.c:350:13:dcd_handle_bus_reset	16	static
dcd_stm32_fsdev.c:369:17:dcd_ep_ctr_handler	64	static
dcd_stm32_fsdev.c:527:13:dcd_fs_irqHandler	16	static
dcd_stm32_fsdev.c:600:6:dcd_edpt0_status_complete	24	static
dcd_stm32_fsdev.c:619:6:dcd_edpt_open	32	static,ignoring_inline_asm
dcd_stm32_fsdev.c:682:13:dcd_transmit_packet	24	static
dcd_stm32_fsdev.c:698:6:dcd_edpt_xfer	24	static
dcd_stm32_fsdev.c:734:6:dcd_edpt_stall	16	static
dcd_stm32_fsdev.c:748:6:dcd_edpt_clear_stall	16	static
dcd_stm32_fsdev.c:781:13:dcd_write_packet_memory	48	static
dcd_stm32_fsdev.c:813:13:dcd_read_packet_memory	48	static
dcd_stm32_fsdev.c:851:6:USB_HP_CAN1_TX_IRQHandler	8	static
dcd_stm32_fsdev.c:855:6:USB_LP_CAN1_RX0_IRQHandler	8	static
dcd_stm32_fsdev.c:859:6:USBWakeUp_IRQHandler	8	static
