Archive member included to satisfy reference by file (symbol)

/Applications/STM32CubeIDE.app/Contents/Eclipse/plugins/com.st.stm32cube.ide.mcu.externaltools.gnu-tools-for-stm32.7-2018-q2-update.macos64_1.0.0.201904181610/tools/bin/../lib/gcc/arm-none-eabi/7.3.1/../../../../arm-none-eabi/lib/thumb/v7-m/libc_nano.a(lib_a-errno.o)
                              Core/Src/syscalls.o (__errno)
/Applications/STM32CubeIDE.app/Contents/Eclipse/plugins/com.st.stm32cube.ide.mcu.externaltools.gnu-tools-for-stm32.7-2018-q2-update.macos64_1.0.0.201904181610/tools/bin/../lib/gcc/arm-none-eabi/7.3.1/../../../../arm-none-eabi/lib/thumb/v7-m/libc_nano.a(lib_a-exit.o)
                              /Applications/STM32CubeIDE.app/Contents/Eclipse/plugins/com.st.stm32cube.ide.mcu.externaltools.gnu-tools-for-stm32.7-2018-q2-update.macos64_1.0.0.201904181610/tools/bin/../lib/gcc/arm-none-eabi/7.3.1/../../../../arm-none-eabi/lib/thumb/v7-m/crt0.o (exit)
/Applications/STM32CubeIDE.app/Contents/Eclipse/plugins/com.st.stm32cube.ide.mcu.externaltools.gnu-tools-for-stm32.7-2018-q2-update.macos64_1.0.0.201904181610/tools/bin/../lib/gcc/arm-none-eabi/7.3.1/../../../../arm-none-eabi/lib/thumb/v7-m/libc_nano.a(lib_a-impure.o)
                              /Applications/STM32CubeIDE.app/Contents/Eclipse/plugins/com.st.stm32cube.ide.mcu.externaltools.gnu-tools-for-stm32.7-2018-q2-update.macos64_1.0.0.201904181610/tools/bin/../lib/gcc/arm-none-eabi/7.3.1/../../../../arm-none-eabi/lib/thumb/v7-m/libc_nano.a(lib_a-exit.o) (_global_impure_ptr)
/Applications/STM32CubeIDE.app/Contents/Eclipse/plugins/com.st.stm32cube.ide.mcu.externaltools.gnu-tools-for-stm32.7-2018-q2-update.macos64_1.0.0.201904181610/tools/bin/../lib/gcc/arm-none-eabi/7.3.1/../../../../arm-none-eabi/lib/thumb/v7-m/libc_nano.a(lib_a-init.o)
                              /Applications/STM32CubeIDE.app/Contents/Eclipse/plugins/com.st.stm32cube.ide.mcu.externaltools.gnu-tools-for-stm32.7-2018-q2-update.macos64_1.0.0.201904181610/tools/bin/../lib/gcc/arm-none-eabi/7.3.1/../../../../arm-none-eabi/lib/thumb/v7-m/crt0.o (__libc_init_array)
/Applications/STM32CubeIDE.app/Contents/Eclipse/plugins/com.st.stm32cube.ide.mcu.externaltools.gnu-tools-for-stm32.7-2018-q2-update.macos64_1.0.0.201904181610/tools/bin/../lib/gcc/arm-none-eabi/7.3.1/../../../../arm-none-eabi/lib/thumb/v7-m/libc_nano.a(lib_a-memcpy-stub.o)
                              Core/Src/msc_disk.o (memcpy)
/Applications/STM32CubeIDE.app/Contents/Eclipse/plugins/com.st.stm32cube.ide.mcu.externaltools.gnu-tools-for-stm32.7-2018-q2-update.macos64_1.0.0.201904181610/tools/bin/../lib/gcc/arm-none-eabi/7.3.1/../../../../arm-none-eabi/lib/thumb/v7-m/libc_nano.a(lib_a-memmove.o)
                              Drivers/tinyusb/src/class/msc/msc_device.o (memmove)
/Applications/STM32CubeIDE.app/Contents/Eclipse/plugins/com.st.stm32cube.ide.mcu.externaltools.gnu-tools-for-stm32.7-2018-q2-update.macos64_1.0.0.201904181610/tools/bin/../lib/gcc/arm-none-eabi/7.3.1/../../../../arm-none-eabi/lib/thumb/v7-m/libc_nano.a(lib_a-memset.o)
                              /Applications/STM32CubeIDE.app/Contents/Eclipse/plugins/com.st.stm32cube.ide.mcu.externaltools.gnu-tools-for-stm32.7-2018-q2-update.macos64_1.0.0.201904181610/tools/bin/../lib/gcc/arm-none-eabi/7.3.1/../../../../arm-none-eabi/lib/thumb/v7-m/crt0.o (memset)
/Applications/STM32CubeIDE.app/Contents/Eclipse/plugins/com.st.stm32cube.ide.mcu.externaltools.gnu-tools-for-stm32.7-2018-q2-update.macos64_1.0.0.201904181610/tools/bin/../lib/gcc/arm-none-eabi/7.3.1/../../../../arm-none-eabi/lib/thumb/v7-m/libc_nano.a(lib_a-strlen.o)
                              Core/Src/main.o (strlen)

Allocating common symbols
Common symbol       size              file

address             0x1               Core/Src/i2c_handler.o
hi2c1               0x54              Core/Src/main.o
_midid_itf          0x12c             Drivers/tinyusb/src/class/midi/midi_device.o
uwTick              0x4               Drivers/STM32F1xx_HAL_Driver/Src/stm32f1xx_hal.o
pFlash              0x20              Drivers/STM32F1xx_HAL_Driver/Src/stm32f1xx_hal_flash.o
i2c_buttonstate     0x4               Core/Src/button_driver.o
_usbd_qdef_buf      0xc0              Drivers/tinyusb/src/device/usbd.o
outputmap           0x38              Core/Src/led_driver.o
huart1              0x40              Core/Src/main.o
htim1               0x40              Core/Src/main.o
i2cbuf              0x1e              Core/Src/i2c_handler.o
huart2              0x40              Core/Src/main.o
hpcd_USB_FS         0x26c             Core/Src/main.o

Discarded input sections

 .text          0x0000000000000000        0x0 /Applications/STM32CubeIDE.app/Contents/Eclipse/plugins/com.st.stm32cube.ide.mcu.externaltools.gnu-tools-for-stm32.7-2018-q2-update.macos64_1.0.0.201904181610/tools/bin/../lib/gcc/arm-none-eabi/7.3.1/thumb/v7-m/crti.o
[...]
Memory Configuration

Name             Origin             Length             Attributes
RAM              0x0000000020000000 0x0000000000005000 xrw
FLASH            0x0000000008000000 0x0000000000010000 xr
*default*        0x0000000000000000 0xffffffffffffffff

Linker script and memory map

LOAD /Applications/STM32CubeIDE.app/Contents/Eclipse/plugins/com.st.stm32cube.ide.mcu.externaltools.gnu-tools-for-stm32.7-2018-q2-update.macos64_1.0.0.201904181610/tools/bin/../lib/gcc/arm-none-eabi/7.3.1/thumb/v7-m/crti.o
LOAD /Applications/STM32CubeIDE.app/Contents/Eclipse/plugins/com.st.stm32cube.ide.mcu.externaltools.gnu-tools-for-stm32.7-2018-q2-update.macos64_1.0.0.201904181610/tools/bin/../lib/gcc/arm-none-eabi/7.3.1/thumb/v7-m/crtbegin.o
LOAD /Applications/STM32CubeIDE.app/Contents/Eclipse/plugins/com.st.stm32cube.ide.mcu.externaltools.gnu-tools-for-stm32.7-2018-q2-update.macos64_1.0.0.201904181610/tools/bin/../lib/gcc/arm-none-eabi/7.3.1/../../../../arm-none-eabi/lib/thumb/v7-m/crt0.o
LOAD Core/Src/button_driver.o
LOAD Core/Src/i2c_handler.o
LOAD Core/Src/led_driver.o
LOAD Core/Src/main.o
LOAD Core/Src/msc_disk.o
LOAD Core/Src/stm32f1xx_hal_msp.o
LOAD Core/Src/stm32f1xx_it.o
LOAD Core/Src/syscalls.o
LOAD Core/Src/sysmem.o
LOAD Core/Src/system_stm32f1xx.o
LOAD Core/Src/usb_descriptors.o
LOAD Core/Startup/startup_stm32f103c8tx.o
LOAD Drivers/STM32F1xx_HAL_Driver/Src/stm32f1xx_hal.o
LOAD Drivers/STM32F1xx_HAL_Driver/Src/stm32f1xx_hal_cortex.o
LOAD Drivers/STM32F1xx_HAL_Driver/Src/stm32f1xx_hal_dma.o
LOAD Drivers/STM32F1xx_HAL_Driver/Src/stm32f1xx_hal_exti.o
LOAD Drivers/STM32F1xx_HAL_Driver/Src/stm32f1xx_hal_flash.o
LOAD Drivers/STM32F1xx_HAL_Driver/Src/stm32f1xx_hal_flash_ex.o
LOAD Drivers/STM32F1xx_HAL_Driver/Src/stm32f1xx_hal_gpio.o
LOAD Drivers/STM32F1xx_HAL_Driver/Src/stm32f1xx_hal_gpio_ex.o
LOAD Drivers/STM32F1xx_HAL_Driver/Src/stm32f1xx_hal_i2c.o
LOAD Drivers/STM32F1xx_HAL_Driver/Src/stm32f1xx_hal_pcd.o
LOAD Drivers/STM32F1xx_HAL_Driver/Src/stm32f1xx_hal_pcd_ex.o
LOAD Drivers/STM32F1xx_HAL_Driver/Src/stm32f1xx_hal_pwr.o
LOAD Drivers/STM32F1xx_HAL_Driver/Src/stm32f1xx_hal_rcc.o
LOAD Drivers/STM32F1xx_HAL_Driver/Src/stm32f1xx_hal_rcc_ex.o
LOAD Drivers/STM32F1xx_HAL_Driver/Src/stm32f1xx_hal_tim.o
LOAD Drivers/STM32F1xx_HAL_Driver/Src/stm32f1xx_hal_tim_ex.o
LOAD Drivers/STM32F1xx_HAL_Driver/Src/stm32f1xx_hal_uart.o
LOAD Drivers/STM32F1xx_HAL_Driver/Src/stm32f1xx_ll_usb.o
LOAD Drivers/tinyusb/src/class/cdc/cdc_device.o
LOAD Drivers/tinyusb/src/class/cdc/cdc_host.o
LOAD Drivers/tinyusb/src/class/cdc/cdc_rndis_host.o
LOAD Drivers/tinyusb/src/class/dfu/dfu_rt_device.o
LOAD Drivers/tinyusb/src/class/hid/hid_device.o
LOAD Drivers/tinyusb/src/class/hid/hid_host.o
LOAD Drivers/tinyusb/src/class/midi/midi_device.o
LOAD Drivers/tinyusb/src/class/msc/msc_device.o
LOAD Drivers/tinyusb/src/class/msc/msc_host.o
LOAD Drivers/tinyusb/src/class/usbtmc/usbtmc_device.o
LOAD Drivers/tinyusb/src/class/vendor/vendor_device.o
LOAD Drivers/tinyusb/src/class/vendor/vendor_host.o
LOAD Drivers/tinyusb/src/common/tusb_fifo.o
LOAD Drivers/tinyusb/src/device/usbd.o
LOAD Drivers/tinyusb/src/device/usbd_control.o
LOAD Drivers/tinyusb/src/portable/st/stm32_fsdev/dcd_stm32_fsdev.o
LOAD Drivers/tinyusb/src/portable/st/synopsys/dcd_synopsys.o
LOAD Drivers/tinyusb/src/tusb.o
START GROUP
LOAD /Applications/STM32CubeIDE.app/Contents/Eclipse/plugins/com.st.stm32cube.ide.mcu.externaltools.gnu-tools-for-stm32.7-2018-q2-update.macos64_1.0.0.201904181610/tools/bin/../lib/gcc/arm-none-eabi/7.3.1/../../../../arm-none-eabi/lib/thumb/v7-m/libc_nano.a
LOAD /Applications/STM32CubeIDE.app/Contents/Eclipse/plugins/com.st.stm32cube.ide.mcu.externaltools.gnu-tools-for-stm32.7-2018-q2-update.macos64_1.0.0.201904181610/tools/bin/../lib/gcc/arm-none-eabi/7.3.1/../../../../arm-none-eabi/lib/thumb/v7-m/libm.a
END GROUP
START GROUP
LOAD /Applications/STM32CubeIDE.app/Contents/Eclipse/plugins/com.st.stm32cube.ide.mcu.externaltools.gnu-tools-for-stm32.7-2018-q2-update.macos64_1.0.0.201904181610/tools/bin/../lib/gcc/arm-none-eabi/7.3.1/thumb/v7-m/libgcc.a
LOAD /Applications/STM32CubeIDE.app/Contents/Eclipse/plugins/com.st.stm32cube.ide.mcu.externaltools.gnu-tools-for-stm32.7-2018-q2-update.macos64_1.0.0.201904181610/tools/bin/../lib/gcc/arm-none-eabi/7.3.1/../../../../arm-none-eabi/lib/thumb/v7-m/libc_nano.a
END GROUP
START GROUP
LOAD /Applications/STM32CubeIDE.app/Contents/Eclipse/plugins/com.st.stm32cube.ide.mcu.externaltools.gnu-tools-for-stm32.7-2018-q2-update.macos64_1.0.0.201904181610/tools/bin/../lib/gcc/arm-none-eabi/7.3.1/thumb/v7-m/libgcc.a
LOAD /Applications/STM32CubeIDE.app/Contents/Eclipse/plugins/com.st.stm32cube.ide.mcu.externaltools.gnu-tools-for-stm32.7-2018-q2-update.macos64_1.0.0.201904181610/tools/bin/../lib/gcc/arm-none-eabi/7.3.1/../../../../arm-none-eabi/lib/thumb/v7-m/libc_nano.a
LOAD /Applications/STM32CubeIDE.app/Contents/Eclipse/plugins/com.st.stm32cube.ide.mcu.externaltools.gnu-tools-for-stm32.7-2018-q2-update.macos64_1.0.0.201904181610/tools/bin/../lib/gcc/arm-none-eabi/7.3.1/../../../../arm-none-eabi/lib/thumb/v7-m/libnosys.a
END GROUP
START GROUP
LOAD /Applications/STM32CubeIDE.app/Contents/Eclipse/plugins/com.st.stm32cube.ide.mcu.externaltools.gnu-tools-for-stm32.7-2018-q2-update.macos64_1.0.0.201904181610/tools/bin/../lib/gcc/arm-none-eabi/7.3.1/thumb/v7-m/libgcc.a
LOAD /Applications/STM32CubeIDE.app/Contents/Eclipse/plugins/com.st.stm32cube.ide.mcu.externaltools.gnu-tools-for-stm32.7-2018-q2-update.macos64_1.0.0.201904181610/tools/bin/../lib/gcc/arm-none-eabi/7.3.1/../../../../arm-none-eabi/lib/thumb/v7-m/libc_nano.a
LOAD /Applications/STM32CubeIDE.app/Contents/Eclipse/plugins/com.st.stm32cube.ide.mcu.externaltools.gnu-tools-for-stm32.7-2018-q2-update.macos64_1.0.0.201904181610/tools/bin/../lib/gcc/arm-none-eabi/7.3.1/../../../../arm-none-eabi/lib/thumb/v7-m/libnosys.a
END GROUP
LOAD /Applications/STM32CubeIDE.app/Contents/Eclipse/plugins/com.st.stm32cube.ide.mcu.externaltools.gnu-tools-for-stm32.7-2018-q2-update.macos64_1.0.0.201904181610/tools/bin/../lib/gcc/arm-none-eabi/7.3.1/thumb/v7-m/crtend.o
LOAD /Applications/STM32CubeIDE.app/Contents/Eclipse/plugins/com.st.stm32cube.ide.mcu.externaltools.gnu-tools-for-stm32.7-2018-q2-update.macos64_1.0.0.201904181610/tools/bin/../lib/gcc/arm-none-eabi/7.3.1/thumb/v7-m/crtn.o
                0x0000000020005000                _estack = (ORIGIN (RAM) + LENGTH (RAM))
                0x0000000000000200                _Min_Heap_Size = 0x200
                0x0000000000000400                _Min_Stack_Size = 0x400

.isr_vector     0x0000000008000000      0x10c
                0x0000000008000000                . = ALIGN (0x4)
 *(.isr_vector)
 .isr_vector    0x0000000008000000      0x10c Core/Startup/startup_stm32f103c8tx.o
                0x0000000008000000                g_pfnVectors
                0x000000000800010c                . = ALIGN (0x4)

.text           0x000000000800010c     0xa510
                0x000000000800010c                . = ALIGN (0x4)
 *(.text)
 .text          0x000000000800010c       0x40 /Applications/STM32CubeIDE.app/Contents/Eclipse/plugins/com.st.stm32cube.ide.mcu.externaltools.gnu-tools-for-stm32.7-2018-q2-update.macos64_1.0.0.201904181610/tools/bin/../lib/gcc/arm-none-eabi/7.3.1/thumb/v7-m/crtbegin.o
 .text          0x000000000800014c       0x10 /Applications/STM32CubeIDE.app/Contents/Eclipse/plugins/com.st.stm32cube.ide.mcu.externaltools.gnu-tools-for-stm32.7-2018-q2-update.macos64_1.0.0.201904181610/tools/bin/../lib/gcc/arm-none-eabi/7.3.1/../../../../arm-none-eabi/lib/thumb/v7-m/libc_nano.a(lib_a-strlen.o)
                0x000000000800014c                strlen
 *(.text*)
 .text.button_init
                0x000000000800015c       0x18 Core/Src/button_driver.o
                0x000000000800015c                button_init
 .text.button_task
                0x0000000008000174      0x130 Core/Src/button_driver.o
                0x0000000008000174                button_task
 .text.HAL_I2C_AddrCallback
                0x00000000080002a4       0x64 Core/Src/i2c_handler.o
                0x00000000080002a4                HAL_I2C_AddrCallback
 .text.HAL_I2C_SlaveTxCpltCallback
                0x0000000008000308       0x38 Core/Src/i2c_handler.o
                0x0000000008000308                HAL_I2C_SlaveTxCpltCallback
 .text.HAL_I2C_SlaveRxCpltCallback
                0x0000000008000340       0x60 Core/Src/i2c_handler.o
                0x0000000008000340                HAL_I2C_SlaveRxCpltCallback
 .text.HAL_I2C_ListenCpltCallback
                0x00000000080003a0       0x16 Core/Src/i2c_handler.o
                0x00000000080003a0                HAL_I2C_ListenCpltCallback
 *fill*         0x00000000080003b6        0x2 
 .text.getMemory
                0x00000000080003b8       0x1c Core/Src/i2c_handler.o
                0x00000000080003b8                getMemory
 .text.init_led
                0x00000000080003d4       0x5c Core/Src/led_driver.o
                0x00000000080003d4                init_led
 .text.getOutput_led
                0x0000000008000430       0x74 Core/Src/led_driver.o
                0x0000000008000430                getOutput_led
 .text.tud_cdc_n_write_char
                0x00000000080004a4       0x26 Core/Src/main.o
 .text.tud_cdc_n_write_str
                0x00000000080004ca       0x28 Core/Src/main.o
 .text.tud_cdc_connected
                0x00000000080004f2       0x10 Core/Src/main.o
 .text.tud_cdc_available
                0x0000000008000502       0x10 Core/Src/main.o
 .text.tud_cdc_read
                0x0000000008000512       0x1e Core/Src/main.o
 .text.tud_cdc_write_char
                0x0000000008000530       0x1e Core/Src/main.o
 .text.tud_cdc_write_str
                0x000000000800054e       0x1a Core/Src/main.o
 .text.tud_cdc_write_flush
                0x0000000008000568       0x10 Core/Src/main.o
 .text.tud_midi_write
                0x0000000008000578       0x24 Core/Src/main.o
 .text.tudi_midi_write24
                0x000000000800059c       0x42 Core/Src/main.o
 *fill*         0x00000000080005de        0x2 
 .text.main     0x00000000080005e0       0x68 Core/Src/main.o
                0x00000000080005e0                main
 .text.SystemClock_Config
                0x0000000008000648       0xae Core/Src/main.o
                0x0000000008000648                SystemClock_Config
 *fill*         0x00000000080006f6        0x2 
 .text.MX_I2C1_Init
                0x00000000080006f8       0x5c Core/Src/main.o
 .text.MX_TIM1_Init
                0x0000000008000754      0x138 Core/Src/main.o
 .text.MX_USART1_UART_Init
                0x000000000800088c       0x54 Core/Src/main.o
 .text.MX_USART2_UART_Init
                0x00000000080008e0       0x54 Core/Src/main.o
 .text.MX_USB_PCD_Init
                0x0000000008000934       0x44 Core/Src/main.o
 .text.MX_GPIO_Init
                0x0000000008000978      0x124 Core/Src/main.o
 .text.tud_mount_cb
                0x0000000008000a9c       0x18 Core/Src/main.o
                0x0000000008000a9c                tud_mount_cb
 .text.tud_umount_cb
                0x0000000008000ab4       0x18 Core/Src/main.o
                0x0000000008000ab4                tud_umount_cb
 .text.tud_suspend_cb
                0x0000000008000acc       0x20 Core/Src/main.o
                0x0000000008000acc                tud_suspend_cb
 .text.tud_resume_cb
                0x0000000008000aec       0x18 Core/Src/main.o
                0x0000000008000aec                tud_resume_cb
 .text.cdc_task
                0x0000000008000b04       0x66 Core/Src/main.o
                0x0000000008000b04                cdc_task
 *fill*         0x0000000008000b6a        0x2 
 .text.tud_cdc_line_state_cb
                0x0000000008000b6c       0x30 Core/Src/main.o
                0x0000000008000b6c                tud_cdc_line_state_cb
 .text.tud_cdc_rx_cb
                0x0000000008000b9c       0x14 Core/Src/main.o
                0x0000000008000b9c                tud_cdc_rx_cb
 .text.hid_task
                0x0000000008000bb0       0xcc Core/Src/main.o
                0x0000000008000bb0                hid_task
 .text.tud_hid_get_report_cb
                0x0000000008000c7c       0x22 Core/Src/main.o
                0x0000000008000c7c                tud_hid_get_report_cb
 .text.tud_hid_set_report_cb
                0x0000000008000c9e       0x20 Core/Src/main.o
                0x0000000008000c9e                tud_hid_set_report_cb
 *fill*         0x0000000008000cbe        0x2 
 .text.midi_task
                0x0000000008000cc0       0x88 Core/Src/main.o
                0x0000000008000cc0                midi_task
 .text.board_millis
                0x0000000008000d48        0xe Core/Src/main.o
                0x0000000008000d48                board_millis
 *fill*         0x0000000008000d56        0x2 
 .text.led_blinking_task
                0x0000000008000d58       0x50 Core/Src/main.o
                0x0000000008000d58                led_blinking_task
 .text.Error_Handler
                0x0000000008000da8        0xc Core/Src/main.o
                0x0000000008000da8                Error_Handler
 .text.tud_msc_inquiry_cb
                0x0000000008000db4       0x8c Core/Src/msc_disk.o
                0x0000000008000db4                tud_msc_inquiry_cb
 .text.tud_msc_test_unit_ready_cb
                0x0000000008000e40       0x16 Core/Src/msc_disk.o
                0x0000000008000e40                tud_msc_test_unit_ready_cb
 .text.tud_msc_capacity_cb
                0x0000000008000e56       0x26 Core/Src/msc_disk.o
                0x0000000008000e56                tud_msc_capacity_cb
 .text.tud_msc_start_stop_cb
                0x0000000008000e7c       0x2a Core/Src/msc_disk.o
                0x0000000008000e7c                tud_msc_start_stop_cb
 *fill*         0x0000000008000ea6        0x2 
 .text.tud_msc_read10_cb
                0x0000000008000ea8       0x38 Core/Src/msc_disk.o
                0x0000000008000ea8                tud_msc_read10_cb
 .text.tud_msc_write10_cb
                0x0000000008000ee0       0x38 Core/Src/msc_disk.o
                0x0000000008000ee0                tud_msc_write10_cb
 .text.tud_msc_scsi_cb
                0x0000000008000f18       0x76 Core/Src/msc_disk.o
                0x0000000008000f18                tud_msc_scsi_cb
 *fill*         0x0000000008000f8e        0x2 
 .text.HAL_MspInit
                0x0000000008000f90       0x64 Core/Src/stm32f1xx_hal_msp.o
                0x0000000008000f90                HAL_MspInit
 .text.HAL_I2C_MspInit
                0x0000000008000ff4       0x9c Core/Src/stm32f1xx_hal_msp.o
                0x0000000008000ff4                HAL_I2C_MspInit
 .text.HAL_TIM_Base_MspInit
                0x0000000008001090       0x5c Core/Src/stm32f1xx_hal_msp.o
                0x0000000008001090                HAL_TIM_Base_MspInit
 .text.HAL_UART_MspInit
                0x00000000080010ec      0x108 Core/Src/stm32f1xx_hal_msp.o
                0x00000000080010ec                HAL_UART_MspInit
 .text.HAL_PCD_MspInit
                0x00000000080011f4       0x3c Core/Src/stm32f1xx_hal_msp.o
                0x00000000080011f4                HAL_PCD_MspInit
 .text.NMI_Handler
                0x0000000008001230        0xc Core/Src/stm32f1xx_it.o
                0x0000000008001230                NMI_Handler
 .text.HardFault_Handler
                0x000000000800123c        0x6 Core/Src/stm32f1xx_it.o
                0x000000000800123c                HardFault_Handler
 .text.MemManage_Handler
                0x0000000008001242        0x6 Core/Src/stm32f1xx_it.o
                0x0000000008001242                MemManage_Handler
 .text.BusFault_Handler
                0x0000000008001248        0x6 Core/Src/stm32f1xx_it.o
                0x0000000008001248                BusFault_Handler
 .text.UsageFault_Handler
                0x000000000800124e        0x6 Core/Src/stm32f1xx_it.o
                0x000000000800124e                UsageFault_Handler
 .text.SVC_Handler
                0x0000000008001254        0xc Core/Src/stm32f1xx_it.o
                0x0000000008001254                SVC_Handler
 .text.DebugMon_Handler
                0x0000000008001260        0xc Core/Src/stm32f1xx_it.o
                0x0000000008001260                DebugMon_Handler
 .text.PendSV_Handler
                0x000000000800126c        0xc Core/Src/stm32f1xx_it.o
                0x000000000800126c                PendSV_Handler
 .text.SysTick_Handler
                0x0000000008001278        0xc Core/Src/stm32f1xx_it.o
                0x0000000008001278                SysTick_Handler
 .text.TIM1_UP_IRQHandler
                0x0000000008001284       0x68 Core/Src/stm32f1xx_it.o
                0x0000000008001284                TIM1_UP_IRQHandler
 .text.TIM1_CC_IRQHandler
                0x00000000080012ec       0x20 Core/Src/stm32f1xx_it.o
                0x00000000080012ec                TIM1_CC_IRQHandler
 .text.I2C1_EV_IRQHandler
                0x000000000800130c       0x14 Core/Src/stm32f1xx_it.o
                0x000000000800130c                I2C1_EV_IRQHandler
 .text.I2C1_ER_IRQHandler
                0x0000000008001320       0x14 Core/Src/stm32f1xx_it.o
                0x0000000008001320                I2C1_ER_IRQHandler
 .text.SystemInit
                0x0000000008001334       0x68 Core/Src/system_stm32f1xx.o
                0x0000000008001334                SystemInit
 .text.tud_descriptor_device_cb
                0x000000000800139c       0x14 Core/Src/usb_descriptors.o
                0x000000000800139c                tud_descriptor_device_cb
 .text.tud_hid_descriptor_report_cb
                0x00000000080013b0       0x14 Core/Src/usb_descriptors.o
                0x00000000080013b0                tud_hid_descriptor_report_cb
 .text.tud_descriptor_configuration_cb
                0x00000000080013c4       0x1c Core/Src/usb_descriptors.o
                0x00000000080013c4                tud_descriptor_configuration_cb
 .text.tud_descriptor_string_cb
                0x00000000080013e0       0x9c Core/Src/usb_descriptors.o
                0x00000000080013e0                tud_descriptor_string_cb
 .text.Reset_Handler
                0x000000000800147c       0x48 Core/Startup/startup_stm32f103c8tx.o
                0x000000000800147c                Reset_Handler
 .text.Default_Handler
                0x00000000080014c4        0x2 Core/Startup/startup_stm32f103c8tx.o
                0x00000000080014c4                USART1_IRQHandler
                0x00000000080014c4                EXTI2_IRQHandler
                0x00000000080014c4                PVD_IRQHandler
                0x00000000080014c4                EXTI3_IRQHandler
                0x00000000080014c4                EXTI0_IRQHandler
                0x00000000080014c4                I2C2_EV_IRQHandler
                0x00000000080014c4                ADC1_2_IRQHandler
                0x00000000080014c4                SPI1_IRQHandler
                0x00000000080014c4                TAMPER_IRQHandler
                0x00000000080014c4                DMA1_Channel4_IRQHandler
                0x00000000080014c4                USART3_IRQHandler
                0x00000000080014c4                RTC_IRQHandler
                0x00000000080014c4                DMA1_Channel7_IRQHandler
                0x00000000080014c4                CAN1_RX1_IRQHandler
                0x00000000080014c4                TIM4_IRQHandler
                0x00000000080014c4                DMA1_Channel6_IRQHandler
                0x00000000080014c4                TIM3_IRQHandler
                0x00000000080014c4                RCC_IRQHandler
                0x00000000080014c4                TIM1_TRG_COM_IRQHandler
                0x00000000080014c4                DMA1_Channel1_IRQHandler
                0x00000000080014c4                Default_Handler
                0x00000000080014c4                EXTI15_10_IRQHandler
                0x00000000080014c4                EXTI9_5_IRQHandler
                0x00000000080014c4                SPI2_IRQHandler
                0x00000000080014c4                DMA1_Channel5_IRQHandler
                0x00000000080014c4                EXTI4_IRQHandler
                0x00000000080014c4                DMA1_Channel3_IRQHandler
                0x00000000080014c4                WWDG_IRQHandler
                0x00000000080014c4                TIM2_IRQHandler
                0x00000000080014c4                TIM1_BRK_IRQHandler
                0x00000000080014c4                EXTI1_IRQHandler
                0x00000000080014c4                USART2_IRQHandler
                0x00000000080014c4                I2C2_ER_IRQHandler
                0x00000000080014c4                DMA1_Channel2_IRQHandler
                0x00000000080014c4                CAN1_SCE_IRQHandler
                0x00000000080014c4                FLASH_IRQHandler
                0x00000000080014c4                RTC_Alarm_IRQHandler
 *fill*         0x00000000080014c6        0x2 
 .text.HAL_Init
                0x00000000080014c8       0x2c Drivers/STM32F1xx_HAL_Driver/Src/stm32f1xx_hal.o
                0x00000000080014c8                HAL_Init
 .text.HAL_InitTick
                0x00000000080014f4       0x60 Drivers/STM32F1xx_HAL_Driver/Src/stm32f1xx_hal.o
                0x00000000080014f4                HAL_InitTick
 .text.HAL_IncTick
                0x0000000008001554       0x24 Drivers/STM32F1xx_HAL_Driver/Src/stm32f1xx_hal.o
                0x0000000008001554                HAL_IncTick
 .text.HAL_GetTick
                0x0000000008001578       0x14 Drivers/STM32F1xx_HAL_Driver/Src/stm32f1xx_hal.o
                0x0000000008001578                HAL_GetTick
 .text.__NVIC_SetPriorityGrouping
                0x000000000800158c       0x48 Drivers/STM32F1xx_HAL_Driver/Src/stm32f1xx_hal_cortex.o
 .text.__NVIC_GetPriorityGrouping
                0x00000000080015d4       0x1c Drivers/STM32F1xx_HAL_Driver/Src/stm32f1xx_hal_cortex.o
 .text.__NVIC_EnableIRQ
                0x00000000080015f0       0x38 Drivers/STM32F1xx_HAL_Driver/Src/stm32f1xx_hal_cortex.o
 .text.__NVIC_SetPriority
                0x0000000008001628       0x54 Drivers/STM32F1xx_HAL_Driver/Src/stm32f1xx_hal_cortex.o
 .text.NVIC_EncodePriority
                0x000000000800167c       0x64 Drivers/STM32F1xx_HAL_Driver/Src/stm32f1xx_hal_cortex.o
 .text.SysTick_Config
                0x00000000080016e0       0x44 Drivers/STM32F1xx_HAL_Driver/Src/stm32f1xx_hal_cortex.o
 .text.HAL_NVIC_SetPriorityGrouping
                0x0000000008001724       0x16 Drivers/STM32F1xx_HAL_Driver/Src/stm32f1xx_hal_cortex.o
                0x0000000008001724                HAL_NVIC_SetPriorityGrouping
 .text.HAL_NVIC_SetPriority
                0x000000000800173a       0x38 Drivers/STM32F1xx_HAL_Driver/Src/stm32f1xx_hal_cortex.o
                0x000000000800173a                HAL_NVIC_SetPriority
 .text.HAL_NVIC_EnableIRQ
                0x0000000008001772       0x1c Drivers/STM32F1xx_HAL_Driver/Src/stm32f1xx_hal_cortex.o
                0x0000000008001772                HAL_NVIC_EnableIRQ
 .text.HAL_SYSTICK_Config
                0x000000000800178e       0x18 Drivers/STM32F1xx_HAL_Driver/Src/stm32f1xx_hal_cortex.o
                0x000000000800178e                HAL_SYSTICK_Config
 *fill*         0x00000000080017a6        0x2 
 .text.HAL_DMA_Abort_IT
                0x00000000080017a8       0xec Drivers/STM32F1xx_HAL_Driver/Src/stm32f1xx_hal_dma.o
                0x00000000080017a8                HAL_DMA_Abort_IT
 .text.HAL_DMA_GetState
                0x0000000008001894       0x18 Drivers/STM32F1xx_HAL_Driver/Src/stm32f1xx_hal_dma.o
                0x0000000008001894                HAL_DMA_GetState
 .text.HAL_GPIO_Init
                0x00000000080018ac      0x2b4 Drivers/STM32F1xx_HAL_Driver/Src/stm32f1xx_hal_gpio.o
                0x00000000080018ac                HAL_GPIO_Init
 .text.HAL_GPIO_WritePin
                0x0000000008001b60       0x30 Drivers/STM32F1xx_HAL_Driver/Src/stm32f1xx_hal_gpio.o
                0x0000000008001b60                HAL_GPIO_WritePin
 .text.HAL_I2C_Init
                0x0000000008001b90      0x250 Drivers/STM32F1xx_HAL_Driver/Src/stm32f1xx_hal_i2c.o
                0x0000000008001b90                HAL_I2C_Init
 .text.HAL_I2C_Slave_Seq_Transmit_IT
                0x0000000008001de0       0xe4 Drivers/STM32F1xx_HAL_Driver/Src/stm32f1xx_hal_i2c.o
                0x0000000008001de0                HAL_I2C_Slave_Seq_Transmit_IT
 .text.HAL_I2C_Slave_Seq_Receive_IT
                0x0000000008001ec4       0xe4 Drivers/STM32F1xx_HAL_Driver/Src/stm32f1xx_hal_i2c.o
                0x0000000008001ec4                HAL_I2C_Slave_Seq_Receive_IT
 .text.HAL_I2C_EnableListen_IT
                0x0000000008001fa8       0x6a Drivers/STM32F1xx_HAL_Driver/Src/stm32f1xx_hal_i2c.o
                0x0000000008001fa8                HAL_I2C_EnableListen_IT
 .text.HAL_I2C_EV_IRQHandler
                0x0000000008002012      0x2cc Drivers/STM32F1xx_HAL_Driver/Src/stm32f1xx_hal_i2c.o
                0x0000000008002012                HAL_I2C_EV_IRQHandler
 .text.HAL_I2C_ER_IRQHandler
                0x00000000080022de      0x15a Drivers/STM32F1xx_HAL_Driver/Src/stm32f1xx_hal_i2c.o
                0x00000000080022de                HAL_I2C_ER_IRQHandler
 .text.HAL_I2C_MasterTxCpltCallback
                0x0000000008002438       0x12 Drivers/STM32F1xx_HAL_Driver/Src/stm32f1xx_hal_i2c.o
                0x0000000008002438                HAL_I2C_MasterTxCpltCallback
 .text.HAL_I2C_MasterRxCpltCallback
                0x000000000800244a       0x12 Drivers/STM32F1xx_HAL_Driver/Src/stm32f1xx_hal_i2c.o
                0x000000000800244a                HAL_I2C_MasterRxCpltCallback
 .text.HAL_I2C_MemTxCpltCallback
                0x000000000800245c       0x12 Drivers/STM32F1xx_HAL_Driver/Src/stm32f1xx_hal_i2c.o
                0x000000000800245c                HAL_I2C_MemTxCpltCallback
 .text.HAL_I2C_MemRxCpltCallback
                0x000000000800246e       0x12 Drivers/STM32F1xx_HAL_Driver/Src/stm32f1xx_hal_i2c.o
                0x000000000800246e                HAL_I2C_MemRxCpltCallback
 .text.HAL_I2C_ErrorCallback
                0x0000000008002480       0x12 Drivers/STM32F1xx_HAL_Driver/Src/stm32f1xx_hal_i2c.o
                0x0000000008002480                HAL_I2C_ErrorCallback
 .text.HAL_I2C_AbortCpltCallback
                0x0000000008002492       0x12 Drivers/STM32F1xx_HAL_Driver/Src/stm32f1xx_hal_i2c.o
                0x0000000008002492                HAL_I2C_AbortCpltCallback
 .text.I2C_MasterTransmit_TXE
                0x00000000080024a4      0x1f0 Drivers/STM32F1xx_HAL_Driver/Src/stm32f1xx_hal_i2c.o
 .text.I2C_MasterTransmit_BTF
                0x0000000008002694       0xec Drivers/STM32F1xx_HAL_Driver/Src/stm32f1xx_hal_i2c.o
 .text.I2C_MasterReceive_RXNE
                0x0000000008002780      0x104 Drivers/STM32F1xx_HAL_Driver/Src/stm32f1xx_hal_i2c.o
 .text.I2C_MasterReceive_BTF
                0x0000000008002884      0x1d4 Drivers/STM32F1xx_HAL_Driver/Src/stm32f1xx_hal_i2c.o
 .text.I2C_Master_SB
                0x0000000008002a58      0x10a Drivers/STM32F1xx_HAL_Driver/Src/stm32f1xx_hal_i2c.o
 .text.I2C_Master_ADD10
                0x0000000008002b62       0x52 Drivers/STM32F1xx_HAL_Driver/Src/stm32f1xx_hal_i2c.o
 .text.I2C_Master_ADDR
                0x0000000008002bb4      0x336 Drivers/STM32F1xx_HAL_Driver/Src/stm32f1xx_hal_i2c.o
 .text.I2C_SlaveTransmit_TXE
                0x0000000008002eea       0x7a Drivers/STM32F1xx_HAL_Driver/Src/stm32f1xx_hal_i2c.o
 .text.I2C_SlaveTransmit_BTF
                0x0000000008002f64       0x40 Drivers/STM32F1xx_HAL_Driver/Src/stm32f1xx_hal_i2c.o
 .text.I2C_SlaveReceive_RXNE
                0x0000000008002fa4       0x7c Drivers/STM32F1xx_HAL_Driver/Src/stm32f1xx_hal_i2c.o
 .text.I2C_SlaveReceive_BTF
                0x0000000008003020       0x42 Drivers/STM32F1xx_HAL_Driver/Src/stm32f1xx_hal_i2c.o
 .text.I2C_Slave_ADDR
                0x0000000008003062       0x88 Drivers/STM32F1xx_HAL_Driver/Src/stm32f1xx_hal_i2c.o
 *fill*         0x00000000080030ea        0x2 
 .text.I2C_Slave_STOPF
                0x00000000080030ec      0x260 Drivers/STM32F1xx_HAL_Driver/Src/stm32f1xx_hal_i2c.o
 .text.I2C_Slave_AF
                0x000000000800334c       0xe0 Drivers/STM32F1xx_HAL_Driver/Src/stm32f1xx_hal_i2c.o
 .text.I2C_ITError
                0x000000000800342c      0x22c Drivers/STM32F1xx_HAL_Driver/Src/stm32f1xx_hal_i2c.o
 .text.I2C_DMAAbort
                0x0000000008003658       0xde Drivers/STM32F1xx_HAL_Driver/Src/stm32f1xx_hal_i2c.o
 .text.I2C_ConvertOtherXferOptions
                0x0000000008003736       0x34 Drivers/STM32F1xx_HAL_Driver/Src/stm32f1xx_hal_i2c.o
 .text.HAL_PCD_Init
                0x000000000800376a      0x1c2 Drivers/STM32F1xx_HAL_Driver/Src/stm32f1xx_hal_pcd.o
                0x000000000800376a                HAL_PCD_Init
 .text.HAL_RCC_OscConfig
                0x000000000800392c      0x500 Drivers/STM32F1xx_HAL_Driver/Src/stm32f1xx_hal_rcc.o
                0x000000000800392c                HAL_RCC_OscConfig
 .text.HAL_RCC_ClockConfig
                0x0000000008003e2c      0x1d4 Drivers/STM32F1xx_HAL_Driver/Src/stm32f1xx_hal_rcc.o
                0x0000000008003e2c                HAL_RCC_ClockConfig
 .text.HAL_RCC_GetSysClockFreq
                0x0000000008004000       0xc4 Drivers/STM32F1xx_HAL_Driver/Src/stm32f1xx_hal_rcc.o
                0x0000000008004000                HAL_RCC_GetSysClockFreq
 .text.HAL_RCC_GetHCLKFreq
                0x00000000080040c4       0x14 Drivers/STM32F1xx_HAL_Driver/Src/stm32f1xx_hal_rcc.o
                0x00000000080040c4                HAL_RCC_GetHCLKFreq
 .text.HAL_RCC_GetPCLK1Freq
                0x00000000080040d8       0x28 Drivers/STM32F1xx_HAL_Driver/Src/stm32f1xx_hal_rcc.o
                0x00000000080040d8                HAL_RCC_GetPCLK1Freq
 .text.HAL_RCC_GetPCLK2Freq
                0x0000000008004100       0x28 Drivers/STM32F1xx_HAL_Driver/Src/stm32f1xx_hal_rcc.o
                0x0000000008004100                HAL_RCC_GetPCLK2Freq
 .text.RCC_Delay
                0x0000000008004128       0x3c Drivers/STM32F1xx_HAL_Driver/Src/stm32f1xx_hal_rcc.o
 .text.HAL_RCCEx_PeriphCLKConfig
                0x0000000008004164      0x16c Drivers/STM32F1xx_HAL_Driver/Src/stm32f1xx_hal_rcc_ex.o
                0x0000000008004164                HAL_RCCEx_PeriphCLKConfig
 .text.HAL_TIM_Base_Init
                0x00000000080042d0       0x56 Drivers/STM32F1xx_HAL_Driver/Src/stm32f1xx_hal_tim.o
                0x00000000080042d0                HAL_TIM_Base_Init
 .text.HAL_TIM_Base_Start_IT
                0x0000000008004326       0x46 Drivers/STM32F1xx_HAL_Driver/Src/stm32f1xx_hal_tim.o
                0x0000000008004326                HAL_TIM_Base_Start_IT
 .text.HAL_TIM_PWM_Init
                0x000000000800436c       0x56 Drivers/STM32F1xx_HAL_Driver/Src/stm32f1xx_hal_tim.o
                0x000000000800436c                HAL_TIM_PWM_Init
 .text.HAL_TIM_PWM_MspInit
                0x00000000080043c2       0x12 Drivers/STM32F1xx_HAL_Driver/Src/stm32f1xx_hal_tim.o
                0x00000000080043c2                HAL_TIM_PWM_MspInit
 .text.HAL_TIM_PWM_Start_IT
                0x00000000080043d4       0xf0 Drivers/STM32F1xx_HAL_Driver/Src/stm32f1xx_hal_tim.o
                0x00000000080043d4                HAL_TIM_PWM_Start_IT
 .text.HAL_TIM_IRQHandler
                0x00000000080044c4      0x210 Drivers/STM32F1xx_HAL_Driver/Src/stm32f1xx_hal_tim.o
                0x00000000080044c4                HAL_TIM_IRQHandler
 .text.HAL_TIM_PWM_ConfigChannel
                0x00000000080046d4      0x18c Drivers/STM32F1xx_HAL_Driver/Src/stm32f1xx_hal_tim.o
                0x00000000080046d4                HAL_TIM_PWM_ConfigChannel
 .text.HAL_TIM_ConfigClockSource
                0x0000000008004860      0x16e Drivers/STM32F1xx_HAL_Driver/Src/stm32f1xx_hal_tim.o
                0x0000000008004860                HAL_TIM_ConfigClockSource
 .text.HAL_TIM_PeriodElapsedCallback
                0x00000000080049ce       0x12 Drivers/STM32F1xx_HAL_Driver/Src/stm32f1xx_hal_tim.o
                0x00000000080049ce                HAL_TIM_PeriodElapsedCallback
 .text.HAL_TIM_OC_DelayElapsedCallback
                0x00000000080049e0       0x12 Drivers/STM32F1xx_HAL_Driver/Src/stm32f1xx_hal_tim.o
                0x00000000080049e0                HAL_TIM_OC_DelayElapsedCallback
 .text.HAL_TIM_IC_CaptureCallback
                0x00000000080049f2       0x12 Drivers/STM32F1xx_HAL_Driver/Src/stm32f1xx_hal_tim.o
                0x00000000080049f2                HAL_TIM_IC_CaptureCallback
 .text.HAL_TIM_PWM_PulseFinishedCallback
                0x0000000008004a04       0x12 Drivers/STM32F1xx_HAL_Driver/Src/stm32f1xx_hal_tim.o
                0x0000000008004a04                HAL_TIM_PWM_PulseFinishedCallback
 .text.HAL_TIM_TriggerCallback
                0x0000000008004a16       0x12 Drivers/STM32F1xx_HAL_Driver/Src/stm32f1xx_hal_tim.o
                0x0000000008004a16                HAL_TIM_TriggerCallback
 .text.TIM_Base_SetConfig
                0x0000000008004a28       0xc4 Drivers/STM32F1xx_HAL_Driver/Src/stm32f1xx_hal_tim.o
                0x0000000008004a28                TIM_Base_SetConfig
 .text.TIM_OC1_SetConfig
                0x0000000008004aec       0xcc Drivers/STM32F1xx_HAL_Driver/Src/stm32f1xx_hal_tim.o
 .text.TIM_OC2_SetConfig
                0x0000000008004bb8       0xd4 Drivers/STM32F1xx_HAL_Driver/Src/stm32f1xx_hal_tim.o
                0x0000000008004bb8                TIM_OC2_SetConfig
 .text.TIM_OC3_SetConfig
                0x0000000008004c8c       0xd4 Drivers/STM32F1xx_HAL_Driver/Src/stm32f1xx_hal_tim.o
 .text.TIM_OC4_SetConfig
                0x0000000008004d60       0x9c Drivers/STM32F1xx_HAL_Driver/Src/stm32f1xx_hal_tim.o
 .text.TIM_TI1_ConfigInputStage
                0x0000000008004dfc       0x5c Drivers/STM32F1xx_HAL_Driver/Src/stm32f1xx_hal_tim.o
 .text.TIM_TI2_ConfigInputStage
                0x0000000008004e58       0x5e Drivers/STM32F1xx_HAL_Driver/Src/stm32f1xx_hal_tim.o
 .text.TIM_ITRx_SetConfig
                0x0000000008004eb6       0x34 Drivers/STM32F1xx_HAL_Driver/Src/stm32f1xx_hal_tim.o
 .text.TIM_ETR_SetConfig
                0x0000000008004eea       0x3e Drivers/STM32F1xx_HAL_Driver/Src/stm32f1xx_hal_tim.o
                0x0000000008004eea                TIM_ETR_SetConfig
 .text.TIM_CCxChannelCmd
                0x0000000008004f28       0x48 Drivers/STM32F1xx_HAL_Driver/Src/stm32f1xx_hal_tim.o
                0x0000000008004f28                TIM_CCxChannelCmd
 .text.HAL_TIMEx_MasterConfigSynchronization
                0x0000000008004f70       0x88 Drivers/STM32F1xx_HAL_Driver/Src/stm32f1xx_hal_tim_ex.o
                0x0000000008004f70                HAL_TIMEx_MasterConfigSynchronization
 .text.HAL_TIMEx_ConfigBreakDeadTime
                0x0000000008004ff8       0xa2 Drivers/STM32F1xx_HAL_Driver/Src/stm32f1xx_hal_tim_ex.o
                0x0000000008004ff8                HAL_TIMEx_ConfigBreakDeadTime
 .text.HAL_TIMEx_CommutCallback
                0x000000000800509a       0x12 Drivers/STM32F1xx_HAL_Driver/Src/stm32f1xx_hal_tim_ex.o
                0x000000000800509a                HAL_TIMEx_CommutCallback
 .text.HAL_TIMEx_BreakCallback
                0x00000000080050ac       0x12 Drivers/STM32F1xx_HAL_Driver/Src/stm32f1xx_hal_tim_ex.o
                0x00000000080050ac                HAL_TIMEx_BreakCallback
 .text.HAL_UART_Init
                0x00000000080050be       0x9a Drivers/STM32F1xx_HAL_Driver/Src/stm32f1xx_hal_uart.o
                0x00000000080050be                HAL_UART_Init
 .text.UART_SetConfig
                0x0000000008005158      0x1b4 Drivers/STM32F1xx_HAL_Driver/Src/stm32f1xx_hal_uart.o
 .text.USB_CoreInit
                0x000000000800530c       0x20 Drivers/STM32F1xx_HAL_Driver/Src/stm32f1xx_ll_usb.o
                0x000000000800530c                USB_CoreInit
 .text.USB_EnableGlobalInt
                0x000000000800532c       0x2e Drivers/STM32F1xx_HAL_Driver/Src/stm32f1xx_ll_usb.o
                0x000000000800532c                USB_EnableGlobalInt
 .text.USB_DisableGlobalInt
                0x000000000800535a       0x38 Drivers/STM32F1xx_HAL_Driver/Src/stm32f1xx_ll_usb.o
                0x000000000800535a                USB_DisableGlobalInt
 .text.USB_SetCurrentMode
                0x0000000008005392       0x18 Drivers/STM32F1xx_HAL_Driver/Src/stm32f1xx_ll_usb.o
                0x0000000008005392                USB_SetCurrentMode
 .text.USB_DevInit
                0x00000000080053aa       0x48 Drivers/STM32F1xx_HAL_Driver/Src/stm32f1xx_ll_usb.o
                0x00000000080053aa                USB_DevInit
 .text.USB_DevDisconnect
                0x00000000080053f2       0x14 Drivers/STM32F1xx_HAL_Driver/Src/stm32f1xx_ll_usb.o
                0x00000000080053f2                USB_DevDisconnect
 .text.tu_desc_next
                0x0000000008005406       0x20 Drivers/tinyusb/src/class/cdc/cdc_device.o
 .text.tu_desc_type
                0x0000000008005426       0x18 Drivers/tinyusb/src/class/cdc/cdc_device.o
 .text.tu_desc_len
                0x000000000800543e       0x16 Drivers/tinyusb/src/class/cdc/cdc_device.o
 .text.tu_within
                0x0000000008005454       0x32 Drivers/tinyusb/src/class/cdc/cdc_device.o
 .text.tu_bit_test
                0x0000000008005486       0x2a Drivers/tinyusb/src/class/cdc/cdc_device.o
 .text.tud_ready
                0x00000000080054b0       0x2e Drivers/tinyusb/src/class/cdc/cdc_device.o
 .text.tu_fifo_count
                0x00000000080054de       0x18 Drivers/tinyusb/src/class/cdc/cdc_device.o
 .text.tu_fifo_remaining
                0x00000000080054f6       0x20 Drivers/tinyusb/src/class/cdc/cdc_device.o
 *fill*         0x0000000008005516        0x2 
 .text._prep_out_transaction
                0x0000000008005518       0x60 Drivers/tinyusb/src/class/cdc/cdc_device.o
 .text.tud_cdc_n_connected
                0x0000000008005578       0x4c Drivers/tinyusb/src/class/cdc/cdc_device.o
                0x0000000008005578                tud_cdc_n_connected
 .text.tud_cdc_n_available
                0x00000000080055c4       0x30 Drivers/tinyusb/src/class/cdc/cdc_device.o
                0x00000000080055c4                tud_cdc_n_available
 .text.tud_cdc_n_read
                0x00000000080055f4       0x44 Drivers/tinyusb/src/class/cdc/cdc_device.o
                0x00000000080055f4                tud_cdc_n_read
 .text.tud_cdc_n_write
                0x0000000008005638       0x3c Drivers/tinyusb/src/class/cdc/cdc_device.o
                0x0000000008005638                tud_cdc_n_write
 .text.tud_cdc_n_write_flush
                0x0000000008005674       0xb4 Drivers/tinyusb/src/class/cdc/cdc_device.o
                0x0000000008005674                tud_cdc_n_write_flush
 .text.cdcd_init
                0x0000000008005728       0xa4 Drivers/tinyusb/src/class/cdc/cdc_device.o
                0x0000000008005728                cdcd_init
 .text.cdcd_reset
                0x00000000080057cc       0x6c Drivers/tinyusb/src/class/cdc/cdc_device.o
                0x00000000080057cc                cdcd_reset
 .text.cdcd_open
                0x0000000008005838      0x1e4 Drivers/tinyusb/src/class/cdc/cdc_device.o
                0x0000000008005838                cdcd_open
 .text.cdcd_control_complete
                0x0000000008005a1c       0x80 Drivers/tinyusb/src/class/cdc/cdc_device.o
                0x0000000008005a1c                cdcd_control_complete
 .text.cdcd_control_request
                0x0000000008005a9c       0xe8 Drivers/tinyusb/src/class/cdc/cdc_device.o
                0x0000000008005a9c                cdcd_control_request
 .text.cdcd_xfer_cb
                0x0000000008005b84       0xe8 Drivers/tinyusb/src/class/cdc/cdc_device.o
                0x0000000008005b84                cdcd_xfer_cb
 .text.tu_desc_next
                0x0000000008005c6c       0x20 Drivers/tinyusb/src/class/hid/hid_device.o
 .text.tu_u16_high
                0x0000000008005c8c       0x1c Drivers/tinyusb/src/class/hid/hid_device.o
 .text.tu_u16_low
                0x0000000008005ca8       0x18 Drivers/tinyusb/src/class/hid/hid_device.o
 .text.tu_min8  0x0000000008005cc0       0x26 Drivers/tinyusb/src/class/hid/hid_device.o
 .text.tud_ready
                0x0000000008005ce6       0x2e Drivers/tinyusb/src/class/hid/hid_device.o
 .text.usbd_edpt_ready
                0x0000000008005d14       0x54 Drivers/tinyusb/src/class/hid/hid_device.o
 .text.get_interface_by_itfnum
                0x0000000008005d68       0x50 Drivers/tinyusb/src/class/hid/hid_device.o
 .text.tud_hid_ready
                0x0000000008005db8       0x54 Drivers/tinyusb/src/class/hid/hid_device.o
                0x0000000008005db8                tud_hid_ready
 .text.tud_hid_report
                0x0000000008005e0c       0xa8 Drivers/tinyusb/src/class/hid/hid_device.o
                0x0000000008005e0c                tud_hid_report
 .text.tud_hid_keyboard_report
                0x0000000008005eb4       0x52 Drivers/tinyusb/src/class/hid/hid_device.o
                0x0000000008005eb4                tud_hid_keyboard_report
 .text.tud_hid_mouse_report
                0x0000000008005f06       0x4e Drivers/tinyusb/src/class/hid/hid_device.o
                0x0000000008005f06                tud_hid_mouse_report
 .text.hidd_init
                0x0000000008005f54        0xe Drivers/tinyusb/src/class/hid/hid_device.o
                0x0000000008005f54                hidd_init
 *fill*         0x0000000008005f62        0x2 
 .text.hidd_reset
                0x0000000008005f64       0x20 Drivers/tinyusb/src/class/hid/hid_device.o
                0x0000000008005f64                hidd_reset
 .text.hidd_open
                0x0000000008005f84      0x17c Drivers/tinyusb/src/class/hid/hid_device.o
                0x0000000008005f84                hidd_open
 .text.hidd_control_request
                0x0000000008006100      0x280 Drivers/tinyusb/src/class/hid/hid_device.o
                0x0000000008006100                hidd_control_request
 .text.hidd_control_complete
                0x0000000008006380       0x90 Drivers/tinyusb/src/class/hid/hid_device.o
                0x0000000008006380                hidd_control_complete
 .text.hidd_xfer_cb
                0x0000000008006410       0xa4 Drivers/tinyusb/src/class/hid/hid_device.o
                0x0000000008006410                hidd_xfer_cb
 .text.tu_edpt_dir
                0x00000000080064b4       0x1a Drivers/tinyusb/src/class/midi/midi_device.o
 .text.tu_desc_next
                0x00000000080064ce       0x20 Drivers/tinyusb/src/class/midi/midi_device.o
 .text.tu_desc_len
                0x00000000080064ee       0x16 Drivers/tinyusb/src/class/midi/midi_device.o
 .text.midi_rx_done_cb
                0x0000000008006504       0x8c Drivers/tinyusb/src/class/midi/midi_device.o
                0x0000000008006504                midi_rx_done_cb
 .text.maybe_transmit
                0x0000000008006590       0x80 Drivers/tinyusb/src/class/midi/midi_device.o
 .text.tud_midi_n_write
                0x0000000008006610      0x24c Drivers/tinyusb/src/class/midi/midi_device.o
                0x0000000008006610                tud_midi_n_write
 .text.midid_init
                0x000000000800685c       0x70 Drivers/tinyusb/src/class/midi/midi_device.o
                0x000000000800685c                midid_init
 .text.midid_reset
                0x00000000080068cc       0x58 Drivers/tinyusb/src/class/midi/midi_device.o
                0x00000000080068cc                midid_reset
 .text.midid_open
                0x0000000008006924      0x1c4 Drivers/tinyusb/src/class/midi/midi_device.o
                0x0000000008006924                midid_open
 .text.midid_control_complete
                0x0000000008006ae8       0x18 Drivers/tinyusb/src/class/midi/midi_device.o
                0x0000000008006ae8                midid_control_complete
 .text.midid_control_request
                0x0000000008006b00       0x18 Drivers/tinyusb/src/class/midi/midi_device.o
                0x0000000008006b00                midid_control_request
 .text.midid_xfer_cb
                0x0000000008006b18       0xb4 Drivers/tinyusb/src/class/midi/midi_device.o
                0x0000000008006b18                midid_xfer_cb
 .text.tu_desc_next
                0x0000000008006bcc       0x20 Drivers/tinyusb/src/class/msc/msc_device.o
 .text.tu_min32
                0x0000000008006bec       0x1e Drivers/tinyusb/src/class/msc/msc_device.o
 .text.tu_bit_test
                0x0000000008006c0a       0x2a Drivers/tinyusb/src/class/msc/msc_device.o
 .text.rdwr10_get_lba
                0x0000000008006c34       0x22 Drivers/tinyusb/src/class/msc/msc_device.o
 .text.rdwr10_get_blockcount
                0x0000000008006c56       0x26 Drivers/tinyusb/src/class/msc/msc_device.o
 .text.tud_msc_set_sense
                0x0000000008006c7c       0x48 Drivers/tinyusb/src/class/msc/msc_device.o
                0x0000000008006c7c                tud_msc_set_sense
 .text.mscd_init
                0x0000000008006cc4       0x18 Drivers/tinyusb/src/class/msc/msc_device.o
                0x0000000008006cc4                mscd_init
 .text.mscd_reset
                0x0000000008006cdc       0x20 Drivers/tinyusb/src/class/msc/msc_device.o
                0x0000000008006cdc                mscd_reset
 .text.mscd_open
                0x0000000008006cfc       0xcc Drivers/tinyusb/src/class/msc/msc_device.o
                0x0000000008006cfc                mscd_open
 .text.mscd_control_request
                0x0000000008006dc8       0x7c Drivers/tinyusb/src/class/msc/msc_device.o
                0x0000000008006dc8                mscd_control_request
 .text.mscd_control_complete
                0x0000000008006e44       0x18 Drivers/tinyusb/src/class/msc/msc_device.o
                0x0000000008006e44                mscd_control_complete
 .text.proc_builtin_scsi
                0x0000000008006e5c      0x3f0 Drivers/tinyusb/src/class/msc/msc_device.o
                0x0000000008006e5c                proc_builtin_scsi
 .text.mscd_xfer_cb
                0x000000000800724c      0x54c Drivers/tinyusb/src/class/msc/msc_device.o
                0x000000000800724c                mscd_xfer_cb
 .text.proc_read10_cmd
                0x0000000008007798      0x15c Drivers/tinyusb/src/class/msc/msc_device.o
 .text.proc_write10_cmd
                0x00000000080078f4       0xc8 Drivers/tinyusb/src/class/msc/msc_device.o
 .text.tu_min16
                0x00000000080079bc       0x26 Drivers/tinyusb/src/common/tusb_fifo.o
 .text.tu_fifo_empty
                0x00000000080079e2       0x22 Drivers/tinyusb/src/common/tusb_fifo.o
 .text.tu_fifo_full
                0x0000000008007a04       0x26 Drivers/tinyusb/src/common/tusb_fifo.o
 .text.tu_fifo_remaining
                0x0000000008007a2a       0x20 Drivers/tinyusb/src/common/tusb_fifo.o
 .text.tu_fifo_config
                0x0000000008007a4a       0x4c Drivers/tinyusb/src/common/tusb_fifo.o
                0x0000000008007a4a                tu_fifo_config
 .text._tu_ff_pull
                0x0000000008007a96       0x5e Drivers/tinyusb/src/common/tusb_fifo.o
 .text._tu_ff_push
                0x0000000008007af4       0x76 Drivers/tinyusb/src/common/tusb_fifo.o
 .text.tu_fifo_read
                0x0000000008007b6a       0x2c Drivers/tinyusb/src/common/tusb_fifo.o
                0x0000000008007b6a                tu_fifo_read
 .text.tu_fifo_read_n
                0x0000000008007b96       0x66 Drivers/tinyusb/src/common/tusb_fifo.o
                0x0000000008007b96                tu_fifo_read_n
 .text.tu_fifo_write
                0x0000000008007bfc       0x3a Drivers/tinyusb/src/common/tusb_fifo.o
                0x0000000008007bfc                tu_fifo_write
 .text.tu_fifo_write_n
                0x0000000008007c36       0x74 Drivers/tinyusb/src/common/tusb_fifo.o
                0x0000000008007c36                tu_fifo_write_n
 .text.tu_fifo_clear
                0x0000000008007caa       0x26 Drivers/tinyusb/src/common/tusb_fifo.o
                0x0000000008007caa                tu_fifo_clear
 .text.tu_edpt_dir
                0x0000000008007cd0       0x1a Drivers/tinyusb/src/device/usbd.o
 .text.tu_edpt_number
                0x0000000008007cea       0x1c Drivers/tinyusb/src/device/usbd.o
 .text.tu_desc_next
                0x0000000008007d06       0x20 Drivers/tinyusb/src/device/usbd.o
 .text.tu_desc_type
                0x0000000008007d26       0x18 Drivers/tinyusb/src/device/usbd.o
 .text.tu_desc_len
                0x0000000008007d3e       0x16 Drivers/tinyusb/src/device/usbd.o
 .text.tu_u16_high
                0x0000000008007d54       0x1c Drivers/tinyusb/src/device/usbd.o
 .text.tu_u16_low
                0x0000000008007d70       0x18 Drivers/tinyusb/src/device/usbd.o
 .text._osal_q_lock
                0x0000000008007d88       0x1e Drivers/tinyusb/src/device/usbd.o
 .text._osal_q_unlock
                0x0000000008007da6       0x1e Drivers/tinyusb/src/device/usbd.o
 .text.osal_queue_create
                0x0000000008007dc4       0x1c Drivers/tinyusb/src/device/usbd.o
 .text.osal_queue_receive
                0x0000000008007de0       0x30 Drivers/tinyusb/src/device/usbd.o
 .text.osal_queue_send
                0x0000000008007e10       0x74 Drivers/tinyusb/src/device/usbd.o
 .text.tud_mounted
                0x0000000008007e84       0x24 Drivers/tinyusb/src/device/usbd.o
                0x0000000008007e84                tud_mounted
 .text.tud_suspended
                0x0000000008007ea8       0x24 Drivers/tinyusb/src/device/usbd.o
                0x0000000008007ea8                tud_suspended
 .text.tud_remote_wakeup
                0x0000000008007ecc       0x44 Drivers/tinyusb/src/device/usbd.o
                0x0000000008007ecc                tud_remote_wakeup
 .text.tud_init
                0x0000000008007f10       0x84 Drivers/tinyusb/src/device/usbd.o
                0x0000000008007f10                tud_init
 .text.usbd_reset
                0x0000000008007f94       0x78 Drivers/tinyusb/src/device/usbd.o
 .text.tud_task
                0x000000000800800c      0x218 Drivers/tinyusb/src/device/usbd.o
                0x000000000800800c                tud_task
 .text.invoke_class_control
                0x0000000008008224       0x70 Drivers/tinyusb/src/device/usbd.o
 .text.process_control_request
                0x0000000008008294      0x4d4 Drivers/tinyusb/src/device/usbd.o
 .text.process_set_config
                0x0000000008008768      0x1ec Drivers/tinyusb/src/device/usbd.o
 .text.mark_interface_endpoint
                0x0000000008008954       0x76 Drivers/tinyusb/src/device/usbd.o
 *fill*         0x00000000080089ca        0x2 
 .text.process_get_descriptor
                0x00000000080089cc      0x160 Drivers/tinyusb/src/device/usbd.o
 .text.dcd_event_handler
                0x0000000008008b2c       0xd4 Drivers/tinyusb/src/device/usbd.o
                0x0000000008008b2c                dcd_event_handler
 .text.dcd_event_bus_signal
                0x0000000008008c00       0x3c Drivers/tinyusb/src/device/usbd.o
                0x0000000008008c00                dcd_event_bus_signal
 .text.dcd_event_setup_received
                0x0000000008008c3c       0x46 Drivers/tinyusb/src/device/usbd.o
                0x0000000008008c3c                dcd_event_setup_received
 .text.dcd_event_xfer_complete
                0x0000000008008c82       0x4e Drivers/tinyusb/src/device/usbd.o
                0x0000000008008c82                dcd_event_xfer_complete
 .text.usbd_open_edpt_pair
                0x0000000008008cd0       0xc4 Drivers/tinyusb/src/device/usbd.o
                0x0000000008008cd0                usbd_open_edpt_pair
 .text.usbd_edpt_xfer
                0x0000000008008d94       0x70 Drivers/tinyusb/src/device/usbd.o
                0x0000000008008d94                usbd_edpt_xfer
 .text.usbd_edpt_busy
                0x0000000008008e04       0x4c Drivers/tinyusb/src/device/usbd.o
                0x0000000008008e04                usbd_edpt_busy
 .text.usbd_edpt_stall
                0x0000000008008e50       0x70 Drivers/tinyusb/src/device/usbd.o
                0x0000000008008e50                usbd_edpt_stall
 .text.usbd_edpt_clear_stall
                0x0000000008008ec0       0x70 Drivers/tinyusb/src/device/usbd.o
                0x0000000008008ec0                usbd_edpt_clear_stall
 .text.usbd_edpt_stalled
                0x0000000008008f30       0x4c Drivers/tinyusb/src/device/usbd.o
                0x0000000008008f30                usbd_edpt_stalled
 .text.tu_edpt_dir
                0x0000000008008f7c       0x1a Drivers/tinyusb/src/device/usbd_control.o
 .text.tu_min16
                0x0000000008008f96       0x26 Drivers/tinyusb/src/device/usbd_control.o
 .text._status_stage_xact
                0x0000000008008fbc       0x34 Drivers/tinyusb/src/device/usbd_control.o
 .text.tud_control_status
                0x0000000008008ff0       0x40 Drivers/tinyusb/src/device/usbd_control.o
                0x0000000008008ff0                tud_control_status
 .text._data_stage_xact
                0x0000000008009030       0x74 Drivers/tinyusb/src/device/usbd_control.o
 .text.tud_control_xfer
                0x00000000080090a4       0xd0 Drivers/tinyusb/src/device/usbd_control.o
                0x00000000080090a4                tud_control_xfer
 .text.usbd_control_reset
                0x0000000008009174       0x18 Drivers/tinyusb/src/device/usbd_control.o
                0x0000000008009174                usbd_control_reset
 .text.usbd_control_set_complete_callback
                0x000000000800918c       0x1c Drivers/tinyusb/src/device/usbd_control.o
                0x000000000800918c                usbd_control_set_complete_callback
 .text.usbd_control_set_request
                0x00000000080091a8       0x34 Drivers/tinyusb/src/device/usbd_control.o
                0x00000000080091a8                usbd_control_set_request
 .text.usbd_control_xfer_cb
                0x00000000080091dc      0x160 Drivers/tinyusb/src/device/usbd_control.o
                0x00000000080091dc                usbd_control_xfer_cb
 .text.tu_edpt_dir
                0x000000000800933c       0x1a Drivers/tinyusb/src/portable/st/stm32_fsdev/dcd_stm32_fsdev.o
 .text.tu_edpt_number
                0x0000000008009356       0x1c Drivers/tinyusb/src/portable/st/stm32_fsdev/dcd_stm32_fsdev.o
 .text.tu_edpt_addr
                0x0000000008009372       0x32 Drivers/tinyusb/src/portable/st/stm32_fsdev/dcd_stm32_fsdev.o
 .text.__NVIC_EnableIRQ
                0x00000000080093a4       0x38 Drivers/tinyusb/src/portable/st/stm32_fsdev/dcd_stm32_fsdev.o
 .text.__NVIC_DisableIRQ
                0x00000000080093dc       0x44 Drivers/tinyusb/src/portable/st/stm32_fsdev/dcd_stm32_fsdev.o
 .text.pcd_set_endpoint
                0x0000000008009420       0x28 Drivers/tinyusb/src/portable/st/stm32_fsdev/dcd_stm32_fsdev.o
 .text.pcd_get_endpoint
                0x0000000008009448       0x24 Drivers/tinyusb/src/portable/st/stm32_fsdev/dcd_stm32_fsdev.o
 .text.pcd_set_eptype
                0x000000000800946c       0x48 Drivers/tinyusb/src/portable/st/stm32_fsdev/dcd_stm32_fsdev.o
 .text.pcd_clear_rx_ep_ctr
                0x00000000080094b4       0x32 Drivers/tinyusb/src/portable/st/stm32_fsdev/dcd_stm32_fsdev.o
 .text.pcd_clear_tx_ep_ctr
                0x00000000080094e6       0x32 Drivers/tinyusb/src/portable/st/stm32_fsdev/dcd_stm32_fsdev.o
 .text.pcd_get_ep_rx_cnt
                0x0000000008009518       0x26 Drivers/tinyusb/src/portable/st/stm32_fsdev/dcd_stm32_fsdev.o
 .text.pcd_set_ep_cnt_rx_reg
                0x000000000800953e       0x6a Drivers/tinyusb/src/portable/st/stm32_fsdev/dcd_stm32_fsdev.o
 .text.pcd_set_ep_address
                0x00000000080095a8       0x48 Drivers/tinyusb/src/portable/st/stm32_fsdev/dcd_stm32_fsdev.o
 .text.pcd_btable_word_ptr
                0x00000000080095f0       0x3c Drivers/tinyusb/src/portable/st/stm32_fsdev/dcd_stm32_fsdev.o
 .text.pcd_ep_tx_address_ptr
                0x000000000800962c       0x20 Drivers/tinyusb/src/portable/st/stm32_fsdev/dcd_stm32_fsdev.o
 .text.pcd_ep_tx_cnt_ptr
                0x000000000800964c       0x22 Drivers/tinyusb/src/portable/st/stm32_fsdev/dcd_stm32_fsdev.o
 .text.pcd_ep_rx_address_ptr
                0x000000000800966e       0x22 Drivers/tinyusb/src/portable/st/stm32_fsdev/dcd_stm32_fsdev.o
 .text.pcd_ep_rx_cnt_ptr
                0x0000000008009690       0x22 Drivers/tinyusb/src/portable/st/stm32_fsdev/dcd_stm32_fsdev.o
 .text.pcd_set_ep_tx_cnt
                0x00000000080096b2       0x24 Drivers/tinyusb/src/portable/st/stm32_fsdev/dcd_stm32_fsdev.o
 .text.pcd_set_ep_rx_cnt
                0x00000000080096d6       0x26 Drivers/tinyusb/src/portable/st/stm32_fsdev/dcd_stm32_fsdev.o
 .text.pcd_set_ep_tx_status
                0x00000000080096fc       0x64 Drivers/tinyusb/src/portable/st/stm32_fsdev/dcd_stm32_fsdev.o
 .text.pcd_set_ep_rx_status
                0x0000000008009760       0x64 Drivers/tinyusb/src/portable/st/stm32_fsdev/dcd_stm32_fsdev.o
 .text.pcd_rx_dtog
                0x00000000080097c4       0x3e Drivers/tinyusb/src/portable/st/stm32_fsdev/dcd_stm32_fsdev.o
 .text.pcd_tx_dtog
                0x0000000008009802       0x3e Drivers/tinyusb/src/portable/st/stm32_fsdev/dcd_stm32_fsdev.o
 .text.pcd_clear_rx_dtog
                0x0000000008009840       0x30 Drivers/tinyusb/src/portable/st/stm32_fsdev/dcd_stm32_fsdev.o
 .text.pcd_clear_tx_dtog
                0x0000000008009870       0x30 Drivers/tinyusb/src/portable/st/stm32_fsdev/dcd_stm32_fsdev.o
 .text.pcd_clear_ep_kind
                0x00000000080098a0       0x3e Drivers/tinyusb/src/portable/st/stm32_fsdev/dcd_stm32_fsdev.o
 *fill*         0x00000000080098de        0x2 
 .text.xfer_ctl_ptr
                0x00000000080098e0       0x34 Drivers/tinyusb/src/portable/st/stm32_fsdev/dcd_stm32_fsdev.o
 .text.reg16_clear_bits
                0x0000000008009914       0x30 Drivers/tinyusb/src/portable/st/stm32_fsdev/dcd_stm32_fsdev.o
 .text.dcd_init
                0x0000000008009944       0xe0 Drivers/tinyusb/src/portable/st/stm32_fsdev/dcd_stm32_fsdev.o
                0x0000000008009944                dcd_init
 .text.dcd_int_enable
                0x0000000008009a24       0x2c Drivers/tinyusb/src/portable/st/stm32_fsdev/dcd_stm32_fsdev.o
                0x0000000008009a24                dcd_int_enable
 .text.dcd_int_disable
                0x0000000008009a50       0x24 Drivers/tinyusb/src/portable/st/stm32_fsdev/dcd_stm32_fsdev.o
                0x0000000008009a50                dcd_int_disable
 .text.dcd_set_address
                0x0000000008009a74       0x2e Drivers/tinyusb/src/portable/st/stm32_fsdev/dcd_stm32_fsdev.o
                0x0000000008009a74                dcd_set_address
 .text.dcd_set_config
                0x0000000008009aa2       0x1a Drivers/tinyusb/src/portable/st/stm32_fsdev/dcd_stm32_fsdev.o
                0x0000000008009aa2                dcd_set_config
 .text.dcd_remote_wakeup
                0x0000000008009abc       0x38 Drivers/tinyusb/src/portable/st/stm32_fsdev/dcd_stm32_fsdev.o
                0x0000000008009abc                dcd_remote_wakeup
 .text.dcd_handle_bus_reset
                0x0000000008009af4       0x60 Drivers/tinyusb/src/portable/st/stm32_fsdev/dcd_stm32_fsdev.o
 .text.dcd_ep_ctr_handler
                0x0000000008009b54      0x344 Drivers/tinyusb/src/portable/st/stm32_fsdev/dcd_stm32_fsdev.o
 .text.dcd_fs_irqHandler
                0x0000000008009e98      0x138 Drivers/tinyusb/src/portable/st/stm32_fsdev/dcd_stm32_fsdev.o
 .text.dcd_edpt0_status_complete
                0x0000000008009fd0       0x68 Drivers/tinyusb/src/portable/st/stm32_fsdev/dcd_stm32_fsdev.o
                0x0000000008009fd0                dcd_edpt0_status_complete
 .text.dcd_edpt_open
                0x000000000800a038      0x1bc Drivers/tinyusb/src/portable/st/stm32_fsdev/dcd_stm32_fsdev.o
                0x000000000800a038                dcd_edpt_open
 .text.dcd_transmit_packet
                0x000000000800a1f4       0x80 Drivers/tinyusb/src/portable/st/stm32_fsdev/dcd_stm32_fsdev.o
 .text.dcd_edpt_xfer
                0x000000000800a274       0xbc Drivers/tinyusb/src/portable/st/stm32_fsdev/dcd_stm32_fsdev.o
                0x000000000800a274                dcd_edpt_xfer
 .text.dcd_edpt_stall
                0x000000000800a330       0x44 Drivers/tinyusb/src/portable/st/stm32_fsdev/dcd_stm32_fsdev.o
                0x000000000800a330                dcd_edpt_stall
 .text.dcd_edpt_clear_stall
                0x000000000800a374       0x5c Drivers/tinyusb/src/portable/st/stm32_fsdev/dcd_stm32_fsdev.o
                0x000000000800a374                dcd_edpt_clear_stall
 .text.dcd_write_packet_memory
                0x000000000800a3d0       0x78 Drivers/tinyusb/src/portable/st/stm32_fsdev/dcd_stm32_fsdev.o
 .text.dcd_read_packet_memory
                0x000000000800a448       0x94 Drivers/tinyusb/src/portable/st/stm32_fsdev/dcd_stm32_fsdev.o
 .text.USB_HP_CAN1_TX_IRQHandler
                0x000000000800a4dc        0xc Drivers/tinyusb/src/portable/st/stm32_fsdev/dcd_stm32_fsdev.o
                0x000000000800a4dc                USB_HP_CAN1_TX_IRQHandler
 .text.USB_LP_CAN1_RX0_IRQHandler
                0x000000000800a4e8        0xc Drivers/tinyusb/src/portable/st/stm32_fsdev/dcd_stm32_fsdev.o
                0x000000000800a4e8                USB_LP_CAN1_RX0_IRQHandler
 .text.USBWakeUp_IRQHandler
                0x000000000800a4f4        0xc Drivers/tinyusb/src/portable/st/stm32_fsdev/dcd_stm32_fsdev.o
                0x000000000800a4f4                USBWakeUp_IRQHandler
 .text.tusb_init
                0x000000000800a500       0x50 Drivers/tinyusb/src/tusb.o
                0x000000000800a500                tusb_init
 .text.tusb_inited
                0x000000000800a550       0x14 Drivers/tinyusb/src/tusb.o
                0x000000000800a550                tusb_inited
 .text.__libc_init_array
                0x000000000800a564       0x48 /Applications/STM32CubeIDE.app/Contents/Eclipse/plugins/com.st.stm32cube.ide.mcu.externaltools.gnu-tools-for-stm32.7-2018-q2-update.macos64_1.0.0.201904181610/tools/bin/../lib/gcc/arm-none-eabi/7.3.1/../../../../arm-none-eabi/lib/thumb/v7-m/libc_nano.a(lib_a-init.o)
                0x000000000800a564                __libc_init_array
 .text.memcpy   0x000000000800a5ac       0x16 /Applications/STM32CubeIDE.app/Contents/Eclipse/plugins/com.st.stm32cube.ide.mcu.externaltools.gnu-tools-for-stm32.7-2018-q2-update.macos64_1.0.0.201904181610/tools/bin/../lib/gcc/arm-none-eabi/7.3.1/../../../../arm-none-eabi/lib/thumb/v7-m/libc_nano.a(lib_a-memcpy-stub.o)
                0x000000000800a5ac                memcpy
 .text.memmove  0x000000000800a5c2       0x32 /Applications/STM32CubeIDE.app/Contents/Eclipse/plugins/com.st.stm32cube.ide.mcu.externaltools.gnu-tools-for-stm32.7-2018-q2-update.macos64_1.0.0.201904181610/tools/bin/../lib/gcc/arm-none-eabi/7.3.1/../../../../arm-none-eabi/lib/thumb/v7-m/libc_nano.a(lib_a-memmove.o)
                0x000000000800a5c2                memmove
 .text.memset   0x000000000800a5f4       0x10 /Applications/STM32CubeIDE.app/Contents/Eclipse/plugins/com.st.stm32cube.ide.mcu.externaltools.gnu-tools-for-stm32.7-2018-q2-update.macos64_1.0.0.201904181610/tools/bin/../lib/gcc/arm-none-eabi/7.3.1/../../../../arm-none-eabi/lib/thumb/v7-m/libc_nano.a(lib_a-memset.o)
                0x000000000800a5f4                memset
 *(.glue_7)
 .glue_7        0x000000000800a604        0x0 linker stubs
 *(.glue_7t)
 .glue_7t       0x000000000800a604        0x0 linker stubs
 *(.eh_frame)
 .eh_frame      0x000000000800a604        0x0 /Applications/STM32CubeIDE.app/Contents/Eclipse/plugins/com.st.stm32cube.ide.mcu.externaltools.gnu-tools-for-stm32.7-2018-q2-update.macos64_1.0.0.201904181610/tools/bin/../lib/gcc/arm-none-eabi/7.3.1/thumb/v7-m/crtbegin.o
 *(.init)
 .init          0x000000000800a604        0x4 /Applications/STM32CubeIDE.app/Contents/Eclipse/plugins/com.st.stm32cube.ide.mcu.externaltools.gnu-tools-for-stm32.7-2018-q2-update.macos64_1.0.0.201904181610/tools/bin/../lib/gcc/arm-none-eabi/7.3.1/thumb/v7-m/crti.o
                0x000000000800a604                _init
 .init          0x000000000800a608        0x8 /Applications/STM32CubeIDE.app/Contents/Eclipse/plugins/com.st.stm32cube.ide.mcu.externaltools.gnu-tools-for-stm32.7-2018-q2-update.macos64_1.0.0.201904181610/tools/bin/../lib/gcc/arm-none-eabi/7.3.1/thumb/v7-m/crtn.o
 *(.fini)
 .fini          0x000000000800a610        0x4 /Applications/STM32CubeIDE.app/Contents/Eclipse/plugins/com.st.stm32cube.ide.mcu.externaltools.gnu-tools-for-stm32.7-2018-q2-update.macos64_1.0.0.201904181610/tools/bin/../lib/gcc/arm-none-eabi/7.3.1/thumb/v7-m/crti.o
                0x000000000800a610                _fini
 .fini          0x000000000800a614        0x8 /Applications/STM32CubeIDE.app/Contents/Eclipse/plugins/com.st.stm32cube.ide.mcu.externaltools.gnu-tools-for-stm32.7-2018-q2-update.macos64_1.0.0.201904181610/tools/bin/../lib/gcc/arm-none-eabi/7.3.1/thumb/v7-m/crtn.o
                0x000000000800a61c                . = ALIGN (0x4)
                0x000000000800a61c                _etext = .

.vfp11_veneer   0x000000000800a61c        0x0
 .vfp11_veneer  0x000000000800a61c        0x0 linker stubs

.v4_bx          0x000000000800a61c        0x0
 .v4_bx         0x000000000800a61c        0x0 linker stubs

.iplt           0x000000000800a61c        0x0
 .iplt          0x000000000800a61c        0x0 /Applications/STM32CubeIDE.app/Contents/Eclipse/plugins/com.st.stm32cube.ide.mcu.externaltools.gnu-tools-for-stm32.7-2018-q2-update.macos64_1.0.0.201904181610/tools/bin/../lib/gcc/arm-none-eabi/7.3.1/thumb/v7-m/crtbegin.o

.rodata         0x000000000800a61c      0x2e4
                0x000000000800a61c                . = ALIGN (0x4)
 *(.rodata)
 .rodata        0x000000000800a61c       0x23 Core/Src/main.o
 *fill*         0x000000000800a63f        0x1 
 .rodata        0x000000000800a640       0x15 Core/Src/msc_disk.o
 *fill*         0x000000000800a655        0x3 
 .rodata        0x000000000800a658       0x70 Core/Src/usb_descriptors.o
 .rodata        0x000000000800a6c8       0x12 Drivers/STM32F1xx_HAL_Driver/Src/stm32f1xx_hal_rcc.o
 *(.rodata*)
 *fill*         0x000000000800a6da        0x2 
 .rodata.AHBPrescTable
                0x000000000800a6dc       0x10 Core/Src/system_stm32f1xx.o
                0x000000000800a6dc                AHBPrescTable
 .rodata.APBPrescTable
                0x000000000800a6ec        0x8 Core/Src/system_stm32f1xx.o
                0x000000000800a6ec                APBPrescTable
 .rodata.desc_device
                0x000000000800a6f4       0x12 Core/Src/usb_descriptors.o
                0x000000000800a6f4                desc_device
 *fill*         0x000000000800a706        0x2 
 .rodata.desc_hid_report
                0x000000000800a708       0x90 Core/Src/usb_descriptors.o
                0x000000000800a708                desc_hid_report
 .rodata.desc_configuration
                0x000000000800a798       0xd3 Core/Src/usb_descriptors.o
                0x000000000800a798                desc_configuration
 *fill*         0x000000000800a86b        0x1 
 .rodata.__compound_literal.0
                0x000000000800a86c        0x2 Core/Src/usb_descriptors.o
 *fill*         0x000000000800a86e        0x2 
 .rodata._usbd_driver
                0x000000000800a870       0x80 Drivers/tinyusb/src/device/usbd.o
 .rodata.ep0OUT_desc
                0x000000000800a8f0        0x7 Drivers/tinyusb/src/portable/st/stm32_fsdev/dcd_stm32_fsdev.o
 *fill*         0x000000000800a8f7        0x1 
 .rodata.ep0IN_desc
                0x000000000800a8f8        0x7 Drivers/tinyusb/src/portable/st/stm32_fsdev/dcd_stm32_fsdev.o
                0x000000000800a900                . = ALIGN (0x4)
 *fill*         0x000000000800a8ff        0x1 

.rel.dyn        0x000000000800a900        0x0
 .rel.iplt      0x000000000800a900        0x0 /Applications/STM32CubeIDE.app/Contents/Eclipse/plugins/com.st.stm32cube.ide.mcu.externaltools.gnu-tools-for-stm32.7-2018-q2-update.macos64_1.0.0.201904181610/tools/bin/../lib/gcc/arm-none-eabi/7.3.1/thumb/v7-m/crtbegin.o

.ARM.extab      0x000000000800a900        0x0
                0x000000000800a900                . = ALIGN (0x4)
 *(.ARM.extab* .gnu.linkonce.armextab.*)
                0x000000000800a900                . = ALIGN (0x4)

.ARM            0x000000000800a900        0x0
                0x000000000800a900                . = ALIGN (0x4)
                0x000000000800a900                __exidx_start = .
 *(.ARM.exidx*)
                0x000000000800a900                __exidx_end = .
                0x000000000800a900                . = ALIGN (0x4)

.preinit_array  0x000000000800a900        0x0
                0x000000000800a900                . = ALIGN (0x4)
                0x000000000800a900                PROVIDE (__preinit_array_start = .)
 *(.preinit_array*)
                0x000000000800a900                PROVIDE (__preinit_array_end = .)
                0x000000000800a900                . = ALIGN (0x4)

.init_array     0x000000000800a900        0x4
                0x000000000800a900                . = ALIGN (0x4)
                0x000000000800a900                PROVIDE (__init_array_start = .)
 *(SORT_BY_NAME(.init_array.*))
 *(.init_array*)
 .init_array    0x000000000800a900        0x4 /Applications/STM32CubeIDE.app/Contents/Eclipse/plugins/com.st.stm32cube.ide.mcu.externaltools.gnu-tools-for-stm32.7-2018-q2-update.macos64_1.0.0.201904181610/tools/bin/../lib/gcc/arm-none-eabi/7.3.1/thumb/v7-m/crtbegin.o
                0x000000000800a904                PROVIDE (__init_array_end = .)
                0x000000000800a904                . = ALIGN (0x4)

.fini_array     0x000000000800a904        0x4
                0x000000000800a904                . = ALIGN (0x4)
                [!provide]                        PROVIDE (__fini_array_start = .)
 *(SORT_BY_NAME(.fini_array.*))
 *(.fini_array*)
 .fini_array    0x000000000800a904        0x4 /Applications/STM32CubeIDE.app/Contents/Eclipse/plugins/com.st.stm32cube.ide.mcu.externaltools.gnu-tools-for-stm32.7-2018-q2-update.macos64_1.0.0.201904181610/tools/bin/../lib/gcc/arm-none-eabi/7.3.1/thumb/v7-m/crtbegin.o
                [!provide]                        PROVIDE (__fini_array_end = .)
                0x000000000800a908                . = ALIGN (0x4)
                0x000000000800a908                _sidata = LOADADDR (.data)

.data           0x0000000020000000     0x214c load address 0x000000000800a908
                0x0000000020000000                . = ALIGN (0x4)
                0x0000000020000000                _sdata = .
 *(.data)
 *(.data*)
 .data.config_map
                0x0000000020000000       0x40 Core/Src/i2c_handler.o
                0x0000000020000000                config_map
 .data.first    0x0000000020000040        0x1 Core/Src/i2c_handler.o
                0x0000000020000040                first
 *fill*         0x0000000020000041        0x3 
 .data.bitplane
                0x0000000020000044       0x80 Core/Src/led_driver.o
                0x0000000020000044                bitplane
 .data.blink_interval_ms
                0x00000000200000c4        0x4 Core/Src/main.o
 .data.note_sequence
                0x00000000200000c8       0x40 Core/Src/main.o
                0x00000000200000c8                note_sequence
 .data.msc_disk
                0x0000000020000108     0x2000 Core/Src/msc_disk.o
                0x0000000020000108                msc_disk
 .data.line_select.6570
                0x0000000020002108        0x2 Core/Src/stm32f1xx_it.o
 *fill*         0x000000002000210a        0x2 
 .data.SystemCoreClock
                0x000000002000210c        0x4 Core/Src/system_stm32f1xx.o
                0x000000002000210c                SystemCoreClock
 .data.string_desc_arr
                0x0000000020002110       0x20 Core/Src/usb_descriptors.o
                0x0000000020002110                string_desc_arr
 .data.uwTickPrio
                0x0000000020002130        0x4 Drivers/STM32F1xx_HAL_Driver/Src/stm32f1xx_hal.o
                0x0000000020002130                uwTickPrio
 .data.uwTickFreq
                0x0000000020002134        0x1 Drivers/STM32F1xx_HAL_Driver/Src/stm32f1xx_hal.o
                0x0000000020002134                uwTickFreq
 *fill*         0x0000000020002135        0x3 
 .data._usbd_qdef
                0x0000000020002138       0x14 Drivers/tinyusb/src/device/usbd.o
                0x0000000020002138                _usbd_qdef
                0x000000002000214c                . = ALIGN (0x4)
                0x000000002000214c                _edata = .

.igot.plt       0x000000002000214c        0x0 load address 0x000000000800ca54
 .igot.plt      0x000000002000214c        0x0 /Applications/STM32CubeIDE.app/Contents/Eclipse/plugins/com.st.stm32cube.ide.mcu.externaltools.gnu-tools-for-stm32.7-2018-q2-update.macos64_1.0.0.201904181610/tools/bin/../lib/gcc/arm-none-eabi/7.3.1/thumb/v7-m/crtbegin.o
                0x000000002000214c                . = ALIGN (0x4)

.bss            0x000000002000214c      0xb60 load address 0x000000000800ca54
                0x000000002000214c                _sbss = .
                0x000000002000214c                __bss_start__ = _sbss
 *(.bss)
 .bss           0x000000002000214c       0x1c /Applications/STM32CubeIDE.app/Contents/Eclipse/plugins/com.st.stm32cube.ide.mcu.externaltools.gnu-tools-for-stm32.7-2018-q2-update.macos64_1.0.0.201904181610/tools/bin/../lib/gcc/arm-none-eabi/7.3.1/thumb/v7-m/crtbegin.o
 *(.bss*)
 .bss.lastbutton_tick
                0x0000000020002168        0x4 Core/Src/button_driver.o
                0x0000000020002168                lastbutton_tick
 .bss.button_row
                0x000000002000216c        0x4 Core/Src/button_driver.o
                0x000000002000216c                button_row
 .bss.button_state
                0x0000000020002170        0x4 Core/Src/button_driver.o
                0x0000000020002170                button_state
 .bss.button_state_prev
                0x0000000020002174        0x4 Core/Src/button_driver.o
                0x0000000020002174                button_state_prev
 .bss.pos.6525  0x0000000020002178        0x1 Core/Src/led_driver.o
 *fill*         0x0000000020002179        0x3 
 .bss.note_pos  0x000000002000217c        0x4 Core/Src/main.o
                0x000000002000217c                note_pos
 .bss.start_ms.9686
                0x0000000020002180        0x4 Core/Src/main.o
 .bss.has_key.9689
                0x0000000020002184        0x1 Core/Src/main.o
 *fill*         0x0000000020002185        0x3 
 .bss.start_ms.9708
                0x0000000020002188        0x4 Core/Src/main.o
 .bss.start_ms.9716
                0x000000002000218c        0x4 Core/Src/main.o
 .bss.led_state.9717
                0x0000000020002190        0x1 Core/Src/main.o
 *fill*         0x0000000020002191        0x3 
 .bss._desc_str
                0x0000000020002194       0x40 Core/Src/usb_descriptors.o
 .bss._cdcd_itf
                0x00000000200021d4      0x130 Drivers/tinyusb/src/class/cdc/cdc_device.o
 .bss._hidd_itf
                0x0000000020002304       0x2c Drivers/tinyusb/src/class/hid/hid_device.o
 .bss._mscd_itf
                0x0000000020002330       0x40 Drivers/tinyusb/src/class/msc/msc_device.o
 .bss._mscd_buf
                0x0000000020002370      0x200 Drivers/tinyusb/src/class/msc/msc_device.o
 .bss._usbd_dev
                0x0000000020002570       0x31 Drivers/tinyusb/src/device/usbd.o
 *fill*         0x00000000200025a1        0x3 
 .bss._usbd_q   0x00000000200025a4        0x4 Drivers/tinyusb/src/device/usbd.o
 .bss._ctrl_xfer
                0x00000000200025a8       0x14 Drivers/tinyusb/src/device/usbd_control.o
 .bss._usbd_ctrl_buf
                0x00000000200025bc       0x40 Drivers/tinyusb/src/device/usbd_control.o
 .bss.xfer_status
                0x00000000200025fc       0xc0 Drivers/tinyusb/src/portable/st/stm32_fsdev/dcd_stm32_fsdev.o
 .bss._setup_packet
                0x00000000200026bc       0x18 Drivers/tinyusb/src/portable/st/stm32_fsdev/dcd_stm32_fsdev.o
 .bss.remoteWakeCountdown
                0x00000000200026d4        0x1 Drivers/tinyusb/src/portable/st/stm32_fsdev/dcd_stm32_fsdev.o
 *fill*         0x00000000200026d5        0x1 
 .bss.ep_buf_ptr
                0x00000000200026d6        0x2 Drivers/tinyusb/src/portable/st/stm32_fsdev/dcd_stm32_fsdev.o
 .bss._initialized
                0x00000000200026d8        0x1 Drivers/tinyusb/src/tusb.o
 *(COMMON)
 *fill*         0x00000000200026d9        0x3 
 COMMON         0x00000000200026dc        0x4 Core/Src/button_driver.o
                0x00000000200026dc                i2c_buttonstate
 COMMON         0x00000000200026e0       0x22 Core/Src/i2c_handler.o
                0x00000000200026e0                address
                0x00000000200026e4                i2cbuf
 *fill*         0x0000000020002702        0x2 
 COMMON         0x0000000020002704       0x38 Core/Src/led_driver.o
                0x0000000020002704                outputmap
 COMMON         0x000000002000273c      0x380 Core/Src/main.o
                0x000000002000273c                hi2c1
                0x0000000020002790                huart1
                0x00000000200027d0                htim1
                0x0000000020002810                huart2
                0x0000000020002850                hpcd_USB_FS
 COMMON         0x0000000020002abc        0x4 Drivers/STM32F1xx_HAL_Driver/Src/stm32f1xx_hal.o
                0x0000000020002abc                uwTick
 COMMON         0x0000000020002ac0      0x12c Drivers/tinyusb/src/class/midi/midi_device.o
                0x0000000020002ac0                _midid_itf
 COMMON         0x0000000020002bec       0xc0 Drivers/tinyusb/src/device/usbd.o
                0x0000000020002bec                _usbd_qdef_buf
                0x0000000020002cac                . = ALIGN (0x4)
                0x0000000020002cac                _ebss = .
                0x0000000020002cac                __bss_end__ = _ebss

._user_heap_stack
                0x0000000020002cac      0x604 load address 0x000000000800ca54
                0x0000000020002cb0                . = ALIGN (0x8)
 *fill*         0x0000000020002cac        0x4 
                0x0000000020002cb0                PROVIDE (end = .)
                [!provide]                        PROVIDE (_end = .)
                0x0000000020002eb0                . = (. + _Min_Heap_Size)
 *fill*         0x0000000020002cb0      0x200 
                0x00000000200032b0                . = (. + _Min_Stack_Size)
 *fill*         0x0000000020002eb0      0x400 
                0x00000000200032b0                . = ALIGN (0x8)

/DISCARD/
 libc.a(*)
 libm.a(*)
 libgcc.a(*)

.ARM.attributes
                0x0000000000000000       0x29
 *(.ARM.attributes)
 .ARM.attributes
                0x0000000000000000       0x1d /Applications/STM32CubeIDE.app/Contents/Eclipse/plugins/com.st.stm32cube.ide.mcu.externaltools.gnu-tools-for-stm32.7-2018-q2-update.macos64_1.0.0.201904181610/tools/bin/../lib/gcc/arm-none-eabi/7.3.1/thumb/v7-m/crti.o
 .ARM.attributes
                0x000000000000001d       0x2d /Applications/STM32CubeIDE.app/Contents/Eclipse/plugins/com.st.stm32cube.ide.mcu.externaltools.gnu-tools-for-stm32.7-2018-q2-update.macos64_1.0.0.201904181610/tools/bin/../lib/gcc/arm-none-eabi/7.3.1/thumb/v7-m/crtbegin.o
 .ARM.attributes
                0x000000000000004a       0x33 Core/Src/button_driver.o
 .ARM.attributes
                0x000000000000007d       0x33 Core/Src/i2c_handler.o
 .ARM.attributes
                0x00000000000000b0       0x33 Core/Src/led_driver.o
 .ARM.attributes
                0x00000000000000e3       0x33 Core/Src/main.o
 .ARM.attributes
                0x0000000000000116       0x33 Core/Src/msc_disk.o
 .ARM.attributes
                0x0000000000000149       0x33 Core/Src/stm32f1xx_hal_msp.o
 .ARM.attributes
                0x000000000000017c       0x33 Core/Src/stm32f1xx_it.o
 .ARM.attributes
                0x00000000000001af       0x33 Core/Src/system_stm32f1xx.o
 .ARM.attributes
                0x00000000000001e2       0x33 Core/Src/usb_descriptors.o
 .ARM.attributes
                0x0000000000000215       0x21 Core/Startup/startup_stm32f103c8tx.o
 .ARM.attributes
                0x0000000000000236       0x33 Drivers/STM32F1xx_HAL_Driver/Src/stm32f1xx_hal.o
 .ARM.attributes
                0x0000000000000269       0x33 Drivers/STM32F1xx_HAL_Driver/Src/stm32f1xx_hal_cortex.o
 .ARM.attributes
                0x000000000000029c       0x33 Drivers/STM32F1xx_HAL_Driver/Src/stm32f1xx_hal_dma.o
 .ARM.attributes
                0x00000000000002cf       0x33 Drivers/STM32F1xx_HAL_Driver/Src/stm32f1xx_hal_gpio.o
 .ARM.attributes
                0x0000000000000302       0x33 Drivers/STM32F1xx_HAL_Driver/Src/stm32f1xx_hal_i2c.o
 .ARM.attributes
                0x0000000000000335       0x33 Drivers/STM32F1xx_HAL_Driver/Src/stm32f1xx_hal_pcd.o
 .ARM.attributes
                0x0000000000000368       0x33 Drivers/STM32F1xx_HAL_Driver/Src/stm32f1xx_hal_rcc.o
 .ARM.attributes
                0x000000000000039b       0x33 Drivers/STM32F1xx_HAL_Driver/Src/stm32f1xx_hal_rcc_ex.o
 .ARM.attributes
                0x00000000000003ce       0x33 Drivers/STM32F1xx_HAL_Driver/Src/stm32f1xx_hal_tim.o
 .ARM.attributes
                0x0000000000000401       0x33 Drivers/STM32F1xx_HAL_Driver/Src/stm32f1xx_hal_tim_ex.o
 .ARM.attributes
                0x0000000000000434       0x33 Drivers/STM32F1xx_HAL_Driver/Src/stm32f1xx_hal_uart.o
 .ARM.attributes
                0x0000000000000467       0x33 Drivers/STM32F1xx_HAL_Driver/Src/stm32f1xx_ll_usb.o
 .ARM.attributes
                0x000000000000049a       0x33 Drivers/tinyusb/src/class/cdc/cdc_device.o
 .ARM.attributes
                0x00000000000004cd       0x33 Drivers/tinyusb/src/class/hid/hid_device.o
 .ARM.attributes
                0x0000000000000500       0x33 Drivers/tinyusb/src/class/midi/midi_device.o
 .ARM.attributes
                0x0000000000000533       0x33 Drivers/tinyusb/src/class/msc/msc_device.o
 .ARM.attributes
                0x0000000000000566       0x33 Drivers/tinyusb/src/common/tusb_fifo.o
 .ARM.attributes
                0x0000000000000599       0x33 Drivers/tinyusb/src/device/usbd.o
 .ARM.attributes
                0x00000000000005cc       0x33 Drivers/tinyusb/src/device/usbd_control.o
 .ARM.attributes
                0x00000000000005ff       0x33 Drivers/tinyusb/src/portable/st/stm32_fsdev/dcd_stm32_fsdev.o
 .ARM.attributes
                0x0000000000000632       0x33 Drivers/tinyusb/src/tusb.o
 .ARM.attributes
                0x0000000000000665       0x2d /Applications/STM32CubeIDE.app/Contents/Eclipse/plugins/com.st.stm32cube.ide.mcu.externaltools.gnu-tools-for-stm32.7-2018-q2-update.macos64_1.0.0.201904181610/tools/bin/../lib/gcc/arm-none-eabi/7.3.1/../../../../arm-none-eabi/lib/thumb/v7-m/libc_nano.a(lib_a-init.o)
 .ARM.attributes
                0x0000000000000692       0x2d /Applications/STM32CubeIDE.app/Contents/Eclipse/plugins/com.st.stm32cube.ide.mcu.externaltools.gnu-tools-for-stm32.7-2018-q2-update.macos64_1.0.0.201904181610/tools/bin/../lib/gcc/arm-none-eabi/7.3.1/../../../../arm-none-eabi/lib/thumb/v7-m/libc_nano.a(lib_a-memcpy-stub.o)
 .ARM.attributes
                0x00000000000006bf       0x2d /Applications/STM32CubeIDE.app/Contents/Eclipse/plugins/com.st.stm32cube.ide.mcu.externaltools.gnu-tools-for-stm32.7-2018-q2-update.macos64_1.0.0.201904181610/tools/bin/../lib/gcc/arm-none-eabi/7.3.1/../../../../arm-none-eabi/lib/thumb/v7-m/libc_nano.a(lib_a-memmove.o)
 .ARM.attributes
                0x00000000000006ec       0x2d /Applications/STM32CubeIDE.app/Contents/Eclipse/plugins/com.st.stm32cube.ide.mcu.externaltools.gnu-tools-for-stm32.7-2018-q2-update.macos64_1.0.0.201904181610/tools/bin/../lib/gcc/arm-none-eabi/7.3.1/../../../../arm-none-eabi/lib/thumb/v7-m/libc_nano.a(lib_a-memset.o)
 .ARM.attributes
                0x0000000000000719       0x17 /Applications/STM32CubeIDE.app/Contents/Eclipse/plugins/com.st.stm32cube.ide.mcu.externaltools.gnu-tools-for-stm32.7-2018-q2-update.macos64_1.0.0.201904181610/tools/bin/../lib/gcc/arm-none-eabi/7.3.1/../../../../arm-none-eabi/lib/thumb/v7-m/libc_nano.a(lib_a-strlen.o)
 .ARM.attributes
                0x0000000000000730       0x1d /Applications/STM32CubeIDE.app/Contents/Eclipse/plugins/com.st.stm32cube.ide.mcu.externaltools.gnu-tools-for-stm32.7-2018-q2-update.macos64_1.0.0.201904181610/tools/bin/../lib/gcc/arm-none-eabi/7.3.1/thumb/v7-m/crtn.o
OUTPUT(firmware-STM32.elf elf32-littlearm)

.debug_info     0x0000000000000000    0x1e734
 .debug_info    0x0000000000000000      0x26a Core/Src/button_driver.o
 .debug_info    0x000000000000026a      0x74a Core/Src/i2c_handler.o
 .debug_info    0x00000000000009b4      0x262 Core/Src/led_driver.o
 .debug_info    0x0000000000000c16     0x227d Core/Src/main.o
 .debug_info    0x0000000000002e93      0xcc4 Core/Src/msc_disk.o
 .debug_info    0x0000000000003b57     0x1416 Core/Src/stm32f1xx_hal_msp.o
 .debug_info    0x0000000000004f6d      0x9fc Core/Src/stm32f1xx_it.o
 .debug_info    0x0000000000005969      0x433 Core/Src/system_stm32f1xx.o
 .debug_info    0x0000000000005d9c     0x1307 Core/Src/usb_descriptors.o
 .debug_info    0x00000000000070a3       0x22 Core/Startup/startup_stm32f103c8tx.o
 .debug_info    0x00000000000070c5      0x6fe Drivers/STM32F1xx_HAL_Driver/Src/stm32f1xx_hal.o
 .debug_info    0x00000000000077c3      0xb46 Drivers/STM32F1xx_HAL_Driver/Src/stm32f1xx_hal_cortex.o
 .debug_info    0x0000000000008309      0x7a6 Drivers/STM32F1xx_HAL_Driver/Src/stm32f1xx_hal_dma.o
 .debug_info    0x0000000000008aaf      0x681 Drivers/STM32F1xx_HAL_Driver/Src/stm32f1xx_hal_gpio.o
 .debug_info    0x0000000000009130     0x2457 Drivers/STM32F1xx_HAL_Driver/Src/stm32f1xx_hal_i2c.o
 .debug_info    0x000000000000b587      0xe38 Drivers/STM32F1xx_HAL_Driver/Src/stm32f1xx_hal_pcd.o
 .debug_info    0x000000000000c3bf      0x804 Drivers/STM32F1xx_HAL_Driver/Src/stm32f1xx_hal_rcc.o
 .debug_info    0x000000000000cbc3      0x439 Drivers/STM32F1xx_HAL_Driver/Src/stm32f1xx_hal_rcc_ex.o
 .debug_info    0x000000000000cffc     0x2456 Drivers/STM32F1xx_HAL_Driver/Src/stm32f1xx_hal_tim.o
 .debug_info    0x000000000000f452     0x1104 Drivers/STM32F1xx_HAL_Driver/Src/stm32f1xx_hal_tim_ex.o
 .debug_info    0x0000000000010556     0x11e3 Drivers/STM32F1xx_HAL_Driver/Src/stm32f1xx_hal_uart.o
 .debug_info    0x0000000000011739     0x14f9 Drivers/STM32F1xx_HAL_Driver/Src/stm32f1xx_ll_usb.o
 .debug_info    0x0000000000012c32     0x16a9 Drivers/tinyusb/src/class/cdc/cdc_device.o
 .debug_info    0x00000000000142db     0x13da Drivers/tinyusb/src/class/hid/hid_device.o
 .debug_info    0x00000000000156b5     0x138f Drivers/tinyusb/src/class/midi/midi_device.o
 .debug_info    0x0000000000016a44     0x19ef Drivers/tinyusb/src/class/msc/msc_device.o
 .debug_info    0x0000000000018433      0xc42 Drivers/tinyusb/src/common/tusb_fifo.o
 .debug_info    0x0000000000019075     0x20a1 Drivers/tinyusb/src/device/usbd.o
 .debug_info    0x000000000001b116      0xd68 Drivers/tinyusb/src/device/usbd_control.o
 .debug_info    0x000000000001be7e     0x1f57 Drivers/tinyusb/src/portable/st/stm32_fsdev/dcd_stm32_fsdev.o
 .debug_info    0x000000000001ddd5      0x95f Drivers/tinyusb/src/tusb.o

.debug_abbrev   0x0000000000000000     0x462a
 .debug_abbrev  0x0000000000000000       0xfe Core/Src/button_driver.o
 .debug_abbrev  0x00000000000000fe      0x196 Core/Src/i2c_handler.o
 .debug_abbrev  0x0000000000000294      0x125 Core/Src/led_driver.o
 .debug_abbrev  0x00000000000003b9      0x3bb Core/Src/main.o
 .debug_abbrev  0x0000000000000774      0x235 Core/Src/msc_disk.o
 .debug_abbrev  0x00000000000009a9      0x214 Core/Src/stm32f1xx_hal_msp.o
 .debug_abbrev  0x0000000000000bbd      0x183 Core/Src/stm32f1xx_it.o
 .debug_abbrev  0x0000000000000d40      0x134 Core/Src/system_stm32f1xx.o
 .debug_abbrev  0x0000000000000e74      0x218 Core/Src/usb_descriptors.o
 .debug_abbrev  0x000000000000108c       0x12 Core/Startup/startup_stm32f103c8tx.o
 .debug_abbrev  0x000000000000109e      0x1d8 Drivers/STM32F1xx_HAL_Driver/Src/stm32f1xx_hal.o
 .debug_abbrev  0x0000000000001276      0x2d5 Drivers/STM32F1xx_HAL_Driver/Src/stm32f1xx_hal_cortex.o
 .debug_abbrev  0x000000000000154b      0x1fe Drivers/STM32F1xx_HAL_Driver/Src/stm32f1xx_hal_dma.o
 .debug_abbrev  0x0000000000001749      0x1c0 Drivers/STM32F1xx_HAL_Driver/Src/stm32f1xx_hal_gpio.o
 .debug_abbrev  0x0000000000001909      0x258 Drivers/STM32F1xx_HAL_Driver/Src/stm32f1xx_hal_i2c.o
 .debug_abbrev  0x0000000000001b61      0x263 Drivers/STM32F1xx_HAL_Driver/Src/stm32f1xx_hal_pcd.o
 .debug_abbrev  0x0000000000001dc4      0x243 Drivers/STM32F1xx_HAL_Driver/Src/stm32f1xx_hal_rcc.o
 .debug_abbrev  0x0000000000002007      0x175 Drivers/STM32F1xx_HAL_Driver/Src/stm32f1xx_hal_rcc_ex.o
 .debug_abbrev  0x000000000000217c      0x230 Drivers/STM32F1xx_HAL_Driver/Src/stm32f1xx_hal_tim.o
 .debug_abbrev  0x00000000000023ac      0x21e Drivers/STM32F1xx_HAL_Driver/Src/stm32f1xx_hal_tim_ex.o
 .debug_abbrev  0x00000000000025ca      0x242 Drivers/STM32F1xx_HAL_Driver/Src/stm32f1xx_hal_uart.o
 .debug_abbrev  0x000000000000280c      0x1c5 Drivers/STM32F1xx_HAL_Driver/Src/stm32f1xx_ll_usb.o
 .debug_abbrev  0x00000000000029d1      0x375 Drivers/tinyusb/src/class/cdc/cdc_device.o
 .debug_abbrev  0x0000000000002d46      0x35b Drivers/tinyusb/src/class/hid/hid_device.o
 .debug_abbrev  0x00000000000030a1      0x379 Drivers/tinyusb/src/class/midi/midi_device.o
 .debug_abbrev  0x000000000000341a      0x38e Drivers/tinyusb/src/class/msc/msc_device.o
 .debug_abbrev  0x00000000000037a8      0x24f Drivers/tinyusb/src/common/tusb_fifo.o
 .debug_abbrev  0x00000000000039f7      0x3a3 Drivers/tinyusb/src/device/usbd.o
 .debug_abbrev  0x0000000000003d9a      0x2ad Drivers/tinyusb/src/device/usbd_control.o
 .debug_abbrev  0x0000000000004047      0x429 Drivers/tinyusb/src/portable/st/stm32_fsdev/dcd_stm32_fsdev.o
 .debug_abbrev  0x0000000000004470      0x1ba Drivers/tinyusb/src/tusb.o

.debug_aranges  0x0000000000000000     0x18f8
 .debug_aranges
                0x0000000000000000       0x28 Core/Src/button_driver.o
 .debug_aranges
                0x0000000000000028       0x40 Core/Src/i2c_handler.o
 .debug_aranges
                0x0000000000000068       0x30 Core/Src/led_driver.o
 .debug_aranges
                0x0000000000000098      0x118 Core/Src/main.o
 .debug_aranges
                0x00000000000001b0       0x50 Core/Src/msc_disk.o
 .debug_aranges
                0x0000000000000200       0x60 Core/Src/stm32f1xx_hal_msp.o
 .debug_aranges
                0x0000000000000260       0x80 Core/Src/stm32f1xx_it.o
 .debug_aranges
                0x00000000000002e0       0x28 Core/Src/system_stm32f1xx.o
 .debug_aranges
                0x0000000000000308       0x38 Core/Src/usb_descriptors.o
 .debug_aranges
                0x0000000000000340       0x28 Core/Startup/startup_stm32f103c8tx.o
 .debug_aranges
                0x0000000000000368       0xe0 Drivers/STM32F1xx_HAL_Driver/Src/stm32f1xx_hal.o
 .debug_aranges
                0x0000000000000448      0x100 Drivers/STM32F1xx_HAL_Driver/Src/stm32f1xx_hal_cortex.o
 .debug_aranges
                0x0000000000000548       0x80 Drivers/STM32F1xx_HAL_Driver/Src/stm32f1xx_hal_dma.o
 .debug_aranges
                0x00000000000005c8       0x58 Drivers/STM32F1xx_HAL_Driver/Src/stm32f1xx_hal_gpio.o
 .debug_aranges
                0x0000000000000620      0x290 Drivers/STM32F1xx_HAL_Driver/Src/stm32f1xx_hal_i2c.o
 .debug_aranges
                0x00000000000008b0      0x120 Drivers/STM32F1xx_HAL_Driver/Src/stm32f1xx_hal_pcd.o
 .debug_aranges
                0x00000000000009d0       0x90 Drivers/STM32F1xx_HAL_Driver/Src/stm32f1xx_hal_rcc.o
 .debug_aranges
                0x0000000000000a60       0x30 Drivers/STM32F1xx_HAL_Driver/Src/stm32f1xx_hal_rcc_ex.o
 .debug_aranges
                0x0000000000000a90      0x3a8 Drivers/STM32F1xx_HAL_Driver/Src/stm32f1xx_hal_tim.o
 .debug_aranges
                0x0000000000000e38      0x150 Drivers/STM32F1xx_HAL_Driver/Src/stm32f1xx_hal_tim_ex.o
 .debug_aranges
                0x0000000000000f88      0x1d0 Drivers/STM32F1xx_HAL_Driver/Src/stm32f1xx_hal_uart.o
 .debug_aranges
                0x0000000000001158      0x108 Drivers/STM32F1xx_HAL_Driver/Src/stm32f1xx_ll_usb.o
 .debug_aranges
                0x0000000000001260       0xe8 Drivers/tinyusb/src/class/cdc/cdc_device.o
 .debug_aranges
                0x0000000000001348       0xa8 Drivers/tinyusb/src/class/hid/hid_device.o
 .debug_aranges
                0x00000000000013f0       0xa0 Drivers/tinyusb/src/class/midi/midi_device.o
 .debug_aranges
                0x0000000000001490       0x90 Drivers/tinyusb/src/class/msc/msc_device.o
 .debug_aranges
                0x0000000000001520       0x80 Drivers/tinyusb/src/common/tusb_fifo.o
 .debug_aranges
                0x00000000000015a0      0x128 Drivers/tinyusb/src/device/usbd.o
 .debug_aranges
                0x00000000000016c8       0x68 Drivers/tinyusb/src/device/usbd_control.o
 .debug_aranges
                0x0000000000001730      0x1a0 Drivers/tinyusb/src/portable/st/stm32_fsdev/dcd_stm32_fsdev.o
 .debug_aranges
                0x00000000000018d0       0x28 Drivers/tinyusb/src/tusb.o

.debug_ranges   0x0000000000000000     0x17b0
 .debug_ranges  0x0000000000000000       0x18 Core/Src/button_driver.o
 .debug_ranges  0x0000000000000018       0x30 Core/Src/i2c_handler.o
 .debug_ranges  0x0000000000000048       0x20 Core/Src/led_driver.o
 .debug_ranges  0x0000000000000068      0x108 Core/Src/main.o
 .debug_ranges  0x0000000000000170       0x40 Core/Src/msc_disk.o
 .debug_ranges  0x00000000000001b0       0x50 Core/Src/stm32f1xx_hal_msp.o
 .debug_ranges  0x0000000000000200       0x70 Core/Src/stm32f1xx_it.o
 .debug_ranges  0x0000000000000270       0x18 Core/Src/system_stm32f1xx.o
 .debug_ranges  0x0000000000000288       0x28 Core/Src/usb_descriptors.o
 .debug_ranges  0x00000000000002b0       0x20 Core/Startup/startup_stm32f103c8tx.o
 .debug_ranges  0x00000000000002d0       0xd0 Drivers/STM32F1xx_HAL_Driver/Src/stm32f1xx_hal.o
 .debug_ranges  0x00000000000003a0       0xf0 Drivers/STM32F1xx_HAL_Driver/Src/stm32f1xx_hal_cortex.o
 .debug_ranges  0x0000000000000490       0x70 Drivers/STM32F1xx_HAL_Driver/Src/stm32f1xx_hal_dma.o
 .debug_ranges  0x0000000000000500       0x48 Drivers/STM32F1xx_HAL_Driver/Src/stm32f1xx_hal_gpio.o
 .debug_ranges  0x0000000000000548      0x2a0 Drivers/STM32F1xx_HAL_Driver/Src/stm32f1xx_hal_i2c.o